11-15 09:55:56.925 19266 19266 I tensorflow: CameraConnectionFragment: Adding size: 2048x1536
11-15 09:55:56.925 19266 19266 I tensorflow: CameraConnectionFragment: Adding size: 1920x1080
11-15 09:55:56.925 19266 19266 I tensorflow: CameraConnectionFragment: Adding size: 1600x1200
11-15 09:55:56.925 19266 19266 I tensorflow: CameraConnectionFragment: Adding size: 1280x960
11-15 09:55:56.925 19266 19266 I tensorflow: CameraConnectionFragment: Adding size: 1280x768
11-15 09:55:56.925 19266 19266 I tensorflow: CameraConnectionFragment: Adding size: 1280x720
11-15 09:55:56.925 19266 19266 I tensorflow: CameraConnectionFragment: Adding size: 1024x768
11-15 09:55:56.925 19266 19266 I tensorflow: CameraConnectionFragment: Adding size: 800x600
11-15 09:55:56.925 19266 19266 I tensorflow: CameraConnectionFragment: Adding size: 800x480
11-15 09:55:56.925 19266 19266 I tensorflow: CameraConnectionFragment: Adding size: 720x480
11-15 09:55:56.925 19266 19266 I tensorflow: CameraConnectionFragment: Adding size: 640x480
11-15 09:55:56.925 19266 19266 I tensorflow: CameraConnectionFragment: Not adding size: 352x288
11-15 09:55:56.925 19266 19266 I tensorflow: CameraConnectionFragment: Not adding size: 320x240
11-15 09:55:56.925 19266 19266 I tensorflow: CameraConnectionFragment: Not adding size: 176x144
11-15 09:55:56.925 19266 19266 I tensorflow: CameraConnectionFragment: Chosen size: 640x480
11-15 09:55:56.977  5921  5921 E mm-camera: Failed to open sensor1 port
11-15 09:55:57.014  2202  2210 E ANDR-PERF-LOCK: Failed to apply optimization for resource: 4 level: 0
11-15 09:55:57.022 19266 19312 I tensorflow: CameraConnectionFragment: Opening camera preview: 640x480
11-15 09:55:57.063   197  6909 E mm-camera-intf: mm_stream_get_v4l2_fmt: Unknown fmt=78
11-15 09:55:57.064  5921 19320 E mm-camera: mct_pipeline_get_stream: stream not found in the list
11-15 09:55:57.067 19266 19312 I tensorflow: CameraConnectionFragment: Getting assets.
11-15 09:55:57.069 19266 19312 I tensorflow: CameraConnectionFragment: TensorFlow initialized.
11-15 09:55:57.076  5921 19320 E mm-camera: cpp_module_notify_add_stream:1294 failed: invalid stream type 5
11-15 09:55:57.501  5921 19320 E mm-camera-img: Face Album FILE EXISTS
11-15 09:55:57.637  5921 19320 E mm-camera: cpp_module_process_downstream_event:1067, Update buf queue: APPEND
11-15 09:55:57.637  5921 19320 E mm-camera: port_isp_mct_ctrl_cmd: error in isp_update_buf_info, identity = 0x10002
11-15 09:55:57.637  5921 19320 E mm-camera: port_ispif_proc_mct_ctrl_cmd: forward_event error
11-15 09:55:57.637  5921 19320 E mm-camera-sensor: port_sensor_port_process_event:1520 failed
11-15 09:55:57.637  5921 19320 E mm-camera-sensor: module_sensor_module_process_event:2335 failed
11-15 09:55:57.638  5921 19320 E mm-camera: cpp_module_process_downstream_event:1067, Update buf queue: APPEND
11-15 09:55:57.638  5921 19320 E mm-camera: port_isp_mct_ctrl_cmd: error in isp_update_buf_info, identity = 0x10003
11-15 09:55:57.638  5921 19320 E mm-camera: port_ispif_proc_mct_ctrl_cmd: forward_event error
11-15 09:55:57.638  5921 19320 E mm-camera-sensor: port_sensor_port_process_event:1520 failed
11-15 09:55:57.639  5921 19320 E mm-camera-sensor: module_sensor_module_process_event:2335 failed
11-15 09:55:57.644  5921 19320 E mm-camera: cpp_module_process_downstream_event:1067, Update buf queue: APPEND
11-15 09:55:57.644  5921 19320 E mm-camera: port_isp_mct_ctrl_cmd: error in isp_update_buf_info, identity = 0x10002
11-15 09:55:57.644  5921 19320 E mm-camera: port_ispif_proc_mct_ctrl_cmd: forward_event error
11-15 09:55:57.644  5921 19320 E mm-camera-sensor: port_sensor_port_process_event:1520 failed
11-15 09:55:57.644  5921 19320 E mm-camera-sensor: module_sensor_module_process_event:2335 failed
11-15 09:55:57.645  5921 19320 E mm-camera: cpp_module_process_downstream_event:1067, Update buf queue: APPEND
11-15 09:55:57.645  5921 19320 E mm-camera: port_isp_mct_ctrl_cmd: error in isp_update_buf_info, identity = 0x10003
11-15 09:55:57.645  5921 19320 E mm-camera: port_ispif_proc_mct_ctrl_cmd: forward_event error
11-15 09:55:57.645  5921 19320 E mm-camera-sensor: port_sensor_port_process_event:1520 failed
11-15 09:55:57.645  5921 19320 E mm-camera-sensor: module_sensor_module_process_event:2335 failed
11-15 09:55:57.651  5921 19320 E mm-camera: cpp_module_process_downstream_event:1067, Update buf queue: APPEND
11-15 09:55:57.651  5921 19320 E mm-camera: port_isp_mct_ctrl_cmd: error in isp_update_buf_info, identity = 0x10002
11-15 09:55:57.651  5921 19320 E mm-camera: port_ispif_proc_mct_ctrl_cmd: forward_event error
11-15 09:55:57.651  5921 19320 E mm-camera-sensor: port_sensor_port_process_event:1520 failed
11-15 09:55:57.651  5921 19320 E mm-camera-sensor: module_sensor_module_process_event:2335 failed
11-15 09:55:57.651  5921 19320 E mm-camera: cpp_module_process_downstream_event:1067, Update buf queue: APPEND
11-15 09:55:57.652  5921 19320 E mm-camera: port_isp_mct_ctrl_cmd: error in isp_update_buf_info, identity = 0x10003
11-15 09:55:57.652  5921 19320 E mm-camera: port_ispif_proc_mct_ctrl_cmd: forward_event error
11-15 09:55:57.652  5921 19320 E mm-camera-sensor: port_sensor_port_process_event:1520 failed
11-15 09:55:57.652  5921 19320 E mm-camera-sensor: module_sensor_module_process_event:2335 failed
11-15 09:55:57.655  5921 19320 E mm-camera: cpp_module_process_downstream_event:1067, Update buf queue: APPEND
11-15 09:55:57.655  5921 19320 E mm-camera: port_isp_mct_ctrl_cmd: error in isp_update_buf_info, identity = 0x10002
11-15 09:55:57.655  5921 19320 E mm-camera: port_ispif_proc_mct_ctrl_cmd: forward_event error
11-15 09:55:57.655  5921 19320 E mm-camera-sensor: port_sensor_port_process_event:1520 failed
11-15 09:55:57.655  5921 19320 E mm-camera-sensor: module_sensor_module_process_event:2335 failed
11-15 09:55:57.656  5921 19320 E mm-camera: cpp_module_process_downstream_event:1067, Update buf queue: APPEND
11-15 09:55:57.656  5921 19320 E mm-camera: port_isp_mct_ctrl_cmd: error in isp_update_buf_info, identity = 0x10003
11-15 09:55:57.656  5921 19320 E mm-camera: port_ispif_proc_mct_ctrl_cmd: forward_event error
11-15 09:55:57.656  5921 19320 E mm-camera-sensor: port_sensor_port_process_event:1520 failed
11-15 09:55:57.656  5921 19320 E mm-camera-sensor: module_sensor_module_process_event:2335 failed
11-15 09:55:57.760  5921 19317 E mm-camera: module_faceproc_port_event_func:886] MCT_EVENT_MODULE_BUF_DIVERT 65539, Cannot start FD, active 10002, frameid 4 0, native 1, mapped 1 1
11-15 09:55:57.769 19266 19312 I tensorflow: TensorFlowImageListener: Initializing at size 640x480
11-15 09:55:57.770  5921 19320 E mm-camera: cpp_module_process_downstream_event:1067, Update buf queue: APPEND
11-15 09:55:57.770  5921 19320 E mm-camera: port_isp_mct_ctrl_cmd: error in isp_update_buf_info, identity = 0x10002
11-15 09:55:57.770  5921 19320 E mm-camera: port_ispif_proc_mct_ctrl_cmd: forward_event error
11-15 09:55:57.770  5921 19320 E mm-camera-sensor: port_sensor_port_process_event:1520 failed
11-15 09:55:57.770  5921 19320 E mm-camera-sensor: module_sensor_module_process_event:2335 failed
11-15 09:55:57.771  5921 19320 E mm-camera: cpp_module_process_downstream_event:1067, Update buf queue: APPEND
11-15 09:55:57.771  5921 19320 E mm-camera: port_isp_mct_ctrl_cmd: error in isp_update_buf_info, identity = 0x10003
11-15 09:55:57.771  5921 19320 E mm-camera: port_ispif_proc_mct_ctrl_cmd: forward_event error
11-15 09:55:57.771  5921 19320 E mm-camera-sensor: port_sensor_port_process_event:1520 failed
11-15 09:55:57.771  5921 19320 E mm-camera-sensor: module_sensor_module_process_event:2335 failed
11-15 09:55:57.792 19266 19312 I tensorflow: ImageUtils: Saving Mat 48x48 bitmap to /storage/emulated/0/tensorflow.
11-15 09:55:57.793 19266 19312 I tensorflow: ImageUtils: Make dir failed
11-15 09:55:57.793  5921 19317 E mm-camera: module_faceproc_port_event_func:886] MCT_EVENT_MODULE_BUF_DIVERT 65539, Cannot start FD, active 10002, frameid 5 4, native 1, mapped 1 1
11-15 09:55:57.807 19266 19312 I tensorflow: ImageUtils: Saving 48x48 bitmap to /storage/emulated/0/tensorflow.
11-15 09:55:57.807  5921 19320 E mm-camera: cpp_module_process_downstream_event:1067, Update buf queue: APPEND
11-15 09:55:57.807  5921 19320 E mm-camera: port_isp_mct_ctrl_cmd: error in isp_update_buf_info, identity = 0x10003
11-15 09:55:57.807  5921 19320 E mm-camera: port_ispif_proc_mct_ctrl_cmd: forward_event error
11-15 09:55:57.807  5921 19320 E mm-camera-sensor: port_sensor_port_process_event:1520 failed
11-15 09:55:57.807  5921 19320 E mm-camera-sensor: module_sensor_module_process_event:2335 failed
11-15 09:55:57.807 19266 19312 I tensorflow: ImageUtils: Make dir failed
11-15 09:55:57.813 19266 19313 I native  : tensorflow_inference_jni.cc:87 Found session variables for 71342b6685d2481a
11-15 09:55:57.814 19266 19313 I native  : tensorflow_inference_jni.cc:87 Found session variables for 71342b6685d2481a
11-15 09:55:57.814 19266 19313 I native  : tensorflow_inference_jni.cc:197 End computing. Ran in 0ms (0ms avg over 1 runs)
11-15 09:55:57.814 19266 19313 E native  : tensorflow_inference_jni.cc:202 Error during inference: Invalid argument: Session was not created with a graph before Run()!
11-15 09:55:57.814 19266 19313 I native  : tensorflow_inference_jni.cc:87 Found session variables for 71342b6685d2481a
11-15 09:55:57.814 19266 19313 I native  : tensorflow_inference_jni.cc:87 Found session variables for 71342b6685d2481a
11-15 09:55:57.814 19266 19313 E native  : tensorflow_inference_jni.cc:159 Output [output/Softmax:0] not found, aborting!
11-15 09:55:57.827  5921 19317 E mm-camera: module_faceproc_port_event_func:886] MCT_EVENT_MODULE_BUF_DIVERT 65539, Cannot start FD, active 10002, frameid 6 5, native 1, mapped 1 1
11-15 09:55:57.837 19266 19312 I tensorflow: ImageUtils: Saving Mat 48x48 bitmap to /storage/emulated/0/tensorflow.
11-15 09:55:57.838 19266 19312 I tensorflow: ImageUtils: Make dir failed
11-15 09:55:57.841 19266 19312 I tensorflow: ImageUtils: Saving 48x48 bitmap to /storage/emulated/0/tensorflow.
11-15 09:55:57.841 19266 19312 I tensorflow: ImageUtils: Make dir failed
11-15 09:55:57.847 19266 19313 I native  : tensorflow_inference_jni.cc:87 Found session variables for 71342b6685d2481a
11-15 09:55:57.847 19266 19313 I native  : tensorflow_inference_jni.cc:87 Found session variables for 71342b6685d2481a
11-15 09:55:57.847 19266 19313 I native  : tensorflow_inference_jni.cc:197 End computing. Ran in 0ms (0ms avg over 2 runs)
11-15 09:55:57.847 19266 19313 E native  : tensorflow_inference_jni.cc:202 Error during inference: Invalid argument: Session was not created with a graph before Run()!
11-15 09:55:57.847 19266 19313 I native  : tensorflow_inference_jni.cc:87 Found session variables for 71342b6685d2481a
11-15 09:55:57.847 19266 19313 I native  : tensorflow_inference_jni.cc:87 Found session variables for 71342b6685d2481a
11-15 09:55:57.847 19266 19313 E native  : tensorflow_inference_jni.cc:159 Output [output/Softmax:0] not found, aborting!
11-15 09:55:57.861  5921 19317 E mm-camera: module_faceproc_port_event_func:886] MCT_EVENT_MODULE_BUF_DIVERT 65539, Cannot start FD, active 10002, frameid 7 6, native 1, mapped 1 1
11-15 09:55:57.880 19266 19312 I tensorflow: ImageUtils: Saving Mat 48x48 bitmap to /storage/emulated/0/tensorflow.
11-15 09:55:57.880 19266 19312 I tensorflow: ImageUtils: Make dir failed
11-15 09:55:57.885 19266 19312 I tensorflow: ImageUtils: Saving 48x48 bitmap to /storage/emulated/0/tensorflow.
11-15 09:55:57.885 19266 19312 I tensorflow: ImageUtils: Make dir failed
11-15 09:55:57.890 19266 19313 I native  : tensorflow_inference_jni.cc:87 Found session variables for 71342b6685d2481a
11-15 09:55:57.891 19266 19313 I native  : tensorflow_inference_jni.cc:87 Found session variables for 71342b6685d2481a
11-15 09:55:57.891 19266 19313 I native  : tensorflow_inference_jni.cc:197 End computing. Ran in 0ms (0ms avg over 3 runs)
11-15 09:55:57.891 19266 19313 E native  : tensorflow_inference_jni.cc:202 Error during inference: Invalid argument: Session was not created with a graph before Run()!
11-15 09:55:57.891 19266 19313 I native  : tensorflow_inference_jni.cc:87 Found session variables for 71342b6685d2481a
11-15 09:55:57.891 19266 19313 I native  : tensorflow_inference_jni.cc:87 Found session variables for 71342b6685d2481a
11-15 09:55:57.891 19266 19313 E native  : tensorflow_inference_jni.cc:159 Output [output/Softmax:0] not found, aborting!
11-15 09:55:57.894  5921 19317 E mm-camera: module_faceproc_port_event_func:886] MCT_EVENT_MODULE_BUF_DIVERT 65539, Cannot start FD, active 10002, frameid 8 7, native 1, mapped 1 1
11-15 09:55:57.927 19266 19312 I tensorflow: ImageUtils: Saving Mat 48x48 bitmap to /storage/emulated/0/tensorflow.
11-15 09:55:57.927 19266 19312 I tensorflow: ImageUtils: Make dir failed
11-15 09:55:57.928  5921 19317 E mm-camera: module_faceproc_port_event_func:886] MCT_EVENT_MODULE_BUF_DIVERT 65539, Cannot start FD, active 10002, frameid 9 8, native 1, mapped 1 1
11-15 09:55:57.934 19266 19312 I tensorflow: ImageUtils: Saving 48x48 bitmap to /storage/emulated/0/tensorflow.
11-15 09:55:57.935 19266 19312 I tensorflow: ImageUtils: Make dir failed
11-15 09:55:57.941 19266 19313 I native  : tensorflow_inference_jni.cc:87 Found session variables for 71342b6685d2481a
11-15 09:55:57.941 19266 19313 I native  : tensorflow_inference_jni.cc:87 Found session variables for 71342b6685d2481a
11-15 09:55:57.941 19266 19313 I native  : tensorflow_inference_jni.cc:197 End computing. Ran in 0ms (0ms avg over 4 runs)
11-15 09:55:57.941 19266 19313 E native  : tensorflow_inference_jni.cc:202 Error during inference: Invalid argument: Session was not created with a graph before Run()!
11-15 09:55:57.941 19266 19313 I native  : tensorflow_inference_jni.cc:87 Found session variables for 71342b6685d2481a
11-15 09:55:57.941 19266 19313 I native  : tensorflow_inference_jni.cc:87 Found session variables for 71342b6685d2481a
11-15 09:55:57.941 19266 19313 E native  : tensorflow_inference_jni.cc:159 Output [output/Softmax:0] not found, aborting!
11-15 09:55:57.955 19266 19312 I tensorflow: ImageUtils: Saving Mat 48x48 bitmap to /storage/emulated/0/tensorflow.
11-15 09:55:57.955 19266 19312 I tensorflow: ImageUtils: Make dir failed
11-15 09:55:57.959 19266 19312 I tensorflow: ImageUtils: Saving 48x48 bitmap to /storage/emulated/0/tensorflow.
11-15 09:55:57.959 19266 19312 I tensorflow: ImageUtils: Make dir failed
11-15 09:55:57.961  5921 19317 E mm-camera: module_faceproc_port_event_func:886] MCT_EVENT_MODULE_BUF_DIVERT 65539, Cannot start FD, active 10002, frameid 10 9, native 1, mapped 1 1
11-15 09:55:57.972 19266 19313 I native  : tensorflow_inference_jni.cc:87 Found session variables for 71342b6685d2481a
11-15 09:55:57.972 19266 19313 I native  : tensorflow_inference_jni.cc:87 Found session variables for 71342b6685d2481a
11-15 09:55:57.972 19266 19313 I native  : tensorflow_inference_jni.cc:197 End computing. Ran in 0ms (0ms avg over 5 runs)
11-15 09:55:57.972 19266 19313 E native  : tensorflow_inference_jni.cc:202 Error during inference: Invalid argument: Session was not created with a graph before Run()!
11-15 09:55:57.973 19266 19313 I native  : tensorflow_inference_jni.cc:87 Found session variables for 71342b6685d2481a
11-15 09:55:57.973 19266 19313 I native  : tensorflow_inference_jni.cc:87 Found session variables for 71342b6685d2481a
11-15 09:55:57.973 19266 19313 E native  : tensorflow_inference_jni.cc:159 Output [output/Softmax:0] not found, aborting!
11-15 09:55:57.993 19266 19312 I tensorflow: ImageUtils: Saving Mat 48x48 bitmap to /storage/emulated/0/tensorflow.
11-15 09:55:57.993 19266 19312 I tensorflow: ImageUtils: Make dir failed
11-15 09:55:57.995  5921 19317 E mm-camera: module_faceproc_port_event_func:886] MCT_EVENT_MODULE_BUF_DIVERT 65539, Cannot start FD, active 10002, frameid 11 10, native 1, mapped 1 1
11-15 09:55:58.003 19266 19312 I tensorflow: ImageUtils: Saving 48x48 bitmap to /storage/emulated/0/tensorflow.
11-15 09:55:58.003 19266 19312 I tensorflow: ImageUtils: Make dir failed
11-15 09:55:58.011 19266 19313 I native  : tensorflow_inference_jni.cc:87 Found session variables for 71342b6685d2481a
11-15 09:55:58.011 19266 19313 I native  : tensorflow_inference_jni.cc:87 Found session variables for 71342b6685d2481a
11-15 09:55:58.011 19266 19313 I native  : tensorflow_inference_jni.cc:197 End computing. Ran in 0ms (0ms avg over 6 runs)
11-15 09:55:58.011 19266 19313 E native  : tensorflow_inference_jni.cc:202 Error during inference: Invalid argument: Session was not created with a graph before Run()!
11-15 09:55:58.012 19266 19313 I native  : tensorflow_inference_jni.cc:87 Found session variables for 71342b6685d2481a
11-15 09:55:58.012 19266 19313 I native  : tensorflow_inference_jni.cc:87 Found session variables for 71342b6685d2481a
11-15 09:55:58.012 19266 19313 E native  : tensorflow_inference_jni.cc:159 Output [output/Softmax:0] not found, aborting!
11-15 09:55:58.024 19266 19312 I tensorflow: ImageUtils: Saving Mat 48x48 bitmap to /storage/emulated/0/tensorflow.
11-15 09:55:58.024 19266 19312 I tensorflow: ImageUtils: Make dir failed
11-15 09:55:58.028 19266 19312 I tensorflow: ImageUtils: Saving 48x48 bitmap to /storage/emulated/0/tensorflow.
11-15 09:55:58.028  5921 19317 E mm-camera: module_faceproc_port_event_func:886] MCT_EVENT_MODULE_BUF_DIVERT 65539, Cannot start FD, active 10002, frameid 12 11, native 1, mapped 1 1
11-15 09:55:58.029 19266 19312 I tensorflow: ImageUtils: Make dir failed
11-15 09:55:58.037 19266 19313 I native  : tensorflow_inference_jni.cc:87 Found session variables for 71342b6685d2481a
11-15 09:55:58.037 19266 19313 I native  : tensorflow_inference_jni.cc:87 Found session variables for 71342b6685d2481a
11-15 09:55:58.037 19266 19313 I native  : tensorflow_inference_jni.cc:197 End computing. Ran in 0ms (0ms avg over 7 runs)
11-15 09:55:58.037 19266 19313 E native  : tensorflow_inference_jni.cc:202 Error during inference: Invalid argument: Session was not created with a graph before Run()!
11-15 09:55:58.037 19266 19313 I native  : tensorflow_inference_jni.cc:87 Found session variables for 71342b6685d2481a
11-15 09:55:58.037 19266 19313 I native  : tensorflow_inference_jni.cc:87 Found session variables for 71342b6685d2481a
11-15 09:55:58.037 19266 19313 E native  : tensorflow_inference_jni.cc:159 Output [output/Softmax:0] not found, aborting!
11-15 09:55:58.050 19266 19312 I tensorflow: ImageUtils: Saving Mat 48x48 bitmap to /storage/emulated/0/tensorflow.
11-15 09:55:58.050 19266 19312 I tensorflow: ImageUtils: Make dir failed
11-15 09:55:58.056 19266 19312 I tensorflow: ImageUtils: Saving 48x48 bitmap to /storage/emulated/0/tensorflow.
11-15 09:55:58.056 19266 19312 I tensorflow: ImageUtils: Make dir failed
11-15 09:55:58.062  5921 19317 E mm-camera: module_faceproc_port_event_func:886] MCT_EVENT_MODULE_BUF_DIVERT 65539, Cannot start FD, active 10002, frameid 13 12, native 1, mapped 1 1
11-15 09:55:58.065 19266 19313 I native  : tensorflow_inference_jni.cc:87 Found session variables for 71342b6685d2481a
11-15 09:55:58.065 19266 19313 I native  : tensorflow_inference_jni.cc:87 Found session variables for 71342b6685d2481a
11-15 09:55:58.065 19266 19313 I native  : tensorflow_inference_jni.cc:197 End computing. Ran in 0ms (0ms avg over 8 runs)
11-15 09:55:58.065 19266 19313 E native  : tensorflow_inference_jni.cc:202 Error during inference: Invalid argument: Session was not created with a graph before Run()!
11-15 09:55:58.066 19266 19313 I native  : tensorflow_inference_jni.cc:87 Found session variables for 71342b6685d2481a
11-15 09:55:58.066 19266 19313 I native  : tensorflow_inference_jni.cc:87 Found session variables for 71342b6685d2481a
11-15 09:55:58.066 19266 19313 E native  : tensorflow_inference_jni.cc:159 Output [output/Softmax:0] not found, aborting!
11-15 09:55:58.091 19266 19312 I tensorflow: ImageUtils: Saving Mat 48x48 bitmap to /storage/emulated/0/tensorflow.
11-15 09:55:58.091 19266 19312 I tensorflow: ImageUtils: Make dir failed
11-15 09:55:58.096  5921 19317 E mm-camera: module_faceproc_port_event_func:886] MCT_EVENT_MODULE_BUF_DIVERT 65539, Cannot start FD, active 10002, frameid 14 13, native 1, mapped 1 1
11-15 09:55:58.099 19266 19312 I tensorflow: ImageUtils: Saving 48x48 bitmap to /storage/emulated/0/tensorflow.
11-15 09:55:58.099 19266 19312 I tensorflow: ImageUtils: Make dir failed
11-15 09:55:58.105 19266 19313 I native  : tensorflow_inference_jni.cc:87 Found session variables for 71342b6685d2481a
11-15 09:55:58.105 19266 19313 I native  : tensorflow_inference_jni.cc:87 Found session variables for 71342b6685d2481a
11-15 09:55:58.105 19266 19313 I native  : tensorflow_inference_jni.cc:197 End computing. Ran in 0ms (0ms avg over 9 runs)
11-15 09:55:58.105 19266 19313 E native  : tensorflow_inference_jni.cc:202 Error during inference: Invalid argument: Session was not created with a graph before Run()!
11-15 09:55:58.105 19266 19313 I native  : tensorflow_inference_jni.cc:87 Found session variables for 71342b6685d2481a
11-15 09:55:58.105 19266 19313 I native  : tensorflow_inference_jni.cc:87 Found session variables for 71342b6685d2481a
11-15 09:55:58.105 19266 19313 E native  : tensorflow_inference_jni.cc:159 Output [output/Softmax:0] not found, aborting!
11-15 09:55:58.115 19266 19312 I tensorflow: ImageUtils: Saving Mat 48x48 bitmap to /storage/emulated/0/tensorflow.
11-15 09:55:58.115 19266 19312 I tensorflow: ImageUtils: Make dir failed
11-15 09:55:58.119 19266 19312 I tensorflow: ImageUtils: Saving 48x48 bitmap to /storage/emulated/0/tensorflow.
11-15 09:55:58.119 19266 19312 I tensorflow: ImageUtils: Make dir failed
11-15 09:55:58.124 19266 19313 I native  : tensorflow_inference_jni.cc:87 Found session variables for 71342b6685d2481a
11-15 09:55:58.124 19266 19313 I native  : tensorflow_inference_jni.cc:87 Found session variables for 71342b6685d2481a
11-15 09:55:58.124 19266 19313 I native  : tensorflow_inference_jni.cc:197 End computing. Ran in 0ms (0ms avg over 10 runs)
11-15 09:55:58.124 19266 19313 E native  : tensorflow_inference_jni.cc:202 Error during inference: Invalid argument: Session was not created with a graph before Run()!
11-15 09:55:58.124 19266 19313 I native  : tensorflow_inference_jni.cc:87 Found session variables for 71342b6685d2481a
11-15 09:55:58.124 19266 19313 I native  : tensorflow_inference_jni.cc:87 Found session variables for 71342b6685d2481a
11-15 09:55:58.124 19266 19313 E native  : tensorflow_inference_jni.cc:159 Output [output/Softmax:0] not found, aborting!
11-15 09:55:58.129  5921 19317 E mm-camera: module_faceproc_port_event_func:886] MCT_EVENT_MODULE_BUF_DIVERT 65539, Cannot start FD, active 10002, frameid 15 14, native 1, mapped 1 1
11-15 09:55:58.148 19266 19312 I tensorflow: ImageUtils: Saving Mat 48x48 bitmap to /storage/emulated/0/tensorflow.
11-15 09:55:58.148 19266 19312 I tensorflow: ImageUtils: Make dir failed
11-15 09:55:58.152 19266 19312 I tensorflow: ImageUtils: Saving 48x48 bitmap to /storage/emulated/0/tensorflow.
11-15 09:55:58.152 19266 19312 I tensorflow: ImageUtils: Make dir failed
11-15 09:55:58.157 19266 19313 I native  : tensorflow_inference_jni.cc:87 Found session variables for 71342b6685d2481a
11-15 09:55:58.157 19266 19313 I native  : tensorflow_inference_jni.cc:87 Found session variables for 71342b6685d2481a
11-15 09:55:58.157 19266 19313 I native  : tensorflow_inference_jni.cc:197 End computing. Ran in 0ms (0ms avg over 11 runs)
11-15 09:55:58.157 19266 19313 E native  : tensorflow_inference_jni.cc:202 Error during inference: Invalid argument: Session was not created with a graph before Run()!
11-15 09:55:58.157 19266 19313 I native  : tensorflow_inference_jni.cc:87 Found session variables for 71342b6685d2481a
11-15 09:55:58.157 19266 19313 I native  : tensorflow_inference_jni.cc:87 Found session variables for 71342b6685d2481a
11-15 09:55:58.157 19266 19313 E native  : tensorflow_inference_jni.cc:159 Output [output/Softmax:0] not found, aborting!
11-15 09:55:58.163  5921 19317 E mm-camera: module_faceproc_port_event_func:886] MCT_EVENT_MODULE_BUF_DIVERT 65539, Cannot start FD, active 10002, frameid 16 15, native 1, mapped 1 1
11-15 09:55:58.181 19266 19312 I tensorflow: ImageUtils: Saving Mat 48x48 bitmap to /storage/emulated/0/tensorflow.
11-15 09:55:58.181 19266 19312 I tensorflow: ImageUtils: Make dir failed
11-15 09:55:58.186 19266 19312 I tensorflow: ImageUtils: Saving 48x48 bitmap to /storage/emulated/0/tensorflow.
11-15 09:55:58.186 19266 19312 I tensorflow: ImageUtils: Make dir failed
11-15 09:55:58.191 19266 19313 I native  : tensorflow_inference_jni.cc:87 Found session variables for 71342b6685d2481a
11-15 09:55:58.191 19266 19313 I native  : tensorflow_inference_jni.cc:87 Found session variables for 71342b6685d2481a
11-15 09:55:58.192 19266 19313 I native  : tensorflow_inference_jni.cc:197 End computing. Ran in 0ms (0ms avg over 12 runs)
11-15 09:55:58.192 19266 19313 E native  : tensorflow_inference_jni.cc:202 Error during inference: Invalid argument: Session was not created with a graph before Run()!
11-15 09:55:58.192 19266 19313 I native  : tensorflow_inference_jni.cc:87 Found session variables for 71342b6685d2481a
11-15 09:55:58.192 19266 19313 I native  : tensorflow_inference_jni.cc:87 Found session variables for 71342b6685d2481a
11-15 09:55:58.192 19266 19313 E native  : tensorflow_inference_jni.cc:159 Output [output/Softmax:0] not found, aborting!
11-15 09:55:58.196  5921 19317 E mm-camera: module_faceproc_port_event_func:886] MCT_EVENT_MODULE_BUF_DIVERT 65539, Cannot start FD, active 10002, frameid 17 16, native 1, mapped 1 1
11-15 09:55:58.224 19266 19312 I tensorflow: ImageUtils: Saving Mat 48x48 bitmap to /storage/emulated/0/tensorflow.
11-15 09:55:58.224 19266 19312 I tensorflow: ImageUtils: Make dir failed
11-15 09:55:58.230  5921 19317 E mm-camera: module_faceproc_port_event_func:886] MCT_EVENT_MODULE_BUF_DIVERT 65539, Cannot start FD, active 10002, frameid 18 17, native 1, mapped 1 1
11-15 09:55:58.231 19266 19312 I tensorflow: ImageUtils: Saving 48x48 bitmap to /storage/emulated/0/tensorflow.
11-15 09:55:58.232 19266 19312 I tensorflow: ImageUtils: Make dir failed
11-15 09:55:58.242 19266 19313 I native  : tensorflow_inference_jni.cc:87 Found session variables for 71342b6685d2481a
11-15 09:55:58.243 19266 19313 I native  : tensorflow_inference_jni.cc:87 Found session variables for 71342b6685d2481a
11-15 09:55:58.243 19266 19313 I native  : tensorflow_inference_jni.cc:197 End computing. Ran in 0ms (0ms avg over 13 runs)
11-15 09:55:58.243 19266 19313 E native  : tensorflow_inference_jni.cc:202 Error during inference: Invalid argument: Session was not created with a graph before Run()!
11-15 09:55:58.243 19266 19313 I native  : tensorflow_inference_jni.cc:87 Found session variables for 71342b6685d2481a
11-15 09:55:58.243 19266 19313 I native  : tensorflow_inference_jni.cc:87 Found session variables for 71342b6685d2481a
11-15 09:55:58.243 19266 19313 E native  : tensorflow_inference_jni.cc:159 Output [output/Softmax:0] not found, aborting!
11-15 09:55:58.263  5921 19317 E mm-camera: module_faceproc_port_event_func:886] MCT_EVENT_MODULE_BUF_DIVERT 65539, Cannot start FD, active 10002, frameid 19 18, native 1, mapped 1 1
11-15 09:55:58.281 19266 19312 I tensorflow: ImageUtils: Saving Mat 48x48 bitmap to /storage/emulated/0/tensorflow.
11-15 09:55:58.281 19266 19312 I tensorflow: ImageUtils: Make dir failed
11-15 09:55:58.284 19266 19312 I tensorflow: ImageUtils: Saving 48x48 bitmap to /storage/emulated/0/tensorflow.
11-15 09:55:58.284 19266 19312 I tensorflow: ImageUtils: Make dir failed
11-15 09:55:58.289 19266 19313 I native  : tensorflow_inference_jni.cc:87 Found session variables for 71342b6685d2481a
11-15 09:55:58.289 19266 19313 I native  : tensorflow_inference_jni.cc:87 Found session variables for 71342b6685d2481a
11-15 09:55:58.289 19266 19313 I native  : tensorflow_inference_jni.cc:197 End computing. Ran in 0ms (0ms avg over 14 runs)
11-15 09:55:58.289 19266 19313 E native  : tensorflow_inference_jni.cc:202 Error during inference: Invalid argument: Session was not created with a graph before Run()!
11-15 09:55:58.289 19266 19313 I native  : tensorflow_inference_jni.cc:87 Found session variables for 71342b6685d2481a
11-15 09:55:58.289 19266 19313 I native  : tensorflow_inference_jni.cc:87 Found session variables for 71342b6685d2481a
11-15 09:55:58.289 19266 19313 E native  : tensorflow_inference_jni.cc:159 Output [output/Softmax:0] not found, aborting!
11-15 09:55:58.297  5921 19317 E mm-camera: module_faceproc_port_event_func:886] MCT_EVENT_MODULE_BUF_DIVERT 65539, Cannot start FD, active 10002, frameid 20 19, native 1, mapped 1 1
11-15 09:55:58.319 19266 19312 I tensorflow: ImageUtils: Saving Mat 48x48 bitmap to /storage/emulated/0/tensorflow.
11-15 09:55:58.319 19266 19312 I tensorflow: ImageUtils: Make dir failed
11-15 09:55:58.323 19266 19312 I tensorflow: ImageUtils: Saving 48x48 bitmap to /storage/emulated/0/tensorflow.
11-15 09:55:58.323 19266 19312 I tensorflow: ImageUtils: Make dir failed
11-15 09:55:58.328 19266 19313 I native  : tensorflow_inference_jni.cc:87 Found session variables for 71342b6685d2481a
11-15 09:55:58.329 19266 19313 I native  : tensorflow_inference_jni.cc:87 Found session variables for 71342b6685d2481a
11-15 09:55:58.329 19266 19313 I native  : tensorflow_inference_jni.cc:197 End computing. Ran in 0ms (0ms avg over 15 runs)
11-15 09:55:58.329 19266 19313 E native  : tensorflow_inference_jni.cc:202 Error during inference: Invalid argument: Session was not created with a graph before Run()!
11-15 09:55:58.329 19266 19313 I native  : tensorflow_inference_jni.cc:87 Found session variables for 71342b6685d2481a
11-15 09:55:58.329 19266 19313 I native  : tensorflow_inference_jni.cc:87 Found session variables for 71342b6685d2481a
11-15 09:55:58.329 19266 19313 E native  : tensorflow_inference_jni.cc:159 Output [output/Softmax:0] not found, aborting!
11-15 09:55:58.331  5921 19317 E mm-camera: module_faceproc_port_event_func:886] MCT_EVENT_MODULE_BUF_DIVERT 65539, Cannot start FD, active 10002, frameid 21 20, native 1, mapped 1 1
11-15 09:55:58.333  1275 14826 E ctxmgr  : [BaseProducer]Could not write ScreenState context, for account account#-517948760#, status = Status{statusCode=TIMEOUT, resolution=null}
11-15 09:55:58.353 19266 19312 I tensorflow: ImageUtils: Saving Mat 48x48 bitmap to /storage/emulated/0/tensorflow.
11-15 09:55:58.353 19266 19312 I tensorflow: ImageUtils: Make dir failed
11-15 09:55:58.358 19266 19312 I tensorflow: ImageUtils: Saving 48x48 bitmap to /storage/emulated/0/tensorflow.
11-15 09:55:58.358 19266 19312 I tensorflow: ImageUtils: Make dir failed
11-15 09:55:58.364 19266 19313 I native  : tensorflow_inference_jni.cc:87 Found session variables for 71342b6685d2481a
11-15 09:55:58.364 19266 19313 I native  : tensorflow_inference_jni.cc:87 Found session variables for 71342b6685d2481a
11-15 09:55:58.364 19266 19313 I native  : tensorflow_inference_jni.cc:197 End computing. Ran in 0ms (0ms avg over 16 runs)
11-15 09:55:58.364  5921 19317 E mm-camera: module_faceproc_port_event_func:886] MCT_EVENT_MODULE_BUF_DIVERT 65539, Cannot start FD, active 10002, frameid 22 21, native 1, mapped 1 1
11-15 09:55:58.364 19266 19313 E native  : tensorflow_inference_jni.cc:202 Error during inference: Invalid argument: Session was not created with a graph before Run()!
11-15 09:55:58.365 19266 19313 I native  : tensorflow_inference_jni.cc:87 Found session variables for 71342b6685d2481a
11-15 09:55:58.365 19266 19313 I native  : tensorflow_inference_jni.cc:87 Found session variables for 71342b6685d2481a
11-15 09:55:58.365 19266 19313 E native  : tensorflow_inference_jni.cc:159 Output [output/Softmax:0] not found, aborting!
11-15 09:55:58.395 19266 19312 I tensorflow: ImageUtils: Saving Mat 48x48 bitmap to /storage/emulated/0/tensorflow.
11-15 09:55:58.395 19266 19312 I tensorflow: ImageUtils: Make dir failed
11-15 09:55:58.398  5921 19317 E mm-camera: module_faceproc_port_event_func:886] MCT_EVENT_MODULE_BUF_DIVERT 65539, Cannot start FD, active 10002, frameid 23 22, native 1, mapped 1 1
11-15 09:55:58.403 19266 19312 I tensorflow: ImageUtils: Saving 48x48 bitmap to /storage/emulated/0/tensorflow.
11-15 09:55:58.403 19266 19312 I tensorflow: ImageUtils: Make dir failed
11-15 09:55:58.413 19266 19313 I native  : tensorflow_inference_jni.cc:87 Found session variables for 71342b6685d2481a
11-15 09:55:58.414 19266 19313 I native  : tensorflow_inference_jni.cc:87 Found session variables for 71342b6685d2481a
11-15 09:55:58.414 19266 19313 I native  : tensorflow_inference_jni.cc:197 End computing. Ran in 0ms (0ms avg over 17 runs)
11-15 09:55:58.414 19266 19313 E native  : tensorflow_inference_jni.cc:202 Error during inference: Invalid argument: Session was not created with a graph before Run()!
11-15 09:55:58.414 19266 19313 I native  : tensorflow_inference_jni.cc:87 Found session variables for 71342b6685d2481a
11-15 09:55:58.414 19266 19313 I native  : tensorflow_inference_jni.cc:87 Found session variables for 71342b6685d2481a
11-15 09:55:58.414 19266 19313 E native  : tensorflow_inference_jni.cc:159 Output [output/Softmax:0] not found, aborting!
11-15 09:55:58.432  5921 19317 E mm-camera: module_faceproc_port_event_func:886] MCT_EVENT_MODULE_BUF_DIVERT 65539, Cannot start FD, active 10002, frameid 24 23, native 1, mapped 1 1
11-15 09:55:58.465  5921 19317 E mm-camera: module_faceproc_port_event_func:886] MCT_EVENT_MODULE_BUF_DIVERT 65539, Cannot start FD, active 10002, frameid 25 24, native 1, mapped 1 1
11-15 09:55:58.465 19266 19312 I tensorflow: ImageUtils: Saving Mat 48x48 bitmap to /storage/emulated/0/tensorflow.
11-15 09:55:58.466 19266 19312 I tensorflow: ImageUtils: Make dir failed
11-15 09:55:58.479 19266 19312 I tensorflow: ImageUtils: Saving 48x48 bitmap to /storage/emulated/0/tensorflow.
11-15 09:55:58.480 19266 19312 I tensorflow: ImageUtils: Make dir failed
11-15 09:55:58.495 19266 19313 I native  : tensorflow_inference_jni.cc:87 Found session variables for 71342b6685d2481a
11-15 09:55:58.496 19266 19313 I native  : tensorflow_inference_jni.cc:87 Found session variables for 71342b6685d2481a
11-15 09:55:58.496 19266 19313 I native  : tensorflow_inference_jni.cc:197 End computing. Ran in 0ms (0ms avg over 18 runs)
11-15 09:55:58.496 19266 19313 E native  : tensorflow_inference_jni.cc:202 Error during inference: Invalid argument: Session was not created with a graph before Run()!
11-15 09:55:58.496 19266 19313 I native  : tensorflow_inference_jni.cc:87 Found session variables for 71342b6685d2481a
11-15 09:55:58.496 19266 19313 I native  : tensorflow_inference_jni.cc:87 Found session variables for 71342b6685d2481a
11-15 09:55:58.496 19266 19313 E native  : tensorflow_inference_jni.cc:159 Output [output/Softmax:0] not found, aborting!
11-15 09:55:58.498  5921 19317 E mm-camera: module_faceproc_port_event_func:886] MCT_EVENT_MODULE_BUF_DIVERT 65539, Cannot start FD, active 10002, frameid 26 25, native 1, mapped 1 1
11-15 09:55:58.531 19266 19312 I tensorflow: ImageUtils: Saving Mat 48x48 bitmap to /storage/emulated/0/tensorflow.
11-15 09:55:58.531 19266 19312 I tensorflow: ImageUtils: Make dir failed
11-15 09:55:58.533  5921 19317 E mm-camera: module_faceproc_port_event_func:886] MCT_EVENT_MODULE_BUF_DIVERT 65539, Cannot start FD, active 10002, frameid 27 26, native 1, mapped 1 1
11-15 09:55:58.545 19266 19312 I tensorflow: ImageUtils: Saving 48x48 bitmap to /storage/emulated/0/tensorflow.
11-15 09:55:58.546 19266 19312 I tensorflow: ImageUtils: Make dir failed
11-15 09:55:58.556 19266 19313 I native  : tensorflow_inference_jni.cc:87 Found session variables for 71342b6685d2481a
11-15 09:55:58.556 19266 19313 I native  : tensorflow_inference_jni.cc:87 Found session variables for 71342b6685d2481a
11-15 09:55:58.556 19266 19313 I native  : tensorflow_inference_jni.cc:197 End computing. Ran in 0ms (0ms avg over 19 runs)
11-15 09:55:58.556 19266 19313 E native  : tensorflow_inference_jni.cc:202 Error during inference: Invalid argument: Session was not created with a graph before Run()!
11-15 09:55:58.556 19266 19313 I native  : tensorflow_inference_jni.cc:87 Found session variables for 71342b6685d2481a
11-15 09:55:58.556 19266 19313 I native  : tensorflow_inference_jni.cc:87 Found session variables for 71342b6685d2481a
11-15 09:55:58.556 19266 19313 E native  : tensorflow_inference_jni.cc:159 Output [output/Softmax:0] not found, aborting!
11-15 09:55:58.567  5921 19317 E mm-camera: module_faceproc_port_event_func:886] MCT_EVENT_MODULE_BUF_DIVERT 65539, Cannot start FD, active 10002, frameid 28 27, native 1, mapped 1 1
11-15 09:55:58.597 19266 19312 I tensorflow: ImageUtils: Saving Mat 48x48 bitmap to /storage/emulated/0/tensorflow.
11-15 09:55:58.597 19266 19312 I tensorflow: ImageUtils: Make dir failed
11-15 09:55:58.599  5921 19317 E mm-camera: module_faceproc_port_event_func:886] MCT_EVENT_MODULE_BUF_DIVERT 65539, Cannot start FD, active 10002, frameid 29 28, native 1, mapped 1 1
11-15 09:55:58.605 19266 19312 I tensorflow: ImageUtils: Saving 48x48 bitmap to /storage/emulated/0/tensorflow.
11-15 09:55:58.606 19266 19312 I tensorflow: ImageUtils: Make dir failed
11-15 09:55:58.615 19266 19313 I native  : tensorflow_inference_jni.cc:87 Found session variables for 71342b6685d2481a
11-15 09:55:58.615 19266 19313 I native  : tensorflow_inference_jni.cc:87 Found session variables for 71342b6685d2481a
11-15 09:55:58.615 19266 19313 I native  : tensorflow_inference_jni.cc:197 End computing. Ran in 0ms (0ms avg over 20 runs)
11-15 09:55:58.615 19266 19313 E native  : tensorflow_inference_jni.cc:202 Error during inference: Invalid argument: Session was not created with a graph before Run()!
11-15 09:55:58.615 19266 19313 I native  : tensorflow_inference_jni.cc:87 Found session variables for 71342b6685d2481a
11-15 09:55:58.615 19266 19313 I native  : tensorflow_inference_jni.cc:87 Found session variables for 71342b6685d2481a
11-15 09:55:58.616 19266 19313 E native  : tensorflow_inference_jni.cc:159 Output [output/Softmax:0] not found, aborting!
11-15 09:55:58.632 19266 19312 I tensorflow: ImageUtils: Saving Mat 48x48 bitmap to /storage/emulated/0/tensorflow.
11-15 09:55:58.632 19266 19312 I tensorflow: ImageUtils: Make dir failed
11-15 09:55:58.633  5921 19317 E mm-camera: module_faceproc_port_event_func:886] MCT_EVENT_MODULE_BUF_DIVERT 65539, Cannot start FD, active 10002, frameid 30 29, native 1, mapped 1 1
11-15 09:55:58.640 19266 19312 I tensorflow: ImageUtils: Saving 48x48 bitmap to /storage/emulated/0/tensorflow.
11-15 09:55:58.641 19266 19312 I tensorflow: ImageUtils: Make dir failed
11-15 09:55:58.649 19266 19313 I native  : tensorflow_inference_jni.cc:87 Found session variables for 71342b6685d2481a
11-15 09:55:58.649 19266 19313 I native  : tensorflow_inference_jni.cc:87 Found session variables for 71342b6685d2481a
11-15 09:55:58.649 19266 19313 I native  : tensorflow_inference_jni.cc:197 End computing. Ran in 0ms (0ms avg over 21 runs)
11-15 09:55:58.649 19266 19313 E native  : tensorflow_inference_jni.cc:202 Error during inference: Invalid argument: Session was not created with a graph before Run()!
11-15 09:55:58.650 19266 19313 I native  : tensorflow_inference_jni.cc:87 Found session variables for 71342b6685d2481a
11-15 09:55:58.650 19266 19313 I native  : tensorflow_inference_jni.cc:87 Found session variables for 71342b6685d2481a
11-15 09:55:58.650 19266 19313 E native  : tensorflow_inference_jni.cc:159 Output [output/Softmax:0] not found, aborting!
11-15 09:55:58.666  5921 19317 E mm-camera: module_faceproc_port_event_func:886] MCT_EVENT_MODULE_BUF_DIVERT 65539, Cannot start FD, active 10002, frameid 31 30, native 1, mapped 1 1
11-15 09:55:58.674 19266 19312 I tensorflow: ImageUtils: Saving Mat 48x48 bitmap to /storage/emulated/0/tensorflow.
11-15 09:55:58.675 19266 19312 I tensorflow: ImageUtils: Make dir failed
11-15 09:55:58.681 19266 19312 I tensorflow: ImageUtils: Saving 48x48 bitmap to /storage/emulated/0/tensorflow.
11-15 09:55:58.681 19266 19312 I tensorflow: ImageUtils: Make dir failed
11-15 09:55:58.689 19266 19313 I native  : tensorflow_inference_jni.cc:87 Found session variables for 71342b6685d2481a
11-15 09:55:58.689 19266 19313 I native  : tensorflow_inference_jni.cc:87 Found session variables for 71342b6685d2481a
11-15 09:55:58.689 19266 19313 I native  : tensorflow_inference_jni.cc:197 End computing. Ran in 0ms (0ms avg over 22 runs)
11-15 09:55:58.689 19266 19313 E native  : tensorflow_inference_jni.cc:202 Error during inference: Invalid argument: Session was not created with a graph before Run()!
11-15 09:55:58.689 19266 19313 I native  : tensorflow_inference_jni.cc:87 Found session variables for 71342b6685d2481a
11-15 09:55:58.689 19266 19313 I native  : tensorflow_inference_jni.cc:87 Found session variables for 71342b6685d2481a
11-15 09:55:58.689 19266 19313 E native  : tensorflow_inference_jni.cc:159 Output [output/Softmax:0] not found, aborting!
11-15 09:55:58.700  5921 19317 E mm-camera: module_faceproc_port_event_func:886] MCT_EVENT_MODULE_BUF_DIVERT 65539, Cannot start FD, active 10002, frameid 32 31, native 1, mapped 1 1
11-15 09:55:58.731 19266 19312 I tensorflow: ImageUtils: Saving Mat 48x48 bitmap to /storage/emulated/0/tensorflow.
11-15 09:55:58.731 19266 19312 I tensorflow: ImageUtils: Make dir failed
11-15 09:55:58.733  5921 19317 E mm-camera: module_faceproc_port_event_func:886] MCT_EVENT_MODULE_BUF_DIVERT 65539, Cannot start FD, active 10002, frameid 33 32, native 1, mapped 1 1
11-15 09:55:58.740 19266 19312 I tensorflow: ImageUtils: Saving 48x48 bitmap to /storage/emulated/0/tensorflow.
11-15 09:55:58.740 19266 19312 I tensorflow: ImageUtils: Make dir failed
11-15 09:55:58.749 19266 19313 I native  : tensorflow_inference_jni.cc:87 Found session variables for 71342b6685d2481a
11-15 09:55:58.749 19266 19313 I native  : tensorflow_inference_jni.cc:87 Found session variables for 71342b6685d2481a
11-15 09:55:58.749 19266 19313 I native  : tensorflow_inference_jni.cc:197 End computing. Ran in 0ms (0ms avg over 23 runs)
11-15 09:55:58.749 19266 19313 E native  : tensorflow_inference_jni.cc:202 Error during inference: Invalid argument: Session was not created with a graph before Run()!
11-15 09:55:58.749 19266 19313 I native  : tensorflow_inference_jni.cc:87 Found session variables for 71342b6685d2481a
11-15 09:55:58.749 19266 19313 I native  : tensorflow_inference_jni.cc:87 Found session variables for 71342b6685d2481a
11-15 09:55:58.749 19266 19313 E native  : tensorflow_inference_jni.cc:159 Output [output/Softmax:0] not found, aborting!
11-15 09:55:58.767  5921 19317 E mm-camera: module_faceproc_port_event_func:886] MCT_EVENT_MODULE_BUF_DIVERT 65539, Cannot start FD, active 10002, frameid 34 33, native 1, mapped 1 1
11-15 09:55:58.798 19266 19312 I tensorflow: ImageUtils: Saving Mat 48x48 bitmap to /storage/emulated/0/tensorflow.
11-15 09:55:58.798 19266 19312 I tensorflow: ImageUtils: Make dir failed
11-15 09:55:58.802  5921 19317 E mm-camera: module_faceproc_port_event_func:886] MCT_EVENT_MODULE_BUF_DIVERT 65539, Cannot start FD, active 10002, frameid 35 34, native 1, mapped 1 1
11-15 09:55:58.805 19266 19312 I tensorflow: ImageUtils: Saving 48x48 bitmap to /storage/emulated/0/tensorflow.
11-15 09:55:58.806 19266 19312 I tensorflow: ImageUtils: Make dir failed
11-15 09:55:58.815 19266 19313 I native  : tensorflow_inference_jni.cc:87 Found session variables for 71342b6685d2481a
11-15 09:55:58.815 19266 19313 I native  : tensorflow_inference_jni.cc:87 Found session variables for 71342b6685d2481a
11-15 09:55:58.815 19266 19313 I native  : tensorflow_inference_jni.cc:197 End computing. Ran in 0ms (0ms avg over 24 runs)
11-15 09:55:58.815 19266 19313 E native  : tensorflow_inference_jni.cc:202 Error during inference: Invalid argument: Session was not created with a graph before Run()!
11-15 09:55:58.815 19266 19313 I native  : tensorflow_inference_jni.cc:87 Found session variables for 71342b6685d2481a
11-15 09:55:58.815 19266 19313 I native  : tensorflow_inference_jni.cc:87 Found session variables for 71342b6685d2481a
11-15 09:55:58.815 19266 19313 E native  : tensorflow_inference_jni.cc:159 Output [output/Softmax:0] not found, aborting!
11-15 09:55:58.835  5921 19317 E mm-camera: module_faceproc_port_event_func:886] MCT_EVENT_MODULE_BUF_DIVERT 65539, Cannot start FD, active 10002, frameid 36 35, native 1, mapped 1 1
11-15 09:55:58.867  5921 19317 E mm-camera: module_faceproc_port_event_func:886] MCT_EVENT_MODULE_BUF_DIVERT 65539, Cannot start FD, active 10002, frameid 37 36, native 1, mapped 1 1
11-15 09:55:58.882 19266 19312 I tensorflow: ImageUtils: Saving Mat 48x48 bitmap to /storage/emulated/0/tensorflow.
11-15 09:55:58.882 19266 19312 I tensorflow: ImageUtils: Make dir failed
11-15 09:55:58.888 19266 19312 I tensorflow: ImageUtils: Saving 48x48 bitmap to /storage/emulated/0/tensorflow.
11-15 09:55:58.888 19266 19312 I tensorflow: ImageUtils: Make dir failed
11-15 09:55:58.900 19266 19313 I native  : tensorflow_inference_jni.cc:87 Found session variables for 71342b6685d2481a
11-15 09:55:58.900 19266 19313 I native  : tensorflow_inference_jni.cc:87 Found session variables for 71342b6685d2481a
11-15 09:55:58.900 19266 19313 I native  : tensorflow_inference_jni.cc:197 End computing. Ran in 0ms (0ms avg over 25 runs)
11-15 09:55:58.900 19266 19313 E native  : tensorflow_inference_jni.cc:202 Error during inference: Invalid argument: Session was not created with a graph before Run()!
11-15 09:55:58.900 19266 19313 I native  : tensorflow_inference_jni.cc:87 Found session variables for 71342b6685d2481a
11-15 09:55:58.900 19266 19313 I native  : tensorflow_inference_jni.cc:87 Found session variables for 71342b6685d2481a
11-15 09:55:58.901 19266 19313 E native  : tensorflow_inference_jni.cc:159 Output [output/Softmax:0] not found, aborting!
11-15 09:55:58.901  5921 19317 E mm-camera: module_faceproc_port_event_func:886] MCT_EVENT_MODULE_BUF_DIVERT 65539, Cannot start FD, active 10002, frameid 38 37, native 1, mapped 1 1
11-15 09:55:58.935  5921 19317 E mm-camera: module_faceproc_port_event_func:886] MCT_EVENT_MODULE_BUF_DIVERT 65539, Cannot start FD, active 10002, frameid 39 38, native 1, mapped 1 1
11-15 09:55:58.938 19266 19312 I tensorflow: ImageUtils: Saving Mat 48x48 bitmap to /storage/emulated/0/tensorflow.
11-15 09:55:58.939 19266 19312 I tensorflow: ImageUtils: Make dir failed
11-15 09:55:58.945 19266 19312 I tensorflow: ImageUtils: Saving 48x48 bitmap to /storage/emulated/0/tensorflow.
11-15 09:55:58.945 19266 19312 I tensorflow: ImageUtils: Make dir failed
11-15 09:55:58.954 19266 19313 I native  : tensorflow_inference_jni.cc:87 Found session variables for 71342b6685d2481a
11-15 09:55:58.954 19266 19313 I native  : tensorflow_inference_jni.cc:87 Found session variables for 71342b6685d2481a
11-15 09:55:58.954 19266 19313 I native  : tensorflow_inference_jni.cc:197 End computing. Ran in 0ms (0ms avg over 26 runs)
11-15 09:55:58.954 19266 19313 E native  : tensorflow_inference_jni.cc:202 Error during inference: Invalid argument: Session was not created with a graph before Run()!
11-15 09:55:58.954 19266 19313 I native  : tensorflow_inference_jni.cc:87 Found session variables for 71342b6685d2481a
11-15 09:55:58.954 19266 19313 I native  : tensorflow_inference_jni.cc:87 Found session variables for 71342b6685d2481a
11-15 09:55:58.954 19266 19313 E native  : tensorflow_inference_jni.cc:159 Output [output/Softmax:0] not found, aborting!
11-15 09:55:58.970  5921 19317 E mm-camera: module_faceproc_port_event_func:886] MCT_EVENT_MODULE_BUF_DIVERT 65539, Cannot start FD, active 10002, frameid 40 39, native 1, mapped 1 1
11-15 09:55:59.001 19266 19312 I tensorflow: ImageUtils: Saving Mat 48x48 bitmap to /storage/emulated/0/tensorflow.
11-15 09:55:59.001 19266 19312 I tensorflow: ImageUtils: Make dir failed
11-15 09:55:59.002  5921 19317 E mm-camera: module_faceproc_port_event_func:886] MCT_EVENT_MODULE_BUF_DIVERT 65539, Cannot start FD, active 10002, frameid 41 40, native 1, mapped 1 1
11-15 09:55:59.008 19266 19312 I tensorflow: ImageUtils: Saving 48x48 bitmap to /storage/emulated/0/tensorflow.
11-15 09:55:59.008 19266 19312 I tensorflow: ImageUtils: Make dir failed
11-15 09:55:59.016 19266 19313 I native  : tensorflow_inference_jni.cc:87 Found session variables for 71342b6685d2481a
11-15 09:55:59.016 19266 19313 I native  : tensorflow_inference_jni.cc:87 Found session variables for 71342b6685d2481a
11-15 09:55:59.016 19266 19313 I native  : tensorflow_inference_jni.cc:197 End computing. Ran in 0ms (0ms avg over 27 runs)
11-15 09:55:59.016 19266 19313 E native  : tensorflow_inference_jni.cc:202 Error during inference: Invalid argument: Session was not created with a graph before Run()!
11-15 09:55:59.017 19266 19313 I native  : tensorflow_inference_jni.cc:87 Found session variables for 71342b6685d2481a
11-15 09:55:59.017 19266 19313 I native  : tensorflow_inference_jni.cc:87 Found session variables for 71342b6685d2481a
11-15 09:55:59.017 19266 19313 E native  : tensorflow_inference_jni.cc:159 Output [output/Softmax:0] not found, aborting!
11-15 09:55:59.034 19266 19312 I tensorflow: ImageUtils: Saving Mat 48x48 bitmap to /storage/emulated/0/tensorflow.
11-15 09:55:59.035 19266 19312 I tensorflow: ImageUtils: Make dir failed
11-15 09:55:59.036  5921 19317 E mm-camera: module_faceproc_port_event_func:886] MCT_EVENT_MODULE_BUF_DIVERT 65539, Cannot start FD, active 10002, frameid 42 41, native 1, mapped 1 1
11-15 09:55:59.043 19266 19312 I tensorflow: ImageUtils: Saving 48x48 bitmap to /storage/emulated/0/tensorflow.
11-15 09:55:59.043 19266 19312 I tensorflow: ImageUtils: Make dir failed
11-15 09:55:59.049 19266 19313 I native  : tensorflow_inference_jni.cc:87 Found session variables for 71342b6685d2481a
