11-15 09:56:00.106 19266 19313 I native  : tensorflow_inference_jni.cc:87 Found session variables for 71342b6685d2481a
11-15 09:56:00.106 19266 19313 I native  : tensorflow_inference_jni.cc:87 Found session variables for 71342b6685d2481a
11-15 09:56:00.106 19266 19313 E native  : tensorflow_inference_jni.cc:159 Output [output/Softmax:0] not found, aborting!
11-15 09:56:00.108  5921 19317 E mm-camera: module_faceproc_port_event_func:886] MCT_EVENT_MODULE_BUF_DIVERT 65539, Cannot start FD, active 10002, frameid 74 73, native 1, mapped 1 1
11-15 09:56:00.130 19266 19312 I tensorflow: ImageUtils: Saving Mat 48x48 bitmap to /storage/emulated/0/tensorflow.
11-15 09:56:00.130 19266 19312 I tensorflow: ImageUtils: Make dir failed
11-15 09:56:00.133 19266 19312 I tensorflow: ImageUtils: Saving 48x48 bitmap to /storage/emulated/0/tensorflow.
11-15 09:56:00.133 19266 19312 I tensorflow: ImageUtils: Make dir failed
11-15 09:56:00.138 19266 19313 I native  : tensorflow_inference_jni.cc:87 Found session variables for 71342b6685d2481a
11-15 09:56:00.138 19266 19313 I native  : tensorflow_inference_jni.cc:87 Found session variables for 71342b6685d2481a
11-15 09:56:00.138 19266 19313 I native  : tensorflow_inference_jni.cc:197 End computing. Ran in 0ms (0ms avg over 55 runs)
11-15 09:56:00.138 19266 19313 E native  : tensorflow_inference_jni.cc:202 Error during inference: Invalid argument: Session was not created with a graph before Run()!
11-15 09:56:00.138 19266 19313 I native  : tensorflow_inference_jni.cc:87 Found session variables for 71342b6685d2481a
11-15 09:56:00.138 19266 19313 I native  : tensorflow_inference_jni.cc:87 Found session variables for 71342b6685d2481a
11-15 09:56:00.138 19266 19313 E native  : tensorflow_inference_jni.cc:159 Output [output/Softmax:0] not found, aborting!
11-15 09:56:00.142  5921 19317 E mm-camera: module_faceproc_port_event_func:886] MCT_EVENT_MODULE_BUF_DIVERT 65539, Cannot start FD, active 10002, frameid 75 74, native 1, mapped 1 1
11-15 09:56:00.162 19266 19312 I tensorflow: ImageUtils: Saving Mat 48x48 bitmap to /storage/emulated/0/tensorflow.
11-15 09:56:00.162 19266 19312 I tensorflow: ImageUtils: Make dir failed
11-15 09:56:00.165 19266 19312 I tensorflow: ImageUtils: Saving 48x48 bitmap to /storage/emulated/0/tensorflow.
11-15 09:56:00.165 19266 19312 I tensorflow: ImageUtils: Make dir failed
11-15 09:56:00.170 19266 19313 I native  : tensorflow_inference_jni.cc:87 Found session variables for 71342b6685d2481a
11-15 09:56:00.170 19266 19313 I native  : tensorflow_inference_jni.cc:87 Found session variables for 71342b6685d2481a
11-15 09:56:00.170 19266 19313 I native  : tensorflow_inference_jni.cc:197 End computing. Ran in 0ms (0ms avg over 56 runs)
11-15 09:56:00.170 19266 19313 E native  : tensorflow_inference_jni.cc:202 Error during inference: Invalid argument: Session was not created with a graph before Run()!
11-15 09:56:00.170 19266 19313 I native  : tensorflow_inference_jni.cc:87 Found session variables for 71342b6685d2481a
11-15 09:56:00.170 19266 19313 I native  : tensorflow_inference_jni.cc:87 Found session variables for 71342b6685d2481a
11-15 09:56:00.171 19266 19313 E native  : tensorflow_inference_jni.cc:159 Output [output/Softmax:0] not found, aborting!
11-15 09:56:00.176  5921 19317 E mm-camera: module_faceproc_port_event_func:886] MCT_EVENT_MODULE_BUF_DIVERT 65539, Cannot start FD, active 10002, frameid 76 75, native 1, mapped 1 1
11-15 09:56:00.195 19266 19312 I tensorflow: ImageUtils: Saving Mat 48x48 bitmap to /storage/emulated/0/tensorflow.
11-15 09:56:00.195 19266 19312 I tensorflow: ImageUtils: Make dir failed
11-15 09:56:00.199 19266 19312 I tensorflow: ImageUtils: Saving 48x48 bitmap to /storage/emulated/0/tensorflow.
11-15 09:56:00.199 19266 19312 I tensorflow: ImageUtils: Make dir failed
11-15 09:56:00.204 19266 19313 I native  : tensorflow_inference_jni.cc:87 Found session variables for 71342b6685d2481a
11-15 09:56:00.204 19266 19313 I native  : tensorflow_inference_jni.cc:87 Found session variables for 71342b6685d2481a
11-15 09:56:00.204 19266 19313 I native  : tensorflow_inference_jni.cc:197 End computing. Ran in 0ms (0ms avg over 57 runs)
11-15 09:56:00.204 19266 19313 E native  : tensorflow_inference_jni.cc:202 Error during inference: Invalid argument: Session was not created with a graph before Run()!
11-15 09:56:00.204 19266 19313 I native  : tensorflow_inference_jni.cc:87 Found session variables for 71342b6685d2481a
11-15 09:56:00.204 19266 19313 I native  : tensorflow_inference_jni.cc:87 Found session variables for 71342b6685d2481a
11-15 09:56:00.204 19266 19313 E native  : tensorflow_inference_jni.cc:159 Output [output/Softmax:0] not found, aborting!
11-15 09:56:00.210  5921 19317 E mm-camera: module_faceproc_port_event_func:886] MCT_EVENT_MODULE_BUF_DIVERT 65539, Cannot start FD, active 10002, frameid 77 76, native 1, mapped 1 1
11-15 09:56:00.228 19266 19312 I tensorflow: ImageUtils: Saving Mat 48x48 bitmap to /storage/emulated/0/tensorflow.
11-15 09:56:00.228 19266 19312 I tensorflow: ImageUtils: Make dir failed
11-15 09:56:00.231 19266 19312 I tensorflow: ImageUtils: Saving 48x48 bitmap to /storage/emulated/0/tensorflow.
11-15 09:56:00.231 19266 19312 I tensorflow: ImageUtils: Make dir failed
11-15 09:56:00.236 19266 19313 I native  : tensorflow_inference_jni.cc:87 Found session variables for 71342b6685d2481a
11-15 09:56:00.236 19266 19313 I native  : tensorflow_inference_jni.cc:87 Found session variables for 71342b6685d2481a
11-15 09:56:00.236 19266 19313 I native  : tensorflow_inference_jni.cc:197 End computing. Ran in 0ms (0ms avg over 58 runs)
11-15 09:56:00.236 19266 19313 E native  : tensorflow_inference_jni.cc:202 Error during inference: Invalid argument: Session was not created with a graph before Run()!
11-15 09:56:00.236 19266 19313 I native  : tensorflow_inference_jni.cc:87 Found session variables for 71342b6685d2481a
11-15 09:56:00.236 19266 19313 I native  : tensorflow_inference_jni.cc:87 Found session variables for 71342b6685d2481a
11-15 09:56:00.237 19266 19313 E native  : tensorflow_inference_jni.cc:159 Output [output/Softmax:0] not found, aborting!
11-15 09:56:00.242  5921 19317 E mm-camera: module_faceproc_port_event_func:886] MCT_EVENT_MODULE_BUF_DIVERT 65539, Cannot start FD, active 10002, frameid 78 77, native 1, mapped 1 1
11-15 09:56:00.262 19266 19312 I tensorflow: ImageUtils: Saving Mat 48x48 bitmap to /storage/emulated/0/tensorflow.
11-15 09:56:00.262 19266 19312 I tensorflow: ImageUtils: Make dir failed
11-15 09:56:00.265 19266 19312 I tensorflow: ImageUtils: Saving 48x48 bitmap to /storage/emulated/0/tensorflow.
11-15 09:56:00.266 19266 19312 I tensorflow: ImageUtils: Make dir failed
11-15 09:56:00.270 19266 19313 I native  : tensorflow_inference_jni.cc:87 Found session variables for 71342b6685d2481a
11-15 09:56:00.270 19266 19313 I native  : tensorflow_inference_jni.cc:87 Found session variables for 71342b6685d2481a
11-15 09:56:00.270 19266 19313 I native  : tensorflow_inference_jni.cc:197 End computing. Ran in 0ms (0ms avg over 59 runs)
11-15 09:56:00.270 19266 19313 E native  : tensorflow_inference_jni.cc:202 Error during inference: Invalid argument: Session was not created with a graph before Run()!
11-15 09:56:00.270 19266 19313 I native  : tensorflow_inference_jni.cc:87 Found session variables for 71342b6685d2481a
11-15 09:56:00.270 19266 19313 I native  : tensorflow_inference_jni.cc:87 Found session variables for 71342b6685d2481a
11-15 09:56:00.271 19266 19313 E native  : tensorflow_inference_jni.cc:159 Output [output/Softmax:0] not found, aborting!
11-15 09:56:00.277  5921 19317 E mm-camera: module_faceproc_port_event_func:886] MCT_EVENT_MODULE_BUF_DIVERT 65539, Cannot start FD, active 10002, frameid 79 78, native 1, mapped 1 1
11-15 09:56:00.296 19266 19312 I tensorflow: ImageUtils: Saving Mat 48x48 bitmap to /storage/emulated/0/tensorflow.
11-15 09:56:00.296 19266 19312 I tensorflow: ImageUtils: Make dir failed
11-15 09:56:00.299 19266 19312 I tensorflow: ImageUtils: Saving 48x48 bitmap to /storage/emulated/0/tensorflow.
11-15 09:56:00.299 19266 19312 I tensorflow: ImageUtils: Make dir failed
11-15 09:56:00.304 19266 19313 I native  : tensorflow_inference_jni.cc:87 Found session variables for 71342b6685d2481a
11-15 09:56:00.304 19266 19313 I native  : tensorflow_inference_jni.cc:87 Found session variables for 71342b6685d2481a
11-15 09:56:00.304 19266 19313 I native  : tensorflow_inference_jni.cc:197 End computing. Ran in 0ms (0ms avg over 60 runs)
11-15 09:56:00.304 19266 19313 E native  : tensorflow_inference_jni.cc:202 Error during inference: Invalid argument: Session was not created with a graph before Run()!
11-15 09:56:00.304 19266 19313 I native  : tensorflow_inference_jni.cc:87 Found session variables for 71342b6685d2481a
11-15 09:56:00.304 19266 19313 I native  : tensorflow_inference_jni.cc:87 Found session variables for 71342b6685d2481a
11-15 09:56:00.305 19266 19313 E native  : tensorflow_inference_jni.cc:159 Output [output/Softmax:0] not found, aborting!
11-15 09:56:00.309  5921 19317 E mm-camera: module_faceproc_port_event_func:886] MCT_EVENT_MODULE_BUF_DIVERT 65539, Cannot start FD, active 10002, frameid 80 79, native 1, mapped 1 1
11-15 09:56:00.333 19266 19312 I tensorflow: ImageUtils: Saving Mat 48x48 bitmap to /storage/emulated/0/tensorflow.
11-15 09:56:00.333 19266 19312 I tensorflow: ImageUtils: Make dir failed
11-15 09:56:00.337 19266 19312 I tensorflow: ImageUtils: Saving 48x48 bitmap to /storage/emulated/0/tensorflow.
11-15 09:56:00.337 19266 19312 I tensorflow: ImageUtils: Make dir failed
11-15 09:56:00.342 19266 19313 I native  : tensorflow_inference_jni.cc:87 Found session variables for 71342b6685d2481a
11-15 09:56:00.342 19266 19313 I native  : tensorflow_inference_jni.cc:87 Found session variables for 71342b6685d2481a
11-15 09:56:00.342 19266 19313 I native  : tensorflow_inference_jni.cc:197 End computing. Ran in 0ms (0ms avg over 61 runs)
11-15 09:56:00.342 19266 19313 E native  : tensorflow_inference_jni.cc:202 Error during inference: Invalid argument: Session was not created with a graph before Run()!
11-15 09:56:00.342 19266 19313 I native  : tensorflow_inference_jni.cc:87 Found session variables for 71342b6685d2481a
11-15 09:56:00.342 19266 19313 I native  : tensorflow_inference_jni.cc:87 Found session variables for 71342b6685d2481a
11-15 09:56:00.342 19266 19313 E native  : tensorflow_inference_jni.cc:159 Output [output/Softmax:0] not found, aborting!
11-15 09:56:00.344  5921 19317 E mm-camera: module_faceproc_port_event_func:886] MCT_EVENT_MODULE_BUF_DIVERT 65539, Cannot start FD, active 10002, frameid 81 81, native 1, mapped 1 1
11-15 09:56:00.362 19266 19312 I tensorflow: ImageUtils: Saving Mat 48x48 bitmap to /storage/emulated/0/tensorflow.
11-15 09:56:00.362 19266 19312 I tensorflow: ImageUtils: Make dir failed
11-15 09:56:00.365 19266 19312 I tensorflow: ImageUtils: Saving 48x48 bitmap to /storage/emulated/0/tensorflow.
11-15 09:56:00.365 19266 19312 I tensorflow: ImageUtils: Make dir failed
11-15 09:56:00.370 19266 19313 I native  : tensorflow_inference_jni.cc:87 Found session variables for 71342b6685d2481a
11-15 09:56:00.370 19266 19313 I native  : tensorflow_inference_jni.cc:87 Found session variables for 71342b6685d2481a
11-15 09:56:00.370 19266 19313 I native  : tensorflow_inference_jni.cc:197 End computing. Ran in 0ms (0ms avg over 62 runs)
11-15 09:56:00.371 19266 19313 E native  : tensorflow_inference_jni.cc:202 Error during inference: Invalid argument: Session was not created with a graph before Run()!
11-15 09:56:00.371 19266 19313 I native  : tensorflow_inference_jni.cc:87 Found session variables for 71342b6685d2481a
11-15 09:56:00.371 19266 19313 I native  : tensorflow_inference_jni.cc:87 Found session variables for 71342b6685d2481a
11-15 09:56:00.371 19266 19313 E native  : tensorflow_inference_jni.cc:159 Output [output/Softmax:0] not found, aborting!
11-15 09:56:00.376  5921 19317 E mm-camera: module_faceproc_port_event_func:886] MCT_EVENT_MODULE_BUF_DIVERT 65539, Cannot start FD, active 10002, frameid 82 81, native 1, mapped 1 1
11-15 09:56:00.394 19266 19312 I tensorflow: ImageUtils: Saving Mat 48x48 bitmap to /storage/emulated/0/tensorflow.
11-15 09:56:00.394 19266 19312 I tensorflow: ImageUtils: Make dir failed
11-15 09:56:00.400 24243 24243 E ClientVe: Failed to create ClientVisualElementsProto for user interaction 27 on view com.google.android.apps.gsa.assist.AssistLayerContainer{917ca87 V.E...... ......ID 0,0-1920,1080 #7f050164 app:id/assist_layer} because that user interaction is not enabled for the view.
11-15 09:56:00.401 19266 19312 I tensorflow: ImageUtils: Saving 48x48 bitmap to /storage/emulated/0/tensorflow.
11-15 09:56:00.401 19266 19312 I tensorflow: ImageUtils: Make dir failed
11-15 09:56:00.411  5921 19317 E mm-camera: module_faceproc_port_event_func:886] MCT_EVENT_MODULE_BUF_DIVERT 65539, Cannot start FD, active 10002, frameid 83 82, native 1, mapped 1 1
11-15 09:56:00.424 19266 19313 I native  : tensorflow_inference_jni.cc:87 Found session variables for 71342b6685d2481a
11-15 09:56:00.424 19266 19313 I native  : tensorflow_inference_jni.cc:87 Found session variables for 71342b6685d2481a
11-15 09:56:00.424 19266 19313 I native  : tensorflow_inference_jni.cc:197 End computing. Ran in 0ms (0ms avg over 63 runs)
11-15 09:56:00.424 19266 19313 E native  : tensorflow_inference_jni.cc:202 Error during inference: Invalid argument: Session was not created with a graph before Run()!
11-15 09:56:00.424 19266 19313 I native  : tensorflow_inference_jni.cc:87 Found session variables for 71342b6685d2481a
11-15 09:56:00.424 19266 19313 I native  : tensorflow_inference_jni.cc:87 Found session variables for 71342b6685d2481a
11-15 09:56:00.424 19266 19313 E native  : tensorflow_inference_jni.cc:159 Output [output/Softmax:0] not found, aborting!
11-15 09:56:00.443  5921 19317 E mm-camera: module_faceproc_port_event_func:886] MCT_EVENT_MODULE_BUF_DIVERT 65539, Cannot start FD, active 10002, frameid 84 83, native 1, mapped 1 1
11-15 09:56:00.477  1662  1662 E NowRemoteClient: skipping logEndstates, service is null
11-15 09:56:00.477  5921 19317 E mm-camera: module_faceproc_port_event_func:886] MCT_EVENT_MODULE_BUF_DIVERT 65539, Cannot start FD, active 10002, frameid 85 84, native 1, mapped 1 1
11-15 09:56:00.486 19266 19312 I tensorflow: ImageUtils: Saving Mat 48x48 bitmap to /storage/emulated/0/tensorflow.
11-15 09:56:00.487 19266 19312 I tensorflow: ImageUtils: Make dir failed
11-15 09:56:00.497 19266 19312 I tensorflow: ImageUtils: Saving 48x48 bitmap to /storage/emulated/0/tensorflow.
11-15 09:56:00.497 19266 19312 I tensorflow: ImageUtils: Make dir failed
11-15 09:56:00.507 19266 19313 I native  : tensorflow_inference_jni.cc:87 Found session variables for 71342b6685d2481a
11-15 09:56:00.507 19266 19313 I native  : tensorflow_inference_jni.cc:87 Found session variables for 71342b6685d2481a
11-15 09:56:00.507 19266 19313 I native  : tensorflow_inference_jni.cc:197 End computing. Ran in 0ms (0ms avg over 64 runs)
11-15 09:56:00.508 19266 19313 E native  : tensorflow_inference_jni.cc:202 Error during inference: Invalid argument: Session was not created with a graph before Run()!
11-15 09:56:00.508 19266 19313 I native  : tensorflow_inference_jni.cc:87 Found session variables for 71342b6685d2481a
11-15 09:56:00.508 19266 19313 I native  : tensorflow_inference_jni.cc:87 Found session variables for 71342b6685d2481a
11-15 09:56:00.508 19266 19313 E native  : tensorflow_inference_jni.cc:159 Output [output/Softmax:0] not found, aborting!
11-15 09:56:00.511  5921 19317 E mm-camera: module_faceproc_port_event_func:886] MCT_EVENT_MODULE_BUF_DIVERT 65539, Cannot start FD, active 10002, frameid 86 85, native 1, mapped 1 1
11-15 09:56:00.544 19266 19312 I tensorflow: ImageUtils: Saving Mat 48x48 bitmap to /storage/emulated/0/tensorflow.
11-15 09:56:00.544 19266 19312 I tensorflow: ImageUtils: Make dir failed
11-15 09:56:00.545  5921 19317 E mm-camera: module_faceproc_port_event_func:886] MCT_EVENT_MODULE_BUF_DIVERT 65539, Cannot start FD, active 10002, frameid 87 86, native 1, mapped 1 1
11-15 09:56:00.559 19266 19312 I tensorflow: ImageUtils: Saving 48x48 bitmap to /storage/emulated/0/tensorflow.
11-15 09:56:00.559 19266 19312 I tensorflow: ImageUtils: Make dir failed
11-15 09:56:00.577  5921 19317 E mm-camera: module_faceproc_port_event_func:886] MCT_EVENT_MODULE_BUF_DIVERT 65539, Cannot start FD, active 10002, frameid 88 87, native 1, mapped 1 1
11-15 09:56:00.592 19266 19313 I native  : tensorflow_inference_jni.cc:87 Found session variables for 71342b6685d2481a
11-15 09:56:00.594 19266 19313 I native  : tensorflow_inference_jni.cc:87 Found session variables for 71342b6685d2481a
11-15 09:56:00.594 19266 19313 I native  : tensorflow_inference_jni.cc:197 End computing. Ran in 0ms (0ms avg over 65 runs)
11-15 09:56:00.595 19266 19313 E native  : tensorflow_inference_jni.cc:202 Error during inference: Invalid argument: Session was not created with a graph before Run()!
11-15 09:56:00.595 19266 19313 I native  : tensorflow_inference_jni.cc:87 Found session variables for 71342b6685d2481a
11-15 09:56:00.595 19266 19313 I native  : tensorflow_inference_jni.cc:87 Found session variables for 71342b6685d2481a
11-15 09:56:00.595 19266 19313 E native  : tensorflow_inference_jni.cc:159 Output [output/Softmax:0] not found, aborting!
11-15 09:56:00.614   197   828 E mm-camera-intf: mm_camera_poll_thread_del_poll_fd: invalid handler 175360 (0)
11-15 09:56:00.644   197 19432 E ACDB-LOADER: Error: ACDB AudProc vol returned = -19
11-15 09:56:00.655 19266 19312 I tensorflow: ImageUtils: Saving Mat 48x48 bitmap to /storage/emulated/0/tensorflow.
11-15 09:56:00.656 19266 19312 I tensorflow: ImageUtils: Make dir failed
11-15 09:56:00.668 19266 19312 I tensorflow: ImageUtils: Saving 48x48 bitmap to /storage/emulated/0/tensorflow.
11-15 09:56:00.668 19266 19312 I tensorflow: ImageUtils: Make dir failed
11-15 09:56:00.695   197   828 E mm-camera-intf: mm_camera_poll_thread_del_poll_fd: invalid handler 174848 (0)
11-15 09:56:00.697 19266 19313 I native  : tensorflow_inference_jni.cc:87 Found session variables for 71342b6685d2481a
11-15 09:56:00.697 19266 19313 I native  : tensorflow_inference_jni.cc:87 Found session variables for 71342b6685d2481a
11-15 09:56:00.697 19266 19313 I native  : tensorflow_inference_jni.cc:197 End computing. Ran in 0ms (0ms avg over 66 runs)
11-15 09:56:00.698 19266 19313 E native  : tensorflow_inference_jni.cc:202 Error during inference: Invalid argument: Session was not created with a graph before Run()!
11-15 09:56:00.698 19266 19313 I native  : tensorflow_inference_jni.cc:87 Found session variables for 71342b6685d2481a
11-15 09:56:00.698 19266 19313 I native  : tensorflow_inference_jni.cc:87 Found session variables for 71342b6685d2481a
11-15 09:56:00.698 19266 19313 E native  : tensorflow_inference_jni.cc:159 Output [output/Softmax:0] not found, aborting!
11-15 09:56:00.760  5921 19320 E mm-camera: isp_unlink_sink_port: E
11-15 09:56:00.761   197   828 E QCamera3Channel: virtual qcamera::QCamera3Channel::~QCamera3Channel(): deleting channel 175106
11-15 09:56:00.765  5921 19320 E mm-camera: isp_unlink_sink_port: E
11-15 09:56:00.765  5921 19320 E mm-camera-img: faceproc_save_album:774] Error No album 
11-15 09:56:00.765  5921 19320 E mm-camera-img: faceproc_comp_eng_destroy: Album save failed -1
11-15 09:56:00.766   197   828 E QCamera3Channel: virtual qcamera::QCamera3Channel::~QCamera3Channel(): deleting channel 174593
11-15 09:56:00.779   197   828 E QCamera3Channel: virtual qcamera::QCamera3Channel::~QCamera3Channel(): deleting channel 174080
11-15 09:56:00.780  5921 19320 E mm-camera: mct_pipeline_get_stream: no children
11-15 09:56:00.780  5921 19320 E mm-camera: mct_pipeline_process_set:1451: Couldn't find stream
11-15 09:56:00.862  2202  2210 E ANDR-PERF-LOCK: Failed to reset optimization for resource: 4 level: 0
11-15 10:05:35.665  2196  2329 E bt_btif_sock_rfcomm: find_rfc_slot_by_id unable to find RFCOMM slot id: 7306
11-15 10:09:51.704  2196  2329 E bt_btif_sock_rfcomm: find_rfc_slot_by_id unable to find RFCOMM slot id: 7307
11-15 10:09:56.865  2196  2329 E bt_btif_sock_rfcomm: find_rfc_slot_by_id unable to find RFCOMM slot id: 7308
11-15 10:14:12.851  2196  2329 E bt_btif_sock_rfcomm: find_rfc_slot_by_id unable to find RFCOMM slot id: 7309
11-15 10:14:18.029  2196  2329 E bt_btif_sock_rfcomm: find_rfc_slot_by_id unable to find RFCOMM slot id: 7310
11-15 10:18:34.007  2196  2329 E bt_btif_sock_rfcomm: find_rfc_slot_by_id unable to find RFCOMM slot id: 7311
11-15 10:18:39.176  2196  2329 E bt_btif_sock_rfcomm: find_rfc_slot_by_id unable to find RFCOMM slot id: 7312
11-15 10:22:55.189  2196  2329 E bt_btif_sock_rfcomm: find_rfc_slot_by_id unable to find RFCOMM slot id: 7313
11-15 10:23:00.366  2196  2329 E bt_btif_sock_rfcomm: find_rfc_slot_by_id unable to find RFCOMM slot id: 7314
11-15 10:26:01.151 24243 19222 E AudioRecord-JNI: Error -4 during AudioRecord native read
11-15 10:26:01.931  2202  2210 E ANDR-PERF-LOCK: Failed to apply optimization for resource: 4 level: 0
11-15 10:26:01.948   784   888 E native  : do suspend true
11-15 10:26:06.136 24243 24243 E ClientVe: Failed to create ClientVisualElementsProto for user interaction 27 on view com.google.android.apps.gsa.assist.AssistLayerContainer{917ca87 V.E...... ......ID 0,0-1920,1080 #7f050164 app:id/assist_layer} because that user interaction is not enabled for the view.
11-15 10:27:16.418  2196  2329 E bt_btif_sock_rfcomm: find_rfc_slot_by_id unable to find RFCOMM slot id: 7315
11-15 10:27:21.551  2196  2329 E bt_btif_sock_rfcomm: find_rfc_slot_by_id unable to find RFCOMM slot id: 7316
11-15 10:31:37.673  2196  2329 E bt_btif_sock_rfcomm: find_rfc_slot_by_id unable to find RFCOMM slot id: 7317
11-15 10:31:42.804  2196  2329 E bt_btif_sock_rfcomm: find_rfc_slot_by_id unable to find RFCOMM slot id: 7318
11-15 10:35:58.838  2196  2329 E bt_btif_sock_rfcomm: find_rfc_slot_by_id unable to find RFCOMM slot id: 7319
11-15 10:36:04.009  2196  2329 E bt_btif_sock_rfcomm: find_rfc_slot_by_id unable to find RFCOMM slot id: 7320
11-15 10:40:20.033  2196  2329 E bt_btif_sock_rfcomm: find_rfc_slot_by_id unable to find RFCOMM slot id: 7321
11-15 10:40:25.205  2196  2329 E bt_btif_sock_rfcomm: find_rfc_slot_by_id unable to find RFCOMM slot id: 7322
11-15 10:44:36.985  9966  4171 E HttpOperation: [getmobileexperiments] Unexpected exception
11-15 10:44:36.985  9966  4171 E HttpOperation: ynl: Exception in CronetUrlRequest: net::ERR_TIMED_OUT
11-15 10:44:36.985  9966  4171 E HttpOperation: 	at org.chromium.net.impl.CronetUrlRequest.onError(PG:662)
11-15 10:44:36.985  9966  4171 E ExperimentLoader: [getmobileexperiments] failed due to exception: ynl: Exception in CronetUrlRequest: net::ERR_TIMED_OUT
11-15 10:44:36.985  9966  4171 E ExperimentLoader: ynl: Exception in CronetUrlRequest: net::ERR_TIMED_OUT
11-15 10:44:36.985  9966  4171 E ExperimentLoader: 	at org.chromium.net.impl.CronetUrlRequest.onError(PG:662)
11-15 10:44:41.268  2196  2329 E bt_btif_sock_rfcomm: find_rfc_slot_by_id unable to find RFCOMM slot id: 7323
11-15 10:44:46.407  2196  2329 E bt_btif_sock_rfcomm: find_rfc_slot_by_id unable to find RFCOMM slot id: 7324
11-15 10:49:02.488  2196  2329 E bt_btif_sock_rfcomm: find_rfc_slot_by_id unable to find RFCOMM slot id: 7325
11-15 10:49:07.619  2196  2329 E bt_btif_sock_rfcomm: find_rfc_slot_by_id unable to find RFCOMM slot id: 7326
11-15 10:53:23.676  2196  2329 E bt_btif_sock_rfcomm: find_rfc_slot_by_id unable to find RFCOMM slot id: 7327
11-15 10:53:28.816  2196  2329 E bt_btif_sock_rfcomm: find_rfc_slot_by_id unable to find RFCOMM slot id: 7328
11-15 10:57:44.892  2196  2329 E bt_btif_sock_rfcomm: find_rfc_slot_by_id unable to find RFCOMM slot id: 7329
11-15 10:57:50.026  2196  2329 E bt_btif_sock_rfcomm: find_rfc_slot_by_id unable to find RFCOMM slot id: 7330
11-15 11:02:06.091  2196  2329 E bt_btif_sock_rfcomm: find_rfc_slot_by_id unable to find RFCOMM slot id: 7331
11-15 11:02:11.224  2196  2329 E bt_btif_sock_rfcomm: find_rfc_slot_by_id unable to find RFCOMM slot id: 7332
11-15 11:06:27.271  2196  2329 E bt_btif_sock_rfcomm: find_rfc_slot_by_id unable to find RFCOMM slot id: 7333
11-15 11:06:32.408  2196  2329 E bt_btif_sock_rfcomm: find_rfc_slot_by_id unable to find RFCOMM slot id: 7334
11-15 11:10:48.476  2196  2329 E bt_btif_sock_rfcomm: find_rfc_slot_by_id unable to find RFCOMM slot id: 7335
11-15 11:10:53.616  2196  2329 E bt_btif_sock_rfcomm: find_rfc_slot_by_id unable to find RFCOMM slot id: 7336
11-15 11:15:09.690  2196  2329 E bt_btif_sock_rfcomm: find_rfc_slot_by_id unable to find RFCOMM slot id: 7337
11-15 11:15:14.826  2196  2329 E bt_btif_sock_rfcomm: find_rfc_slot_by_id unable to find RFCOMM slot id: 7338
11-15 11:19:30.876  2196  2329 E bt_btif_sock_rfcomm: find_rfc_slot_by_id unable to find RFCOMM slot id: 7339
11-15 11:19:36.020  2196  2329 E bt_btif_sock_rfcomm: find_rfc_slot_by_id unable to find RFCOMM slot id: 7340
11-15 11:23:52.074  2196  2329 E bt_btif_sock_rfcomm: find_rfc_slot_by_id unable to find RFCOMM slot id: 7341
11-15 11:23:57.215  2196  2329 E bt_btif_sock_rfcomm: find_rfc_slot_by_id unable to find RFCOMM slot id: 7342
11-15 11:28:13.269  2196  2329 E bt_btif_sock_rfcomm: find_rfc_slot_by_id unable to find RFCOMM slot id: 7343
11-15 11:28:18.426  2196  2329 E bt_btif_sock_rfcomm: find_rfc_slot_by_id unable to find RFCOMM slot id: 7344
11-15 11:32:34.489  2196  2329 E bt_btif_sock_rfcomm: find_rfc_slot_by_id unable to find RFCOMM slot id: 7345
11-15 11:32:39.620  2196  2329 E bt_btif_sock_rfcomm: find_rfc_slot_by_id unable to find RFCOMM slot id: 7346
11-15 11:36:55.637  2196  2329 E bt_btif_sock_rfcomm: find_rfc_slot_by_id unable to find RFCOMM slot id: 7347
11-15 11:37:00.824  2196  2329 E bt_btif_sock_rfcomm: find_rfc_slot_by_id unable to find RFCOMM slot id: 7348
11-15 11:41:16.880  2196  2329 E bt_btif_sock_rfcomm: find_rfc_slot_by_id unable to find RFCOMM slot id: 7349
11-15 11:41:22.021  2196  2329 E bt_btif_sock_rfcomm: find_rfc_slot_by_id unable to find RFCOMM slot id: 7350
11-15 11:43:49.104  1275  1140 E ctxmgr  : [BaseServerTask]Server task (WriteInterestRecordTask) got error response.
11-15 11:43:49.104  1275  1140 E ctxmgr  : com.android.volley.VolleyError: Unable to obtain auth token - is the device online?
11-15 11:43:49.104  1275  1140 E ctxmgr  : 	at bnz.a(:com.google.android.gms:5113)
11-15 11:43:49.104  1275  1140 E ctxmgr  : 	at bjv.run(:com.google.android.gms:65)
11-15 11:43:49.104  1275  1140 E ctxmgr  : 	at bjt.a(:com.google.android.gms:249)
11-15 11:43:49.104  1275  1140 E ctxmgr  : 	at bjt.handleMessage(:com.google.android.gms:242)
11-15 11:43:49.104  1275  1140 E ctxmgr  : 	at jly.run(:com.google.android.gms:139)
11-15 11:43:49.104  1275  1140 E ctxmgr  : 	at jmg.run(:com.google.android.gms:450)
11-15 11:43:49.104  1275  1140 E ctxmgr  : 	at java.util.concurrent.ThreadPoolExecutor.runWorker(ThreadPoolExecutor.java:1113)
11-15 11:43:49.104  1275  1140 E ctxmgr  : 	at java.util.concurrent.ThreadPoolExecutor$Worker.run(ThreadPoolExecutor.java:588)
11-15 11:43:49.104  1275  1140 E ctxmgr  : 	at jqr.run(:com.google.android.gms:17)
11-15 11:43:49.104  1275  1140 E ctxmgr  : 	at java.lang.Thread.run(Thread.java:818)
11-15 11:43:49.105  1275  1140 E ctxmgr  : [SyncServerInterestRecordsOperation]Failure response from WriteInterestRecord. StatusCode = -1
11-15 11:44:59.374  1275  1140 E Auth    : [GoogleAccountDataServiceImpl] getToken() -> BAD_AUTHENTICATION. Account: <ELLIDED:-540182391>, App: com.google.android.gms, Service: oauth2:https://www.googleapis.com/auth/contextcontroller
11-15 11:44:59.374  1275  1140 E Auth    : dgn: Long live credential not available.
11-15 11:44:59.374  1275  1140 E Auth    : 	at dgo.a(:com.google.android.gms:3101)
11-15 11:44:59.374  1275  1140 E Auth    : 	at dfc.a(:com.google.android.gms:399)
11-15 11:44:59.374  1275  1140 E Auth    : 	at dfb.a(:com.google.android.gms:31371)
11-15 11:44:59.374  1275  1140 E Auth    : 	at dfb.a(:com.google.android.gms:313)
11-15 11:44:59.374  1275  1140 E Auth    : 	at egq.a(:com.google.android.gms:1201)
11-15 11:44:59.374  1275  1140 E Auth    : 	at ego.a(:com.google.android.gms:3554)
11-15 11:44:59.374  1275  1140 E Auth    : 	at ego.a(:com.google.android.gms:3196)
11-15 11:44:59.374  1275  1140 E Auth    : 	at dbp.a(:com.google.android.gms:349)
11-15 11:44:59.374  1275  1140 E Auth    : 	at dbp.a(:com.google.android.gms:213)
11-15 11:44:59.374  1275  1140 E Auth    : 	at dby.a(:com.google.android.gms:1501)
11-15 11:44:59.374  1275  1140 E Auth    : 	at dbx.a(:com.google.android.gms:914)
11-15 11:44:59.374  1275  1140 E Auth    : 	at dbx.e(:com.google.android.gms:526)
11-15 11:44:59.374  1275  1140 E Auth    : 	at dbx.d(:com.google.android.gms:445)
11-15 11:44:59.374  1275  1140 E Auth    : 	at dbv.b(:com.google.android.gms:562)
11-15 11:44:59.374  1275  1140 E Auth    : 	at jht.a(:com.google.android.gms:1080)
11-15 11:44:59.374  1275  1140 E Auth    : 	at jgj.a(:com.google.android.gms:53)
11-15 11:44:59.374  1275  1140 E Auth    : 	at bnz.a(:com.google.android.gms:5093)
11-15 11:44:59.374  1275  1140 E Auth    : 	at bjv.run(:com.google.android.gms:65)
11-15 11:44:59.374  1275  1140 E Auth    : 	at bjt.a(:com.google.android.gms:249)
11-15 11:44:59.374  1275  1140 E Auth    : 	at bjt.handleMessage(:com.google.android.gms:242)
11-15 11:44:59.374  1275  1140 E Auth    : 	at jly.run(:com.google.android.gms:139)
11-15 11:44:59.374  1275  1140 E Auth    : 	at jmg.run(:com.google.android.gms:450)
11-15 11:44:59.374  1275  1140 E Auth    : 	at java.util.concurrent.ThreadPoolExecutor.runWorker(ThreadPoolExecutor.java:1113)
11-15 11:44:59.374  1275  1140 E Auth    : 	at java.util.concurrent.ThreadPoolExecutor$Worker.run(ThreadPoolExecutor.java:588)
11-15 11:44:59.374  1275  1140 E Auth    : 	at jqr.run(:com.google.android.gms:17)
11-15 11:44:59.374  1275  1140 E Auth    : 	at java.lang.Thread.run(Thread.java:818)
11-15 11:44:59.406  1275  1140 E ctxmgr  : [BaseServerTask]Server task (WriteInterestRecordTask) got error response.
11-15 11:44:59.406  1275  1140 E ctxmgr  : com.android.volley.VolleyError: Unable to obtain auth token - is the device online?
11-15 11:44:59.406  1275  1140 E ctxmgr  : 	at bnz.a(:com.google.android.gms:5113)
11-15 11:44:59.406  1275  1140 E ctxmgr  : 	at bjv.run(:com.google.android.gms:65)
11-15 11:44:59.406  1275  1140 E ctxmgr  : 	at bjt.a(:com.google.android.gms:249)
11-15 11:44:59.406  1275  1140 E ctxmgr  : 	at bjt.handleMessage(:com.google.android.gms:242)
11-15 11:44:59.406  1275  1140 E ctxmgr  : 	at jly.run(:com.google.android.gms:139)
11-15 11:44:59.406  1275  1140 E ctxmgr  : 	at jmg.run(:com.google.android.gms:450)
11-15 11:44:59.406  1275  1140 E ctxmgr  : 	at java.util.concurrent.ThreadPoolExecutor.runWorker(ThreadPoolExecutor.java:1113)
11-15 11:44:59.406  1275  1140 E ctxmgr  : 	at java.util.concurrent.ThreadPoolExecutor$Worker.run(ThreadPoolExecutor.java:588)
11-15 11:44:59.406  1275  1140 E ctxmgr  : 	at jqr.run(:com.google.android.gms:17)
11-15 11:44:59.406  1275  1140 E ctxmgr  : 	at java.lang.Thread.run(Thread.java:818)
11-15 11:44:59.407  1275  1140 E ctxmgr  : [SyncServerInterestRecordsOperation]Failure response from WriteInterestRecord. StatusCode = -1
11-15 11:45:01.091  1275  1140 E Auth    : [GoogleAccountDataServiceImpl] getToken() -> BAD_AUTHENTICATION. Account: <ELLIDED:-540182391>, App: com.google.android.gms, Service: oauth2:https://www.googleapis.com/auth/contextcontroller
11-15 11:45:01.091  1275  1140 E Auth    : dgn: Long live credential not available.
11-15 11:45:01.091  1275  1140 E Auth    : 	at dgo.a(:com.google.android.gms:3101)
11-15 11:45:01.091  1275  1140 E Auth    : 	at dfc.a(:com.google.android.gms:399)
11-15 11:45:01.091  1275  1140 E Auth    : 	at dfb.a(:com.google.android.gms:31371)
11-15 11:45:01.091  1275  1140 E Auth    : 	at dfb.a(:com.google.android.gms:313)
11-15 11:45:01.091  1275  1140 E Auth    : 	at egq.a(:com.google.android.gms:1201)
11-15 11:45:01.091  1275  1140 E Auth    : 	at ego.a(:com.google.android.gms:3554)
11-15 11:45:01.091  1275  1140 E Auth    : 	at ego.a(:com.google.android.gms:3196)
11-15 11:45:01.091  1275  1140 E Auth    : 	at dbp.a(:com.google.android.gms:349)
11-15 11:45:01.091  1275  1140 E Auth    : 	at dbp.a(:com.google.android.gms:213)
11-15 11:45:01.091  1275  1140 E Auth    : 	at dby.a(:com.google.android.gms:1501)
11-15 11:45:01.091  1275  1140 E Auth    : 	at dbx.a(:com.google.android.gms:914)
11-15 11:45:01.091  1275  1140 E Auth    : 	at dbx.e(:com.google.android.gms:526)
11-15 11:45:01.091  1275  1140 E Auth    : 	at dbx.d(:com.google.android.gms:445)
11-15 11:45:01.091  1275  1140 E Auth    : 	at dbv.b(:com.google.android.gms:562)
11-15 11:45:01.091  1275  1140 E Auth    : 	at jht.a(:com.google.android.gms:1080)
11-15 11:45:01.091  1275  1140 E Auth    : 	at jgj.a(:com.google.android.gms:53)
11-15 11:45:01.091  1275  1140 E Auth    : 	at bnz.a(:com.google.android.gms:5093)
11-15 11:45:01.091  1275  1140 E Auth    : 	at bjv.run(:com.google.android.gms:65)
11-15 11:45:01.091  1275  1140 E Auth    : 	at bjt.a(:com.google.android.gms:249)
11-15 11:45:01.091  1275  1140 E Auth    : 	at bjt.handleMessage(:com.google.android.gms:242)
11-15 11:45:01.091  1275  1140 E Auth    : 	at jly.run(:com.google.android.gms:139)
11-15 11:45:01.091  1275  1140 E Auth    : 	at jmg.run(:com.google.android.gms:450)
11-15 11:45:01.091  1275  1140 E Auth    : 	at java.util.concurrent.ThreadPoolExecutor.runWorker(ThreadPoolExecutor.java:1113)
11-15 11:45:01.091  1275  1140 E Auth    : 	at java.util.concurrent.ThreadPoolExecutor$Worker.run(ThreadPoolExecutor.java:588)
11-15 11:45:01.091  1275  1140 E Auth    : 	at jqr.run(:com.google.android.gms:17)
11-15 11:45:01.091  1275  1140 E Auth    : 	at java.lang.Thread.run(Thread.java:818)
11-15 11:45:01.121  1275  1140 E ctxmgr  : [BaseServerTask]Server task (WriteInterestRecordTask) got error response.
11-15 11:45:01.121  1275  1140 E ctxmgr  : com.android.volley.VolleyError: Unable to obtain auth token - is the device online?
11-15 11:45:01.121  1275  1140 E ctxmgr  : 	at bnz.a(:com.google.android.gms:5113)
11-15 11:45:01.121  1275  1140 E ctxmgr  : 	at bjv.run(:com.google.android.gms:65)
11-15 11:45:01.121  1275  1140 E ctxmgr  : 	at bjt.a(:com.google.android.gms:249)
11-15 11:45:01.121  1275  1140 E ctxmgr  : 	at bjt.handleMessage(:com.google.android.gms:242)
11-15 11:45:01.121  1275  1140 E ctxmgr  : 	at jly.run(:com.google.android.gms:139)
11-15 11:45:01.121  1275  1140 E ctxmgr  : 	at jmg.run(:com.google.android.gms:450)
11-15 11:45:01.121  1275  1140 E ctxmgr  : 	at java.util.concurrent.ThreadPoolExecutor.runWorker(ThreadPoolExecutor.java:1113)
11-15 11:45:01.121  1275  1140 E ctxmgr  : 	at java.util.concurrent.ThreadPoolExecutor$Worker.run(ThreadPoolExecutor.java:588)
11-15 11:45:01.121  1275  1140 E ctxmgr  : 	at jqr.run(:com.google.android.gms:17)
11-15 11:45:01.121  1275  1140 E ctxmgr  : 	at java.lang.Thread.run(Thread.java:818)
11-15 11:45:01.123  1275  1140 E ctxmgr  : [SyncServerInterestRecordsOperation]Failure response from WriteInterestRecord. StatusCode = -1
11-15 11:45:14.578  1275  1140 E Auth    : [GoogleAccountDataServiceImpl] getToken() -> BAD_AUTHENTICATION. Account: <ELLIDED:-540182391>, App: com.google.android.gms, Service: oauth2:https://www.googleapis.com/auth/contextcontroller
11-15 11:45:14.578  1275  1140 E Auth    : dgn: Long live credential not available.
11-15 11:45:14.578  1275  1140 E Auth    : 	at dgo.a(:com.google.android.gms:3101)
11-15 11:45:14.578  1275  1140 E Auth    : 	at dfc.a(:com.google.android.gms:399)
11-15 11:45:14.578  1275  1140 E Auth    : 	at dfb.a(:com.google.android.gms:31371)
11-15 11:45:14.578  1275  1140 E Auth    : 	at dfb.a(:com.google.android.gms:313)
11-15 11:45:14.578  1275  1140 E Auth    : 	at egq.a(:com.google.android.gms:1201)
11-15 11:45:14.578  1275  1140 E Auth    : 	at ego.a(:com.google.android.gms:3554)
11-15 11:45:14.578  1275  1140 E Auth    : 	at ego.a(:com.google.android.gms:3196)
11-15 11:45:14.578  1275  1140 E Auth    : 	at dbp.a(:com.google.android.gms:349)
11-15 11:45:14.578  1275  1140 E Auth    : 	at dbp.a(:com.google.android.gms:213)
11-15 11:45:14.578  1275  1140 E Auth    : 	at dby.a(:com.google.android.gms:1501)
11-15 11:45:14.578  1275  1140 E Auth    : 	at dbx.a(:com.google.android.gms:914)
11-15 11:45:14.578  1275  1140 E Auth    : 	at dbx.e(:com.google.android.gms:526)
11-15 11:45:14.578  1275  1140 E Auth    : 	at dbx.d(:com.google.android.gms:445)
11-15 11:45:14.578  1275  1140 E Auth    : 	at dbv.b(:com.google.android.gms:562)
11-15 11:45:14.578  1275  1140 E Auth    : 	at jht.a(:com.google.android.gms:1080)
11-15 11:45:14.578  1275  1140 E Auth    : 	at jgj.a(:com.google.android.gms:53)
11-15 11:45:14.578  1275  1140 E Auth    : 	at bnz.a(:com.google.android.gms:5093)
11-15 11:45:14.578  1275  1140 E Auth    : 	at bjv.run(:com.google.android.gms:65)
11-15 11:45:14.578  1275  1140 E Auth    : 	at bjt.a(:com.google.android.gms:249)
11-15 11:45:14.578  1275  1140 E Auth    : 	at bjt.handleMessage(:com.google.android.gms:242)
11-15 11:45:14.578  1275  1140 E Auth    : 	at jly.run(:com.google.android.gms:139)
11-15 11:45:14.578  1275  1140 E Auth    : 	at jmg.run(:com.google.android.gms:450)
11-15 11:45:14.578  1275  1140 E Auth    : 	at java.util.concurrent.ThreadPoolExecutor.runWorker(ThreadPoolExecutor.java:1113)
11-15 11:45:14.578  1275  1140 E Auth    : 	at java.util.concurrent.ThreadPoolExecutor$Worker.run(ThreadPoolExecutor.java:588)
11-15 11:45:14.578  1275  1140 E Auth    : 	at jqr.run(:com.google.android.gms:17)
11-15 11:45:14.578  1275  1140 E Auth    : 	at java.lang.Thread.run(Thread.java:818)
11-15 11:45:14.624  1275  1140 E ctxmgr  : [BaseServerTask]Server task (WriteInterestRecordTask) got error response.
11-15 11:45:14.624  1275  1140 E ctxmgr  : com.android.volley.VolleyError: Unable to obtain auth token - is the device online?
11-15 11:45:14.624  1275  1140 E ctxmgr  : 	at bnz.a(:com.google.android.gms:5113)
11-15 11:45:14.624  1275  1140 E ctxmgr  : 	at bjv.run(:com.google.android.gms:65)
11-15 11:45:14.624  1275  1140 E ctxmgr  : 	at bjt.a(:com.google.android.gms:249)
11-15 11:45:14.624  1275  1140 E ctxmgr  : 	at bjt.handleMessage(:com.google.android.gms:242)
11-15 11:45:14.624  1275  1140 E ctxmgr  : 	at jly.run(:com.google.android.gms:139)
11-15 11:45:14.624  1275  1140 E ctxmgr  : 	at jmg.run(:com.google.android.gms:450)
11-15 11:45:14.624  1275  1140 E ctxmgr  : 	at java.util.concurrent.ThreadPoolExecutor.runWorker(ThreadPoolExecutor.java:1113)
11-15 11:45:14.624  1275  1140 E ctxmgr  : 	at java.util.concurrent.ThreadPoolExecutor$Worker.run(ThreadPoolExecutor.java:588)
11-15 11:45:14.624  1275  1140 E ctxmgr  : 	at jqr.run(:com.google.android.gms:17)
11-15 11:45:14.624  1275  1140 E ctxmgr  : 	at java.lang.Thread.run(Thread.java:818)
11-15 11:45:14.625  1275  1140 E ctxmgr  : [SyncServerInterestRecordsOperation]Failure response from WriteInterestRecord. StatusCode = -1
11-15 11:45:24.960  1275  1140 E Auth    : [GoogleAccountDataServiceImpl] getToken() -> BAD_AUTHENTICATION. Account: <ELLIDED:-540182391>, App: com.google.android.gms, Service: oauth2:https://www.googleapis.com/auth/contextcontroller
11-15 11:45:24.960  1275  1140 E Auth    : dgn: Long live credential not available.
11-15 11:45:24.960  1275  1140 E Auth    : 	at dgo.a(:com.google.android.gms:3101)
11-15 11:45:24.960  1275  1140 E Auth    : 	at dfc.a(:com.google.android.gms:399)
11-15 11:45:24.960  1275  1140 E Auth    : 	at dfb.a(:com.google.android.gms:31371)
11-15 11:45:24.960  1275  1140 E Auth    : 	at dfb.a(:com.google.android.gms:313)
11-15 11:45:24.960  1275  1140 E Auth    : 	at egq.a(:com.google.android.gms:1201)
11-15 11:45:24.960  1275  1140 E Auth    : 	at ego.a(:com.google.android.gms:3554)
11-15 11:45:24.960  1275  1140 E Auth    : 	at ego.a(:com.google.android.gms:3196)
11-15 11:45:24.960  1275  1140 E Auth    : 	at dbp.a(:com.google.android.gms:349)
11-15 11:45:24.960  1275  1140 E Auth    : 	at dbp.a(:com.google.android.gms:213)
11-15 11:45:24.960  1275  1140 E Auth    : 	at dby.a(:com.google.android.gms:1501)
11-15 11:45:24.960  1275  1140 E Auth    : 	at dbx.a(:com.google.android.gms:914)
11-15 11:45:24.960  1275  1140 E Auth    : 	at dbx.e(:com.google.android.gms:526)
11-15 11:45:24.960  1275  1140 E Auth    : 	at dbx.d(:com.google.android.gms:445)
11-15 11:45:24.960  1275  1140 E Auth    : 	at dbv.b(:com.google.android.gms:562)
11-15 11:45:24.960  1275  1140 E Auth    : 	at jht.a(:com.google.android.gms:1080)
11-15 11:45:24.960  1275  1140 E Auth    : 	at jgj.a(:com.google.android.gms:53)
11-15 11:45:24.960  1275  1140 E Auth    : 	at bnz.a(:com.google.android.gms:5093)
11-15 11:45:24.960  1275  1140 E Auth    : 	at bjv.run(:com.google.android.gms:65)
11-15 11:45:24.960  1275  1140 E Auth    : 	at bjt.a(:com.google.android.gms:249)
11-15 11:45:24.960  1275  1140 E Auth    : 	at bjt.handleMessage(:com.google.android.gms:242)
11-15 11:45:24.960  1275  1140 E Auth    : 	at jly.run(:com.google.android.gms:139)
11-15 11:45:24.960  1275  1140 E Auth    : 	at jmg.run(:com.google.android.gms:450)
11-15 11:45:24.960  1275  1140 E Auth    : 	at java.util.concurrent.ThreadPoolExecutor.runWorker(ThreadPoolExecutor.java:1113)
11-15 11:45:24.960  1275  1140 E Auth    : 	at java.util.concurrent.ThreadPoolExecutor$Worker.run(ThreadPoolExecutor.java:588)
11-15 11:45:24.960  1275  1140 E Auth    : 	at jqr.run(:com.google.android.gms:17)
11-15 11:45:24.960  1275  1140 E Auth    : 	at java.lang.Thread.run(Thread.java:818)
11-15 11:45:24.981  1275  1140 E ctxmgr  : [BaseServerTask]Server task (WriteInterestRecordTask) got error response.
11-15 11:45:24.981  1275  1140 E ctxmgr  : com.android.volley.VolleyError: Unable to obtain auth token - is the device online?
11-15 11:45:24.981  1275  1140 E ctxmgr  : 	at bnz.a(:com.google.android.gms:5113)
11-15 11:45:24.981  1275  1140 E ctxmgr  : 	at bjv.run(:com.google.android.gms:65)
11-15 11:45:24.981  1275  1140 E ctxmgr  : 	at bjt.a(:com.google.android.gms:249)
11-15 11:45:24.981  1275  1140 E ctxmgr  : 	at bjt.handleMessage(:com.google.android.gms:242)
11-15 11:45:24.981  1275  1140 E ctxmgr  : 	at jly.run(:com.google.android.gms:139)
11-15 11:45:24.981  1275  1140 E ctxmgr  : 	at jmg.run(:com.google.android.gms:450)
11-15 11:45:24.981  1275  1140 E ctxmgr  : 	at java.util.concurrent.ThreadPoolExecutor.runWorker(ThreadPoolExecutor.java:1113)
11-15 11:45:24.981  1275  1140 E ctxmgr  : 	at java.util.concurrent.ThreadPoolExecutor$Worker.run(ThreadPoolExecutor.java:588)
11-15 11:45:24.981  1275  1140 E ctxmgr  : 	at jqr.run(:com.google.android.gms:17)
11-15 11:45:24.981  1275  1140 E ctxmgr  : 	at java.lang.Thread.run(Thread.java:818)
11-15 11:45:24.982  1275  1140 E ctxmgr  : [SyncServerInterestRecordsOperation]Failure response from WriteInterestRecord. StatusCode = -1
11-15 11:45:30.562  1275  1140 E Auth    : [GoogleAccountDataServiceImpl] getToken() -> BAD_AUTHENTICATION. Account: <ELLIDED:-540182391>, App: com.google.android.gms, Service: oauth2:https://www.googleapis.com/auth/contextcontroller
11-15 11:45:30.562  1275  1140 E Auth    : dgn: Long live credential not available.
11-15 11:45:30.562  1275  1140 E Auth    : 	at dgo.a(:com.google.android.gms:3101)
11-15 11:45:30.562  1275  1140 E Auth    : 	at dfc.a(:com.google.android.gms:399)
11-15 11:45:30.562  1275  1140 E Auth    : 	at dfb.a(:com.google.android.gms:31371)
11-15 11:45:30.562  1275  1140 E Auth    : 	at dfb.a(:com.google.android.gms:313)
11-15 11:45:30.562  1275  1140 E Auth    : 	at egq.a(:com.google.android.gms:1201)
11-15 11:45:30.562  1275  1140 E Auth    : 	at ego.a(:com.google.android.gms:3554)
11-15 11:45:30.562  1275  1140 E Auth    : 	at ego.a(:com.google.android.gms:3196)
11-15 11:45:30.562  1275  1140 E Auth    : 	at dbp.a(:com.google.android.gms:349)
11-15 11:45:30.562  1275  1140 E Auth    : 	at dbp.a(:com.google.android.gms:213)
11-15 11:45:30.562  1275  1140 E Auth    : 	at dby.a(:com.google.android.gms:1501)
11-15 11:45:30.562  1275  1140 E Auth    : 	at dbx.a(:com.google.android.gms:914)
11-15 11:45:30.562  1275  1140 E Auth    : 	at dbx.e(:com.google.android.gms:526)
11-15 11:45:30.562  1275  1140 E Auth    : 	at dbx.d(:com.google.android.gms:445)
11-15 11:45:30.562  1275  1140 E Auth    : 	at dbv.b(:com.google.android.gms:562)
11-15 11:45:30.562  1275  1140 E Auth    : 	at jht.a(:com.google.android.gms:1080)
11-15 11:45:30.562  1275  1140 E Auth    : 	at jgj.a(:com.google.android.gms:53)
11-15 11:45:30.562  1275  1140 E Auth    : 	at bnz.a(:com.google.android.gms:5093)
11-15 11:45:30.562  1275  1140 E Auth    : 	at bjv.run(:com.google.android.gms:65)
11-15 11:45:30.562  1275  1140 E Auth    : 	at bjt.a(:com.google.android.gms:249)
11-15 11:45:30.562  1275  1140 E Auth    : 	at bjt.handleMessage(:com.google.android.gms:242)
11-15 11:45:30.562  1275  1140 E Auth    : 	at jly.run(:com.google.android.gms:139)
11-15 11:45:30.562  1275  1140 E Auth    : 	at jmg.run(:com.google.android.gms:450)
11-15 11:45:30.562  1275  1140 E Auth    : 	at java.util.concurrent.ThreadPoolExecutor.runWorker(ThreadPoolExecutor.java:1113)
11-15 11:45:30.562  1275  1140 E Auth    : 	at java.util.concurrent.ThreadPoolExecutor$Worker.run(ThreadPoolExecutor.java:588)
11-15 11:45:30.562  1275  1140 E Auth    : 	at jqr.run(:com.google.android.gms:17)
11-15 11:45:30.562  1275  1140 E Auth    : 	at java.lang.Thread.run(Thread.java:818)
11-15 11:45:30.584  1275  1140 E ctxmgr  : [BaseServerTask]Server task (WriteInterestRecordTask) got error response.
11-15 11:45:30.584  1275  1140 E ctxmgr  : com.android.volley.VolleyError: Unable to obtain auth token - is the device online?
11-15 11:45:30.584  1275  1140 E ctxmgr  : 	at bnz.a(:com.google.android.gms:5113)
11-15 11:45:30.584  1275  1140 E ctxmgr  : 	at bjv.run(:com.google.android.gms:65)
11-15 11:45:30.584  1275  1140 E ctxmgr  : 	at bjt.a(:com.google.android.gms:249)
11-15 11:45:30.584  1275  1140 E ctxmgr  : 	at bjt.handleMessage(:com.google.android.gms:242)
11-15 11:45:30.584  1275  1140 E ctxmgr  : 	at jly.run(:com.google.android.gms:139)
11-15 11:45:30.584  1275  1140 E ctxmgr  : 	at jmg.run(:com.google.android.gms:450)
11-15 11:45:30.584  1275  1140 E ctxmgr  : 	at java.util.concurrent.ThreadPoolExecutor.runWorker(ThreadPoolExecutor.java:1113)
11-15 11:45:30.584  1275  1140 E ctxmgr  : 	at java.util.concurrent.ThreadPoolExecutor$Worker.run(ThreadPoolExecutor.java:588)
11-15 11:45:30.584  1275  1140 E ctxmgr  : 	at jqr.run(:com.google.android.gms:17)
11-15 11:45:30.584  1275  1140 E ctxmgr  : 	at java.lang.Thread.run(Thread.java:818)
11-15 11:45:30.585  1275  1140 E ctxmgr  : [SyncServerInterestRecordsOperation]Failure response from WriteInterestRecord. StatusCode = -1
11-15 11:45:38.044  2196  2329 E bt_btif_sock_rfcomm: find_rfc_slot_by_id unable to find RFCOMM slot id: 7351
11-15 11:45:40.870  1275  1140 E Auth    : [GoogleAccountDataServiceImpl] getToken() -> BAD_AUTHENTICATION. Account: <ELLIDED:-540182391>, App: com.google.android.gms, Service: oauth2:https://www.googleapis.com/auth/contextcontroller
11-15 11:45:40.870  1275  1140 E Auth    : dgn: Long live credential not available.
11-15 11:45:40.870  1275  1140 E Auth    : 	at dgo.a(:com.google.android.gms:3101)
11-15 11:45:40.870  1275  1140 E Auth    : 	at dfc.a(:com.google.android.gms:399)
11-15 11:45:40.870  1275  1140 E Auth    : 	at dfb.a(:com.google.android.gms:31371)
11-15 11:45:40.870  1275  1140 E Auth    : 	at dfb.a(:com.google.android.gms:313)
11-15 11:45:40.870  1275  1140 E Auth    : 	at egq.a(:com.google.android.gms:1201)
11-15 11:45:40.870  1275  1140 E Auth    : 	at ego.a(:com.google.android.gms:3554)
11-15 11:45:40.870  1275  1140 E Auth    : 	at ego.a(:com.google.android.gms:3196)
11-15 11:45:40.870  1275  1140 E Auth    : 	at dbp.a(:com.google.android.gms:349)
11-15 11:45:40.870  1275  1140 E Auth    : 	at dbp.a(:com.google.android.gms:213)
11-15 11:45:40.870  1275  1140 E Auth    : 	at dby.a(:com.google.android.gms:1501)
11-15 11:45:40.870  1275  1140 E Auth    : 	at dbx.a(:com.google.android.gms:914)
11-15 11:45:40.870  1275  1140 E Auth    : 	at dbx.e(:com.google.android.gms:526)
11-15 11:45:40.870  1275  1140 E Auth    : 	at dbx.d(:com.google.android.gms:445)
11-15 11:45:40.870  1275  1140 E Auth    : 	at dbv.b(:com.google.android.gms:562)
11-15 11:45:40.870  1275  1140 E Auth    : 	at jht.a(:com.google.android.gms:1080)
11-15 11:45:40.870  1275  1140 E Auth    : 	at jgj.a(:com.google.android.gms:53)
11-15 11:45:40.870  1275  1140 E Auth    : 	at bnz.a(:com.google.android.gms:5093)
11-15 11:45:40.870  1275  1140 E Auth    : 	at bjv.run(:com.google.android.gms:65)
11-15 11:45:40.870  1275  1140 E Auth    : 	at bjt.a(:com.google.android.gms:249)
11-15 11:45:40.870  1275  1140 E Auth    : 	at bjt.handleMessage(:com.google.android.gms:242)
11-15 11:45:40.870  1275  1140 E Auth    : 	at jly.run(:com.google.android.gms:139)
11-15 11:45:40.870  1275  1140 E Auth    : 	at jmg.run(:com.google.android.gms:450)
11-15 11:45:40.870  1275  1140 E Auth    : 	at java.util.concurrent.ThreadPoolExecutor.runWorker(ThreadPoolExecutor.java:1113)
11-15 11:45:40.870  1275  1140 E Auth    : 	at java.util.concurrent.ThreadPoolExecutor$Worker.run(ThreadPoolExecutor.java:588)
11-15 11:45:40.870  1275  1140 E Auth    : 	at jqr.run(:com.google.android.gms:17)
11-15 11:45:40.870  1275  1140 E Auth    : 	at java.lang.Thread.run(Thread.java:818)
11-15 11:45:40.892  1275  1140 E ctxmgr  : [BaseServerTask]Server task (WriteInterestRecordTask) got error response.
11-15 11:45:40.892  1275  1140 E ctxmgr  : com.android.volley.VolleyError: Unable to obtain auth token - is the device online?
11-15 11:45:40.892  1275  1140 E ctxmgr  : 	at bnz.a(:com.google.android.gms:5113)
11-15 11:45:40.892  1275  1140 E ctxmgr  : 	at bjv.run(:com.google.android.gms:65)
