11-15 11:50:19.876 17053 17102 I native  : tensorflow_inference_jni.cc:197 End computing. Ran in 0ms (0ms avg over 99 runs)
11-15 11:50:19.877 17053 17102 E native  : tensorflow_inference_jni.cc:202 Error during inference: Invalid argument: Session was not created with a graph before Run()!
11-15 11:50:19.877 17053 17102 I native  : tensorflow_inference_jni.cc:87 Found session variables for 7b9225f90a61d7c8
11-15 11:50:19.877 17053 17102 I native  : tensorflow_inference_jni.cc:87 Found session variables for 7b9225f90a61d7c8
11-15 11:50:19.877 17053 17102 E native  : tensorflow_inference_jni.cc:159 Output [output/Softmax:0] not found, aborting!
11-15 11:50:19.890  5921 17117 E mm-camera: module_faceproc_port_event_func:886] MCT_EVENT_MODULE_BUF_DIVERT 65538, Cannot start FD, active 10003, frameid 119 118, native 1, mapped 1 1
11-15 11:50:19.922 17053 17101 I tensorflow: ImageUtils: Saving Mat 48x48 bitmap to /storage/emulated/0/tensorflow.
11-15 11:50:19.923 17053 17101 I tensorflow: ImageUtils: Make dir failed
11-15 11:50:19.923  5921 17117 E mm-camera: module_faceproc_port_event_func:886] MCT_EVENT_MODULE_BUF_DIVERT 65538, Cannot start FD, active 10003, frameid 120 119, native 1, mapped 1 1
11-15 11:50:19.933 17053 17101 I tensorflow: ImageUtils: Saving 48x48 bitmap to /storage/emulated/0/tensorflow.
11-15 11:50:19.933 17053 17101 I tensorflow: ImageUtils: Make dir failed
11-15 11:50:19.942 17053 17102 I native  : tensorflow_inference_jni.cc:87 Found session variables for 7b9225f90a61d7c8
11-15 11:50:19.942 17053 17102 I native  : tensorflow_inference_jni.cc:87 Found session variables for 7b9225f90a61d7c8
11-15 11:50:19.942 17053 17102 I native  : tensorflow_inference_jni.cc:197 End computing. Ran in 0ms (0ms avg over 100 runs)
11-15 11:50:19.942 17053 17102 E native  : tensorflow_inference_jni.cc:202 Error during inference: Invalid argument: Session was not created with a graph before Run()!
11-15 11:50:19.942 17053 17102 I native  : tensorflow_inference_jni.cc:87 Found session variables for 7b9225f90a61d7c8
11-15 11:50:19.942 17053 17102 I native  : tensorflow_inference_jni.cc:87 Found session variables for 7b9225f90a61d7c8
11-15 11:50:19.942 17053 17102 E native  : tensorflow_inference_jni.cc:159 Output [output/Softmax:0] not found, aborting!
11-15 11:50:19.958  5921 17117 E mm-camera: module_faceproc_port_event_func:886] MCT_EVENT_MODULE_BUF_DIVERT 65538, Cannot start FD, active 10003, frameid 121 120, native 1, mapped 1 1
11-15 11:50:19.990  5921 17117 E mm-camera: module_faceproc_port_event_func:886] MCT_EVENT_MODULE_BUF_DIVERT 65538, Cannot start FD, active 10003, frameid 122 121, native 1, mapped 1 1
11-15 11:50:19.994 17053 17101 I tensorflow: ImageUtils: Saving Mat 48x48 bitmap to /storage/emulated/0/tensorflow.
11-15 11:50:19.994 17053 17101 I tensorflow: ImageUtils: Make dir failed
11-15 11:50:20.003 17053 17101 I tensorflow: ImageUtils: Saving 48x48 bitmap to /storage/emulated/0/tensorflow.
11-15 11:50:20.003 17053 17101 I tensorflow: ImageUtils: Make dir failed
11-15 11:50:20.012 17053 17102 I native  : tensorflow_inference_jni.cc:87 Found session variables for 7b9225f90a61d7c8
11-15 11:50:20.012 17053 17102 I native  : tensorflow_inference_jni.cc:87 Found session variables for 7b9225f90a61d7c8
11-15 11:50:20.012 17053 17102 I native  : tensorflow_inference_jni.cc:197 End computing. Ran in 0ms (0ms avg over 101 runs)
11-15 11:50:20.012 17053 17102 E native  : tensorflow_inference_jni.cc:202 Error during inference: Invalid argument: Session was not created with a graph before Run()!
11-15 11:50:20.013 17053 17102 I native  : tensorflow_inference_jni.cc:87 Found session variables for 7b9225f90a61d7c8
11-15 11:50:20.013 17053 17102 I native  : tensorflow_inference_jni.cc:87 Found session variables for 7b9225f90a61d7c8
11-15 11:50:20.013 17053 17102 E native  : tensorflow_inference_jni.cc:159 Output [output/Softmax:0] not found, aborting!
11-15 11:50:20.026  5921 17117 E mm-camera: module_faceproc_port_event_func:886] MCT_EVENT_MODULE_BUF_DIVERT 65538, Cannot start FD, active 10003, frameid 123 122, native 1, mapped 1 1
11-15 11:50:20.059  5921 17117 E mm-camera: module_faceproc_port_event_func:886] MCT_EVENT_MODULE_BUF_DIVERT 65538, Cannot start FD, active 10003, frameid 124 123, native 1, mapped 1 1
11-15 11:50:20.060 17053 17101 I tensorflow: ImageUtils: Saving Mat 48x48 bitmap to /storage/emulated/0/tensorflow.
11-15 11:50:20.061 17053 17101 I tensorflow: ImageUtils: Make dir failed
11-15 11:50:20.070 17053 17101 I tensorflow: ImageUtils: Saving 48x48 bitmap to /storage/emulated/0/tensorflow.
11-15 11:50:20.070 17053 17101 I tensorflow: ImageUtils: Make dir failed
11-15 11:50:20.082 17053 17102 I native  : tensorflow_inference_jni.cc:87 Found session variables for 7b9225f90a61d7c8
11-15 11:50:20.082 17053 17102 I native  : tensorflow_inference_jni.cc:87 Found session variables for 7b9225f90a61d7c8
11-15 11:50:20.082 17053 17102 I native  : tensorflow_inference_jni.cc:197 End computing. Ran in 0ms (0ms avg over 102 runs)
11-15 11:50:20.082 17053 17102 E native  : tensorflow_inference_jni.cc:202 Error during inference: Invalid argument: Session was not created with a graph before Run()!
11-15 11:50:20.082 17053 17102 I native  : tensorflow_inference_jni.cc:87 Found session variables for 7b9225f90a61d7c8
11-15 11:50:20.082 17053 17102 I native  : tensorflow_inference_jni.cc:87 Found session variables for 7b9225f90a61d7c8
11-15 11:50:20.083 17053 17102 E native  : tensorflow_inference_jni.cc:159 Output [output/Softmax:0] not found, aborting!
11-15 11:50:20.093  5921 17117 E mm-camera: module_faceproc_port_event_func:886] MCT_EVENT_MODULE_BUF_DIVERT 65538, Cannot start FD, active 10003, frameid 125 124, native 1, mapped 1 1
11-15 11:50:20.125  5921 17117 E mm-camera: module_faceproc_port_event_func:886] MCT_EVENT_MODULE_BUF_DIVERT 65538, Cannot start FD, active 10003, frameid 126 125, native 1, mapped 1 1
11-15 11:50:20.125 17053 17101 I tensorflow: ImageUtils: Saving Mat 48x48 bitmap to /storage/emulated/0/tensorflow.
11-15 11:50:20.125 17053 17101 I tensorflow: ImageUtils: Make dir failed
11-15 11:50:20.136 17053 17101 I tensorflow: ImageUtils: Saving 48x48 bitmap to /storage/emulated/0/tensorflow.
11-15 11:50:20.136 17053 17101 I tensorflow: ImageUtils: Make dir failed
11-15 11:50:20.146 17053 17102 I native  : tensorflow_inference_jni.cc:87 Found session variables for 7b9225f90a61d7c8
11-15 11:50:20.146 17053 17102 I native  : tensorflow_inference_jni.cc:87 Found session variables for 7b9225f90a61d7c8
11-15 11:50:20.146 17053 17102 I native  : tensorflow_inference_jni.cc:197 End computing. Ran in 0ms (0ms avg over 103 runs)
11-15 11:50:20.146 17053 17102 E native  : tensorflow_inference_jni.cc:202 Error during inference: Invalid argument: Session was not created with a graph before Run()!
11-15 11:50:20.146 17053 17102 I native  : tensorflow_inference_jni.cc:87 Found session variables for 7b9225f90a61d7c8
11-15 11:50:20.146 17053 17102 I native  : tensorflow_inference_jni.cc:87 Found session variables for 7b9225f90a61d7c8
11-15 11:50:20.146 17053 17102 E native  : tensorflow_inference_jni.cc:159 Output [output/Softmax:0] not found, aborting!
11-15 11:50:20.158  5921 17117 E mm-camera: module_faceproc_port_event_func:886] MCT_EVENT_MODULE_BUF_DIVERT 65538, Cannot start FD, active 10003, frameid 127 126, native 1, mapped 1 1
11-15 11:50:20.189 17053 17101 I tensorflow: ImageUtils: Saving Mat 48x48 bitmap to /storage/emulated/0/tensorflow.
11-15 11:50:20.190 17053 17101 I tensorflow: ImageUtils: Make dir failed
11-15 11:50:20.192  5921 17117 E mm-camera: module_faceproc_port_event_func:886] MCT_EVENT_MODULE_BUF_DIVERT 65538, Cannot start FD, active 10003, frameid 128 127, native 1, mapped 1 1
11-15 11:50:20.198 17053 17101 I tensorflow: ImageUtils: Saving 48x48 bitmap to /storage/emulated/0/tensorflow.
11-15 11:50:20.198 17053 17101 I tensorflow: ImageUtils: Make dir failed
11-15 11:50:20.210 17053 17102 I native  : tensorflow_inference_jni.cc:87 Found session variables for 7b9225f90a61d7c8
11-15 11:50:20.210 17053 17102 I native  : tensorflow_inference_jni.cc:87 Found session variables for 7b9225f90a61d7c8
11-15 11:50:20.210 17053 17102 I native  : tensorflow_inference_jni.cc:197 End computing. Ran in 0ms (0ms avg over 104 runs)
11-15 11:50:20.210 17053 17102 E native  : tensorflow_inference_jni.cc:202 Error during inference: Invalid argument: Session was not created with a graph before Run()!
11-15 11:50:20.210 17053 17102 I native  : tensorflow_inference_jni.cc:87 Found session variables for 7b9225f90a61d7c8
11-15 11:50:20.210 17053 17102 I native  : tensorflow_inference_jni.cc:87 Found session variables for 7b9225f90a61d7c8
11-15 11:50:20.211 17053 17102 E native  : tensorflow_inference_jni.cc:159 Output [output/Softmax:0] not found, aborting!
11-15 11:50:20.226  5921 17117 E mm-camera: module_faceproc_port_event_func:886] MCT_EVENT_MODULE_BUF_DIVERT 65538, Cannot start FD, active 10003, frameid 129 128, native 1, mapped 1 1
11-15 11:50:20.259  5921 17117 E mm-camera: module_faceproc_port_event_func:886] MCT_EVENT_MODULE_BUF_DIVERT 65538, Cannot start FD, active 10003, frameid 130 129, native 1, mapped 1 1
11-15 11:50:20.260 17053 17101 I tensorflow: ImageUtils: Saving Mat 48x48 bitmap to /storage/emulated/0/tensorflow.
11-15 11:50:20.260 17053 17101 I tensorflow: ImageUtils: Make dir failed
11-15 11:50:20.273 17053 17101 I tensorflow: ImageUtils: Saving 48x48 bitmap to /storage/emulated/0/tensorflow.
11-15 11:50:20.273 17053 17101 I tensorflow: ImageUtils: Make dir failed
11-15 11:50:20.282 17053 17102 I native  : tensorflow_inference_jni.cc:87 Found session variables for 7b9225f90a61d7c8
11-15 11:50:20.283 17053 17102 I native  : tensorflow_inference_jni.cc:87 Found session variables for 7b9225f90a61d7c8
11-15 11:50:20.283 17053 17102 I native  : tensorflow_inference_jni.cc:197 End computing. Ran in 0ms (0ms avg over 105 runs)
11-15 11:50:20.283 17053 17102 E native  : tensorflow_inference_jni.cc:202 Error during inference: Invalid argument: Session was not created with a graph before Run()!
11-15 11:50:20.283 17053 17102 I native  : tensorflow_inference_jni.cc:87 Found session variables for 7b9225f90a61d7c8
11-15 11:50:20.283 17053 17102 I native  : tensorflow_inference_jni.cc:87 Found session variables for 7b9225f90a61d7c8
11-15 11:50:20.283 17053 17102 E native  : tensorflow_inference_jni.cc:159 Output [output/Softmax:0] not found, aborting!
11-15 11:50:20.293  5921 17117 E mm-camera: module_faceproc_port_event_func:886] MCT_EVENT_MODULE_BUF_DIVERT 65538, Cannot start FD, active 10003, frameid 131 130, native 1, mapped 1 1
11-15 11:50:20.326  5921 17117 E mm-camera: module_faceproc_port_event_func:886] MCT_EVENT_MODULE_BUF_DIVERT 65538, Cannot start FD, active 10003, frameid 132 131, native 1, mapped 1 1
11-15 11:50:20.331 17053 17101 I tensorflow: ImageUtils: Saving Mat 48x48 bitmap to /storage/emulated/0/tensorflow.
11-15 11:50:20.331 17053 17101 I tensorflow: ImageUtils: Make dir failed
11-15 11:50:20.339 17053 17101 I tensorflow: ImageUtils: Saving 48x48 bitmap to /storage/emulated/0/tensorflow.
11-15 11:50:20.339 17053 17101 I tensorflow: ImageUtils: Make dir failed
11-15 11:50:20.348 17053 17102 I native  : tensorflow_inference_jni.cc:87 Found session variables for 7b9225f90a61d7c8
11-15 11:50:20.348 17053 17102 I native  : tensorflow_inference_jni.cc:87 Found session variables for 7b9225f90a61d7c8
11-15 11:50:20.348 17053 17102 I native  : tensorflow_inference_jni.cc:197 End computing. Ran in 0ms (0ms avg over 106 runs)
11-15 11:50:20.348 17053 17102 E native  : tensorflow_inference_jni.cc:202 Error during inference: Invalid argument: Session was not created with a graph before Run()!
11-15 11:50:20.348 17053 17102 I native  : tensorflow_inference_jni.cc:87 Found session variables for 7b9225f90a61d7c8
11-15 11:50:20.348 17053 17102 I native  : tensorflow_inference_jni.cc:87 Found session variables for 7b9225f90a61d7c8
11-15 11:50:20.349 17053 17102 E native  : tensorflow_inference_jni.cc:159 Output [output/Softmax:0] not found, aborting!
11-15 11:50:20.360  5921 17117 E mm-camera: module_faceproc_port_event_func:886] MCT_EVENT_MODULE_BUF_DIVERT 65538, Cannot start FD, active 10003, frameid 133 132, native 1, mapped 1 1
11-15 11:50:20.376 17053 17101 I tensorflow: ImageUtils: Saving Mat 48x48 bitmap to /storage/emulated/0/tensorflow.
11-15 11:50:20.376 17053 17101 I tensorflow: ImageUtils: Make dir failed
11-15 11:50:20.380 17053 17101 I tensorflow: ImageUtils: Saving 48x48 bitmap to /storage/emulated/0/tensorflow.
11-15 11:50:20.380 17053 17101 I tensorflow: ImageUtils: Make dir failed
11-15 11:50:20.386 17053 17102 I native  : tensorflow_inference_jni.cc:87 Found session variables for 7b9225f90a61d7c8
11-15 11:50:20.386 17053 17102 I native  : tensorflow_inference_jni.cc:87 Found session variables for 7b9225f90a61d7c8
11-15 11:50:20.387 17053 17102 I native  : tensorflow_inference_jni.cc:197 End computing. Ran in 0ms (0ms avg over 107 runs)
11-15 11:50:20.387 17053 17102 E native  : tensorflow_inference_jni.cc:202 Error during inference: Invalid argument: Session was not created with a graph before Run()!
11-15 11:50:20.387 17053 17102 I native  : tensorflow_inference_jni.cc:87 Found session variables for 7b9225f90a61d7c8
11-15 11:50:20.387 17053 17102 I native  : tensorflow_inference_jni.cc:87 Found session variables for 7b9225f90a61d7c8
11-15 11:50:20.387 17053 17102 E native  : tensorflow_inference_jni.cc:159 Output [output/Softmax:0] not found, aborting!
11-15 11:50:20.394  5921 17117 E mm-camera: module_faceproc_port_event_func:886] MCT_EVENT_MODULE_BUF_DIVERT 65538, Cannot start FD, active 10003, frameid 134 133, native 1, mapped 1 1
11-15 11:50:20.409 17053 17101 I tensorflow: ImageUtils: Saving Mat 48x48 bitmap to /storage/emulated/0/tensorflow.
11-15 11:50:20.409 17053 17101 I tensorflow: ImageUtils: Make dir failed
11-15 11:50:20.413 17053 17101 I tensorflow: ImageUtils: Saving 48x48 bitmap to /storage/emulated/0/tensorflow.
11-15 11:50:20.413 17053 17101 I tensorflow: ImageUtils: Make dir failed
11-15 11:50:20.418 17053 17102 I native  : tensorflow_inference_jni.cc:87 Found session variables for 7b9225f90a61d7c8
11-15 11:50:20.419 17053 17102 I native  : tensorflow_inference_jni.cc:87 Found session variables for 7b9225f90a61d7c8
11-15 11:50:20.419 17053 17102 I native  : tensorflow_inference_jni.cc:197 End computing. Ran in 0ms (0ms avg over 108 runs)
11-15 11:50:20.419 17053 17102 E native  : tensorflow_inference_jni.cc:202 Error during inference: Invalid argument: Session was not created with a graph before Run()!
11-15 11:50:20.419 17053 17102 I native  : tensorflow_inference_jni.cc:87 Found session variables for 7b9225f90a61d7c8
11-15 11:50:20.419 17053 17102 I native  : tensorflow_inference_jni.cc:87 Found session variables for 7b9225f90a61d7c8
11-15 11:50:20.419 17053 17102 E native  : tensorflow_inference_jni.cc:159 Output [output/Softmax:0] not found, aborting!
11-15 11:50:20.428  5921 17117 E mm-camera: module_faceproc_port_event_func:886] MCT_EVENT_MODULE_BUF_DIVERT 65538, Cannot start FD, active 10003, frameid 135 134, native 1, mapped 1 1
11-15 11:50:20.443 17053 17101 I tensorflow: ImageUtils: Saving Mat 48x48 bitmap to /storage/emulated/0/tensorflow.
11-15 11:50:20.443 17053 17101 I tensorflow: ImageUtils: Make dir failed
11-15 11:50:20.447 17053 17101 I tensorflow: ImageUtils: Saving 48x48 bitmap to /storage/emulated/0/tensorflow.
11-15 11:50:20.447 17053 17101 I tensorflow: ImageUtils: Make dir failed
11-15 11:50:20.451 17053 17102 I native  : tensorflow_inference_jni.cc:87 Found session variables for 7b9225f90a61d7c8
11-15 11:50:20.451 17053 17102 I native  : tensorflow_inference_jni.cc:87 Found session variables for 7b9225f90a61d7c8
11-15 11:50:20.452 17053 17102 I native  : tensorflow_inference_jni.cc:197 End computing. Ran in 0ms (0ms avg over 109 runs)
11-15 11:50:20.452 17053 17102 E native  : tensorflow_inference_jni.cc:202 Error during inference: Invalid argument: Session was not created with a graph before Run()!
11-15 11:50:20.452 17053 17102 I native  : tensorflow_inference_jni.cc:87 Found session variables for 7b9225f90a61d7c8
11-15 11:50:20.452 17053 17102 I native  : tensorflow_inference_jni.cc:87 Found session variables for 7b9225f90a61d7c8
11-15 11:50:20.452 17053 17102 E native  : tensorflow_inference_jni.cc:159 Output [output/Softmax:0] not found, aborting!
11-15 11:50:20.462  5921 17117 E mm-camera: module_faceproc_port_event_func:886] MCT_EVENT_MODULE_BUF_DIVERT 65538, Cannot start FD, active 10003, frameid 136 135, native 1, mapped 1 1
11-15 11:50:20.477 17053 17101 I tensorflow: ImageUtils: Saving Mat 48x48 bitmap to /storage/emulated/0/tensorflow.
11-15 11:50:20.477 17053 17101 I tensorflow: ImageUtils: Make dir failed
11-15 11:50:20.481 17053 17101 I tensorflow: ImageUtils: Saving 48x48 bitmap to /storage/emulated/0/tensorflow.
11-15 11:50:20.481 17053 17101 I tensorflow: ImageUtils: Make dir failed
11-15 11:50:20.485 17053 17102 I native  : tensorflow_inference_jni.cc:87 Found session variables for 7b9225f90a61d7c8
11-15 11:50:20.485 17053 17102 I native  : tensorflow_inference_jni.cc:87 Found session variables for 7b9225f90a61d7c8
11-15 11:50:20.486 17053 17102 I native  : tensorflow_inference_jni.cc:197 End computing. Ran in 0ms (0ms avg over 110 runs)
11-15 11:50:20.486 17053 17102 E native  : tensorflow_inference_jni.cc:202 Error during inference: Invalid argument: Session was not created with a graph before Run()!
11-15 11:50:20.486 17053 17102 I native  : tensorflow_inference_jni.cc:87 Found session variables for 7b9225f90a61d7c8
11-15 11:50:20.486 17053 17102 I native  : tensorflow_inference_jni.cc:87 Found session variables for 7b9225f90a61d7c8
11-15 11:50:20.486 17053 17102 E native  : tensorflow_inference_jni.cc:159 Output [output/Softmax:0] not found, aborting!
11-15 11:50:20.494  5921 17117 E mm-camera: module_faceproc_port_event_func:886] MCT_EVENT_MODULE_BUF_DIVERT 65538, Cannot start FD, active 10003, frameid 137 136, native 1, mapped 1 1
11-15 11:50:20.511 17053 17101 I tensorflow: ImageUtils: Saving Mat 48x48 bitmap to /storage/emulated/0/tensorflow.
11-15 11:50:20.511 17053 17101 I tensorflow: ImageUtils: Make dir failed
11-15 11:50:20.515 17053 17101 I tensorflow: ImageUtils: Saving 48x48 bitmap to /storage/emulated/0/tensorflow.
11-15 11:50:20.515 17053 17101 I tensorflow: ImageUtils: Make dir failed
11-15 11:50:20.519 17053 17102 I native  : tensorflow_inference_jni.cc:87 Found session variables for 7b9225f90a61d7c8
11-15 11:50:20.520 17053 17102 I native  : tensorflow_inference_jni.cc:87 Found session variables for 7b9225f90a61d7c8
11-15 11:50:20.520 17053 17102 I native  : tensorflow_inference_jni.cc:197 End computing. Ran in 0ms (0ms avg over 111 runs)
11-15 11:50:20.520 17053 17102 E native  : tensorflow_inference_jni.cc:202 Error during inference: Invalid argument: Session was not created with a graph before Run()!
11-15 11:50:20.520 17053 17102 I native  : tensorflow_inference_jni.cc:87 Found session variables for 7b9225f90a61d7c8
11-15 11:50:20.520 17053 17102 I native  : tensorflow_inference_jni.cc:87 Found session variables for 7b9225f90a61d7c8
11-15 11:50:20.520 17053 17102 E native  : tensorflow_inference_jni.cc:159 Output [output/Softmax:0] not found, aborting!
11-15 11:50:20.527  5921 17117 E mm-camera: module_faceproc_port_event_func:886] MCT_EVENT_MODULE_BUF_DIVERT 65538, Cannot start FD, active 10003, frameid 138 137, native 1, mapped 1 1
11-15 11:50:20.543 17053 17101 I tensorflow: ImageUtils: Saving Mat 48x48 bitmap to /storage/emulated/0/tensorflow.
11-15 11:50:20.543 17053 17101 I tensorflow: ImageUtils: Make dir failed
11-15 11:50:20.547 17053 17101 I tensorflow: ImageUtils: Saving 48x48 bitmap to /storage/emulated/0/tensorflow.
11-15 11:50:20.547 17053 17101 I tensorflow: ImageUtils: Make dir failed
11-15 11:50:20.552 17053 17102 I native  : tensorflow_inference_jni.cc:87 Found session variables for 7b9225f90a61d7c8
11-15 11:50:20.552 17053 17102 I native  : tensorflow_inference_jni.cc:87 Found session variables for 7b9225f90a61d7c8
11-15 11:50:20.552 17053 17102 I native  : tensorflow_inference_jni.cc:197 End computing. Ran in 0ms (0ms avg over 112 runs)
11-15 11:50:20.552 17053 17102 E native  : tensorflow_inference_jni.cc:202 Error during inference: Invalid argument: Session was not created with a graph before Run()!
11-15 11:50:20.552 17053 17102 I native  : tensorflow_inference_jni.cc:87 Found session variables for 7b9225f90a61d7c8
11-15 11:50:20.552 17053 17102 I native  : tensorflow_inference_jni.cc:87 Found session variables for 7b9225f90a61d7c8
11-15 11:50:20.552 17053 17102 E native  : tensorflow_inference_jni.cc:159 Output [output/Softmax:0] not found, aborting!
11-15 11:50:20.563  5921 17117 E mm-camera: module_faceproc_port_event_func:886] MCT_EVENT_MODULE_BUF_DIVERT 65538, Cannot start FD, active 10003, frameid 139 138, native 1, mapped 1 1
11-15 11:50:20.578 17053 17101 I tensorflow: ImageUtils: Saving Mat 48x48 bitmap to /storage/emulated/0/tensorflow.
11-15 11:50:20.578 17053 17101 I tensorflow: ImageUtils: Make dir failed
11-15 11:50:20.581 17053 17101 I tensorflow: ImageUtils: Saving 48x48 bitmap to /storage/emulated/0/tensorflow.
11-15 11:50:20.582 17053 17101 I tensorflow: ImageUtils: Make dir failed
11-15 11:50:20.586 17053 17102 I native  : tensorflow_inference_jni.cc:87 Found session variables for 7b9225f90a61d7c8
11-15 11:50:20.586 17053 17102 I native  : tensorflow_inference_jni.cc:87 Found session variables for 7b9225f90a61d7c8
11-15 11:50:20.586 17053 17102 I native  : tensorflow_inference_jni.cc:197 End computing. Ran in 0ms (0ms avg over 113 runs)
11-15 11:50:20.586 17053 17102 E native  : tensorflow_inference_jni.cc:202 Error during inference: Invalid argument: Session was not created with a graph before Run()!
11-15 11:50:20.586 17053 17102 I native  : tensorflow_inference_jni.cc:87 Found session variables for 7b9225f90a61d7c8
11-15 11:50:20.586 17053 17102 I native  : tensorflow_inference_jni.cc:87 Found session variables for 7b9225f90a61d7c8
11-15 11:50:20.587 17053 17102 E native  : tensorflow_inference_jni.cc:159 Output [output/Softmax:0] not found, aborting!
11-15 11:50:20.595  5921 17117 E mm-camera: module_faceproc_port_event_func:886] MCT_EVENT_MODULE_BUF_DIVERT 65538, Cannot start FD, active 10003, frameid 140 139, native 1, mapped 1 1
11-15 11:50:20.611 17053 17101 I tensorflow: ImageUtils: Saving Mat 48x48 bitmap to /storage/emulated/0/tensorflow.
11-15 11:50:20.611 17053 17101 I tensorflow: ImageUtils: Make dir failed
11-15 11:50:20.615 17053 17101 I tensorflow: ImageUtils: Saving 48x48 bitmap to /storage/emulated/0/tensorflow.
11-15 11:50:20.615 17053 17101 I tensorflow: ImageUtils: Make dir failed
11-15 11:50:20.620 17053 17102 I native  : tensorflow_inference_jni.cc:87 Found session variables for 7b9225f90a61d7c8
11-15 11:50:20.620 17053 17102 I native  : tensorflow_inference_jni.cc:87 Found session variables for 7b9225f90a61d7c8
11-15 11:50:20.620 17053 17102 I native  : tensorflow_inference_jni.cc:197 End computing. Ran in 0ms (0ms avg over 114 runs)
11-15 11:50:20.620 17053 17102 E native  : tensorflow_inference_jni.cc:202 Error during inference: Invalid argument: Session was not created with a graph before Run()!
11-15 11:50:20.620 17053 17102 I native  : tensorflow_inference_jni.cc:87 Found session variables for 7b9225f90a61d7c8
11-15 11:50:20.621 17053 17102 I native  : tensorflow_inference_jni.cc:87 Found session variables for 7b9225f90a61d7c8
11-15 11:50:20.621 17053 17102 E native  : tensorflow_inference_jni.cc:159 Output [output/Softmax:0] not found, aborting!
11-15 11:50:20.628  5921 17117 E mm-camera: module_faceproc_port_event_func:886] MCT_EVENT_MODULE_BUF_DIVERT 65538, Cannot start FD, active 10003, frameid 141 140, native 1, mapped 1 1
11-15 11:50:20.645 17053 17101 I tensorflow: ImageUtils: Saving Mat 48x48 bitmap to /storage/emulated/0/tensorflow.
11-15 11:50:20.645 17053 17101 I tensorflow: ImageUtils: Make dir failed
11-15 11:50:20.648 17053 17101 I tensorflow: ImageUtils: Saving 48x48 bitmap to /storage/emulated/0/tensorflow.
11-15 11:50:20.648 17053 17101 I tensorflow: ImageUtils: Make dir failed
11-15 11:50:20.653 17053 17102 I native  : tensorflow_inference_jni.cc:87 Found session variables for 7b9225f90a61d7c8
11-15 11:50:20.653 17053 17102 I native  : tensorflow_inference_jni.cc:87 Found session variables for 7b9225f90a61d7c8
11-15 11:50:20.653 17053 17102 I native  : tensorflow_inference_jni.cc:197 End computing. Ran in 0ms (0ms avg over 115 runs)
11-15 11:50:20.653 17053 17102 E native  : tensorflow_inference_jni.cc:202 Error during inference: Invalid argument: Session was not created with a graph before Run()!
11-15 11:50:20.653 17053 17102 I native  : tensorflow_inference_jni.cc:87 Found session variables for 7b9225f90a61d7c8
11-15 11:50:20.653 17053 17102 I native  : tensorflow_inference_jni.cc:87 Found session variables for 7b9225f90a61d7c8
11-15 11:50:20.654 17053 17102 E native  : tensorflow_inference_jni.cc:159 Output [output/Softmax:0] not found, aborting!
11-15 11:50:20.662  5921 17117 E mm-camera: module_faceproc_port_event_func:886] MCT_EVENT_MODULE_BUF_DIVERT 65538, Cannot start FD, active 10003, frameid 142 141, native 1, mapped 1 1
11-15 11:50:20.680 17053 17101 I tensorflow: ImageUtils: Saving Mat 48x48 bitmap to /storage/emulated/0/tensorflow.
11-15 11:50:20.680 17053 17101 I tensorflow: ImageUtils: Make dir failed
11-15 11:50:20.688 17053 17101 I tensorflow: ImageUtils: Saving 48x48 bitmap to /storage/emulated/0/tensorflow.
11-15 11:50:20.688 17053 17101 I tensorflow: ImageUtils: Make dir failed
11-15 11:50:20.694 17053 17102 I native  : tensorflow_inference_jni.cc:87 Found session variables for 7b9225f90a61d7c8
11-15 11:50:20.694 17053 17102 I native  : tensorflow_inference_jni.cc:87 Found session variables for 7b9225f90a61d7c8
11-15 11:50:20.694 17053 17102 I native  : tensorflow_inference_jni.cc:197 End computing. Ran in 0ms (0ms avg over 116 runs)
11-15 11:50:20.694 17053 17102 E native  : tensorflow_inference_jni.cc:202 Error during inference: Invalid argument: Session was not created with a graph before Run()!
11-15 11:50:20.694 17053 17102 I native  : tensorflow_inference_jni.cc:87 Found session variables for 7b9225f90a61d7c8
11-15 11:50:20.694 17053 17102 I native  : tensorflow_inference_jni.cc:87 Found session variables for 7b9225f90a61d7c8
11-15 11:50:20.694 17053 17102 E native  : tensorflow_inference_jni.cc:159 Output [output/Softmax:0] not found, aborting!
11-15 11:50:20.697  5921 17117 E mm-camera: module_faceproc_port_event_func:886] MCT_EVENT_MODULE_BUF_DIVERT 65538, Cannot start FD, active 10003, frameid 143 142, native 1, mapped 1 1
11-15 11:50:20.717 24243 24243 E ClientVe: Failed to create ClientVisualElementsProto for user interaction 27 on view com.google.android.apps.gsa.assist.AssistLayerContainer{917ca87 V.E...... ......ID 0,0-1920,1080 #7f050164 app:id/assist_layer} because that user interaction is not enabled for the view.
11-15 11:50:20.731  5921 17117 E mm-camera: module_faceproc_port_event_func:886] MCT_EVENT_MODULE_BUF_DIVERT 65538, Cannot start FD, active 10003, frameid 144 143, native 1, mapped 1 1
11-15 11:50:20.735 17053 17101 I tensorflow: ImageUtils: Saving Mat 48x48 bitmap to /storage/emulated/0/tensorflow.
11-15 11:50:20.735 17053 17101 I tensorflow: ImageUtils: Make dir failed
11-15 11:50:20.744 17053 17101 I tensorflow: ImageUtils: Saving 48x48 bitmap to /storage/emulated/0/tensorflow.
11-15 11:50:20.744 17053 17101 I tensorflow: ImageUtils: Make dir failed
11-15 11:50:20.749 17053 17102 I native  : tensorflow_inference_jni.cc:87 Found session variables for 7b9225f90a61d7c8
11-15 11:50:20.749 17053 17102 I native  : tensorflow_inference_jni.cc:87 Found session variables for 7b9225f90a61d7c8
11-15 11:50:20.749 17053 17102 I native  : tensorflow_inference_jni.cc:197 End computing. Ran in 0ms (0ms avg over 117 runs)
11-15 11:50:20.749 17053 17102 E native  : tensorflow_inference_jni.cc:202 Error during inference: Invalid argument: Session was not created with a graph before Run()!
11-15 11:50:20.749 17053 17102 I native  : tensorflow_inference_jni.cc:87 Found session variables for 7b9225f90a61d7c8
11-15 11:50:20.749 17053 17102 I native  : tensorflow_inference_jni.cc:87 Found session variables for 7b9225f90a61d7c8
11-15 11:50:20.749 17053 17102 E native  : tensorflow_inference_jni.cc:159 Output [output/Softmax:0] not found, aborting!
11-15 11:50:20.759 17053 17101 I tensorflow: ImageUtils: Saving Mat 48x48 bitmap to /storage/emulated/0/tensorflow.
11-15 11:50:20.760 17053 17101 I tensorflow: ImageUtils: Make dir failed
11-15 11:50:20.762  5921 17117 E mm-camera: module_faceproc_port_event_func:886] MCT_EVENT_MODULE_BUF_DIVERT 65538, Cannot start FD, active 10003, frameid 145 144, native 1, mapped 1 1
11-15 11:50:20.765 17053 17101 I tensorflow: ImageUtils: Saving 48x48 bitmap to /storage/emulated/0/tensorflow.
11-15 11:50:20.768 17053 17101 I tensorflow: ImageUtils: Make dir failed
11-15 11:50:20.775 17053 17102 I native  : tensorflow_inference_jni.cc:87 Found session variables for 7b9225f90a61d7c8
11-15 11:50:20.775 17053 17102 I native  : tensorflow_inference_jni.cc:87 Found session variables for 7b9225f90a61d7c8
11-15 11:50:20.775 17053 17102 I native  : tensorflow_inference_jni.cc:197 End computing. Ran in 0ms (0ms avg over 118 runs)
11-15 11:50:20.775 17053 17102 E native  : tensorflow_inference_jni.cc:202 Error during inference: Invalid argument: Session was not created with a graph before Run()!
11-15 11:50:20.776 17053 17102 I native  : tensorflow_inference_jni.cc:87 Found session variables for 7b9225f90a61d7c8
11-15 11:50:20.776 17053 17102 I native  : tensorflow_inference_jni.cc:87 Found session variables for 7b9225f90a61d7c8
11-15 11:50:20.776 17053 17102 E native  : tensorflow_inference_jni.cc:159 Output [output/Softmax:0] not found, aborting!
11-15 11:50:20.788 17053 17101 I tensorflow: ImageUtils: Saving Mat 48x48 bitmap to /storage/emulated/0/tensorflow.
11-15 11:50:20.788 17053 17101 I tensorflow: ImageUtils: Make dir failed
11-15 11:50:20.792 17053 17101 I tensorflow: ImageUtils: Saving 48x48 bitmap to /storage/emulated/0/tensorflow.
11-15 11:50:20.793 17053 17101 I tensorflow: ImageUtils: Make dir failed
11-15 11:50:20.796  5921 17117 E mm-camera: module_faceproc_port_event_func:886] MCT_EVENT_MODULE_BUF_DIVERT 65538, Cannot start FD, active 10003, frameid 146 145, native 1, mapped 1 1
11-15 11:50:20.800  1662  1662 E NowRemoteClient: skipping logEndstates, service is null
11-15 11:50:20.807 17053 17102 I native  : tensorflow_inference_jni.cc:87 Found session variables for 7b9225f90a61d7c8
11-15 11:50:20.807 17053 17102 I native  : tensorflow_inference_jni.cc:87 Found session variables for 7b9225f90a61d7c8
11-15 11:50:20.807 17053 17102 I native  : tensorflow_inference_jni.cc:197 End computing. Ran in 0ms (0ms avg over 119 runs)
11-15 11:50:20.807 17053 17102 E native  : tensorflow_inference_jni.cc:202 Error during inference: Invalid argument: Session was not created with a graph before Run()!
11-15 11:50:20.807 17053 17102 I native  : tensorflow_inference_jni.cc:87 Found session variables for 7b9225f90a61d7c8
11-15 11:50:20.807 17053 17102 I native  : tensorflow_inference_jni.cc:87 Found session variables for 7b9225f90a61d7c8
11-15 11:50:20.807 17053 17102 E native  : tensorflow_inference_jni.cc:159 Output [output/Softmax:0] not found, aborting!
11-15 11:50:20.824 17053 17101 I tensorflow: ImageUtils: Saving Mat 48x48 bitmap to /storage/emulated/0/tensorflow.
11-15 11:50:20.824 17053 17101 I tensorflow: ImageUtils: Make dir failed
11-15 11:50:20.830  5921 17117 E mm-camera: module_faceproc_port_event_func:886] MCT_EVENT_MODULE_BUF_DIVERT 65538, Cannot start FD, active 10003, frameid 147 146, native 1, mapped 1 1
11-15 11:50:20.840 17053 17101 I tensorflow: ImageUtils: Saving 48x48 bitmap to /storage/emulated/0/tensorflow.
11-15 11:50:20.841   197 19588 E mm-camera-intf: mm_camera_poll_thread_del_poll_fd: invalid handler 177152 (0)
11-15 11:50:20.841 17053 17101 I tensorflow: ImageUtils: Make dir failed
11-15 11:50:20.856 17053 17102 I native  : tensorflow_inference_jni.cc:87 Found session variables for 7b9225f90a61d7c8
11-15 11:50:20.856 17053 17102 I native  : tensorflow_inference_jni.cc:87 Found session variables for 7b9225f90a61d7c8
11-15 11:50:20.856 17053 17102 I native  : tensorflow_inference_jni.cc:197 End computing. Ran in 0ms (0ms avg over 120 runs)
11-15 11:50:20.856 17053 17102 E native  : tensorflow_inference_jni.cc:202 Error during inference: Invalid argument: Session was not created with a graph before Run()!
11-15 11:50:20.856 17053 17102 I native  : tensorflow_inference_jni.cc:87 Found session variables for 7b9225f90a61d7c8
11-15 11:50:20.856 17053 17102 I native  : tensorflow_inference_jni.cc:87 Found session variables for 7b9225f90a61d7c8
11-15 11:50:20.856 17053 17102 E native  : tensorflow_inference_jni.cc:159 Output [output/Softmax:0] not found, aborting!
11-15 11:50:20.905   197 19588 E mm-camera-intf: mm_camera_poll_thread_del_poll_fd: invalid handler 176640 (0)
11-15 11:50:20.918 17053 17101 I tensorflow: ImageUtils: Saving Mat 48x48 bitmap to /storage/emulated/0/tensorflow.
11-15 11:50:20.918 17053 17101 I tensorflow: ImageUtils: Make dir failed
11-15 11:50:20.924 17053 17101 I tensorflow: ImageUtils: Saving 48x48 bitmap to /storage/emulated/0/tensorflow.
11-15 11:50:20.924 17053 17101 I tensorflow: ImageUtils: Make dir failed
11-15 11:50:20.932 17053 17102 I native  : tensorflow_inference_jni.cc:87 Found session variables for 7b9225f90a61d7c8
11-15 11:50:20.933 17053 17102 I native  : tensorflow_inference_jni.cc:87 Found session variables for 7b9225f90a61d7c8
11-15 11:50:20.933 17053 17102 I native  : tensorflow_inference_jni.cc:197 End computing. Ran in 0ms (0ms avg over 121 runs)
11-15 11:50:20.933 17053 17102 E native  : tensorflow_inference_jni.cc:202 Error during inference: Invalid argument: Session was not created with a graph before Run()!
11-15 11:50:20.933 17053 17102 I native  : tensorflow_inference_jni.cc:87 Found session variables for 7b9225f90a61d7c8
11-15 11:50:20.933 17053 17102 I native  : tensorflow_inference_jni.cc:87 Found session variables for 7b9225f90a61d7c8
11-15 11:50:20.934 17053 17102 E native  : tensorflow_inference_jni.cc:159 Output [output/Softmax:0] not found, aborting!
11-15 11:50:20.975  5921 17120 E mm-camera: isp_unlink_sink_port: E
11-15 11:50:20.976   197 19588 E QCamera3Channel: virtual qcamera::QCamera3Channel::~QCamera3Channel(): deleting channel 176898
11-15 11:50:20.978  5921 17120 E mm-camera: isp_unlink_sink_port: E
11-15 11:50:20.978  5921 17120 E mm-camera-img: faceproc_save_album:774] Error No album 
11-15 11:50:20.978  5921 17120 E mm-camera-img: faceproc_comp_eng_destroy: Album save failed -1
11-15 11:50:20.980   197 19588 E QCamera3Channel: virtual qcamera::QCamera3Channel::~QCamera3Channel(): deleting channel 176385
11-15 11:50:20.992   197 19588 E QCamera3Channel: virtual qcamera::QCamera3Channel::~QCamera3Channel(): deleting channel 175872
11-15 11:50:20.996  5921 17120 E mm-camera: mct_pipeline_get_stream: no children
11-15 11:50:20.996  5921 17120 E mm-camera: mct_pipeline_process_set:1451: Couldn't find stream
11-15 11:50:21.017   197 17256 E ACDB-LOADER: Error: ACDB AudProc vol returned = -19
11-15 11:50:21.045  1275 26461 E Auth    : [GoogleAccountDataServiceImpl] getToken() -> BAD_AUTHENTICATION. Account: <ELLIDED:-540182391>, App: com.google.android.gms, Service: oauth2:https://www.googleapis.com/auth/contextcontroller
11-15 11:50:21.045  1275 26461 E Auth    : dgn: Long live credential not available.
11-15 11:50:21.045  1275 26461 E Auth    : 	at dgo.a(:com.google.android.gms:3101)
11-15 11:50:21.045  1275 26461 E Auth    : 	at dfc.a(:com.google.android.gms:399)
11-15 11:50:21.045  1275 26461 E Auth    : 	at dfb.a(:com.google.android.gms:31371)
11-15 11:50:21.045  1275 26461 E Auth    : 	at dfb.a(:com.google.android.gms:313)
11-15 11:50:21.045  1275 26461 E Auth    : 	at egq.a(:com.google.android.gms:1201)
11-15 11:50:21.045  1275 26461 E Auth    : 	at ego.a(:com.google.android.gms:3554)
11-15 11:50:21.045  1275 26461 E Auth    : 	at ego.a(:com.google.android.gms:3196)
11-15 11:50:21.045  1275 26461 E Auth    : 	at dbp.a(:com.google.android.gms:349)
11-15 11:50:21.045  1275 26461 E Auth    : 	at dbp.a(:com.google.android.gms:213)
11-15 11:50:21.045  1275 26461 E Auth    : 	at dby.a(:com.google.android.gms:1501)
11-15 11:50:21.045  1275 26461 E Auth    : 	at dbx.a(:com.google.android.gms:914)
11-15 11:50:21.045  1275 26461 E Auth    : 	at dbx.e(:com.google.android.gms:526)
11-15 11:50:21.045  1275 26461 E Auth    : 	at dbx.d(:com.google.android.gms:445)
11-15 11:50:21.045  1275 26461 E Auth    : 	at dbv.b(:com.google.android.gms:562)
11-15 11:50:21.045  1275 26461 E Auth    : 	at jht.a(:com.google.android.gms:1080)
11-15 11:50:21.045  1275 26461 E Auth    : 	at jgj.a(:com.google.android.gms:53)
11-15 11:50:21.045  1275 26461 E Auth    : 	at bnz.a(:com.google.android.gms:5093)
11-15 11:50:21.045  1275 26461 E Auth    : 	at bjv.run(:com.google.android.gms:65)
11-15 11:50:21.045  1275 26461 E Auth    : 	at bjt.a(:com.google.android.gms:249)
11-15 11:50:21.045  1275 26461 E Auth    : 	at bjt.handleMessage(:com.google.android.gms:242)
11-15 11:50:21.045  1275 26461 E Auth    : 	at jly.run(:com.google.android.gms:139)
11-15 11:50:21.045  1275 26461 E Auth    : 	at jmg.run(:com.google.android.gms:450)
11-15 11:50:21.045  1275 26461 E Auth    : 	at java.util.concurrent.ThreadPoolExecutor.runWorker(ThreadPoolExecutor.java:1113)
11-15 11:50:21.045  1275 26461 E Auth    : 	at java.util.concurrent.ThreadPoolExecutor$Worker.run(ThreadPoolExecutor.java:588)
11-15 11:50:21.045  1275 26461 E Auth    : 	at jqr.run(:com.google.android.gms:17)
11-15 11:50:21.045  1275 26461 E Auth    : 	at java.lang.Thread.run(Thread.java:818)
11-15 11:50:21.080  2202  2210 E ANDR-PERF-LOCK: Failed to reset optimization for resource: 4 level: 0
11-15 11:50:21.148  1275 26461 E ctxmgr  : [BaseServerTask]Server task (WriteInterestRecordTask) got error response.
11-15 11:50:21.148  1275 26461 E ctxmgr  : com.android.volley.VolleyError: Unable to obtain auth token - is the device online?
11-15 11:50:21.148  1275 26461 E ctxmgr  : 	at bnz.a(:com.google.android.gms:5113)
11-15 11:50:21.148  1275 26461 E ctxmgr  : 	at bjv.run(:com.google.android.gms:65)
11-15 11:50:21.148  1275 26461 E ctxmgr  : 	at bjt.a(:com.google.android.gms:249)
11-15 11:50:21.148  1275 26461 E ctxmgr  : 	at bjt.handleMessage(:com.google.android.gms:242)
11-15 11:50:21.148  1275 26461 E ctxmgr  : 	at jly.run(:com.google.android.gms:139)
11-15 11:50:21.148  1275 26461 E ctxmgr  : 	at jmg.run(:com.google.android.gms:450)
11-15 11:50:21.148  1275 26461 E ctxmgr  : 	at java.util.concurrent.ThreadPoolExecutor.runWorker(ThreadPoolExecutor.java:1113)
11-15 11:50:21.148  1275 26461 E ctxmgr  : 	at java.util.concurrent.ThreadPoolExecutor$Worker.run(ThreadPoolExecutor.java:588)
11-15 11:50:21.148  1275 26461 E ctxmgr  : 	at jqr.run(:com.google.android.gms:17)
11-15 11:50:21.148  1275 26461 E ctxmgr  : 	at java.lang.Thread.run(Thread.java:818)
11-15 11:50:21.207  1275 26461 E ctxmgr  : [SyncServerInterestRecordsOperation]Failure response from WriteInterestRecord. StatusCode = -1
11-15 11:50:24.413  1275 26461 E Auth    : [GoogleAccountDataServiceImpl] getToken() -> BAD_AUTHENTICATION. Account: <ELLIDED:-540182391>, App: com.google.android.gms, Service: oauth2:https://www.googleapis.com/auth/contextcontroller
11-15 11:50:24.413  1275 26461 E Auth    : dgn: Long live credential not available.
11-15 11:50:24.413  1275 26461 E Auth    : 	at dgo.a(:com.google.android.gms:3101)
11-15 11:50:24.413  1275 26461 E Auth    : 	at dfc.a(:com.google.android.gms:399)
11-15 11:50:24.413  1275 26461 E Auth    : 	at dfb.a(:com.google.android.gms:31371)
11-15 11:50:24.413  1275 26461 E Auth    : 	at dfb.a(:com.google.android.gms:313)
11-15 11:50:24.413  1275 26461 E Auth    : 	at egq.a(:com.google.android.gms:1201)
11-15 11:50:24.413  1275 26461 E Auth    : 	at ego.a(:com.google.android.gms:3554)
11-15 11:50:24.413  1275 26461 E Auth    : 	at ego.a(:com.google.android.gms:3196)
11-15 11:50:24.413  1275 26461 E Auth    : 	at dbp.a(:com.google.android.gms:349)
11-15 11:50:24.413  1275 26461 E Auth    : 	at dbp.a(:com.google.android.gms:213)
11-15 11:50:24.413  1275 26461 E Auth    : 	at dby.a(:com.google.android.gms:1501)
11-15 11:50:24.413  1275 26461 E Auth    : 	at dbx.a(:com.google.android.gms:914)
11-15 11:50:24.413  1275 26461 E Auth    : 	at dbx.e(:com.google.android.gms:526)
11-15 11:50:24.413  1275 26461 E Auth    : 	at dbx.d(:com.google.android.gms:445)
11-15 11:50:24.413  1275 26461 E Auth    : 	at dbv.b(:com.google.android.gms:562)
11-15 11:50:24.413  1275 26461 E Auth    : 	at jht.a(:com.google.android.gms:1080)
11-15 11:50:24.413  1275 26461 E Auth    : 	at jgj.a(:com.google.android.gms:53)
11-15 11:50:24.413  1275 26461 E Auth    : 	at bnz.a(:com.google.android.gms:5093)
11-15 11:50:24.413  1275 26461 E Auth    : 	at bjv.run(:com.google.android.gms:65)
11-15 11:50:24.413  1275 26461 E Auth    : 	at bjt.a(:com.google.android.gms:249)
11-15 11:50:24.413  1275 26461 E Auth    : 	at bjt.handleMessage(:com.google.android.gms:242)
11-15 11:50:24.413  1275 26461 E Auth    : 	at jly.run(:com.google.android.gms:139)
11-15 11:50:24.413  1275 26461 E Auth    : 	at jmg.run(:com.google.android.gms:450)
11-15 11:50:24.413  1275 26461 E Auth    : 	at java.util.concurrent.ThreadPoolExecutor.runWorker(ThreadPoolExecutor.java:1113)
11-15 11:50:24.413  1275 26461 E Auth    : 	at java.util.concurrent.ThreadPoolExecutor$Worker.run(ThreadPoolExecutor.java:588)
11-15 11:50:24.413  1275 26461 E Auth    : 	at jqr.run(:com.google.android.gms:17)
11-15 11:50:24.413  1275 26461 E Auth    : 	at java.lang.Thread.run(Thread.java:818)
11-15 11:50:24.446  1275 26461 E ctxmgr  : [BaseServerTask]Server task (WriteInterestRecordTask) got error response.
11-15 11:50:24.446  1275 26461 E ctxmgr  : com.android.volley.VolleyError: Unable to obtain auth token - is the device online?
11-15 11:50:24.446  1275 26461 E ctxmgr  : 	at bnz.a(:com.google.android.gms:5113)
11-15 11:50:24.446  1275 26461 E ctxmgr  : 	at bjv.run(:com.google.android.gms:65)
11-15 11:50:24.446  1275 26461 E ctxmgr  : 	at bjt.a(:com.google.android.gms:249)
11-15 11:50:24.446  1275 26461 E ctxmgr  : 	at bjt.handleMessage(:com.google.android.gms:242)
11-15 11:50:24.446  1275 26461 E ctxmgr  : 	at jly.run(:com.google.android.gms:139)
11-15 11:50:24.446  1275 26461 E ctxmgr  : 	at jmg.run(:com.google.android.gms:450)
11-15 11:50:24.446  1275 26461 E ctxmgr  : 	at java.util.concurrent.ThreadPoolExecutor.runWorker(ThreadPoolExecutor.java:1113)
11-15 11:50:24.446  1275 26461 E ctxmgr  : 	at java.util.concurrent.ThreadPoolExecutor$Worker.run(ThreadPoolExecutor.java:588)
11-15 11:50:24.446  1275 26461 E ctxmgr  : 	at jqr.run(:com.google.android.gms:17)
11-15 11:50:24.446  1275 26461 E ctxmgr  : 	at java.lang.Thread.run(Thread.java:818)
11-15 11:50:24.451  1275 26461 E ctxmgr  : [SyncServerInterestRecordsOperation]Failure response from WriteInterestRecord. StatusCode = -1
11-15 11:50:27.990  1275   407 E Auth    : [GoogleAccountDataServiceImpl] getToken() -> BAD_AUTHENTICATION. Account: <ELLIDED:-540182391>, App: com.android.vending, Service: androidsecure
11-15 11:50:27.990  1275   407 E Auth    : dgn: Long live credential not available.
11-15 11:50:27.990  1275   407 E Auth    : 	at dgo.a(:com.google.android.gms:3101)
11-15 11:50:27.990  1275   407 E Auth    : 	at dfc.a(:com.google.android.gms:399)
11-15 11:50:27.990  1275   407 E Auth    : 	at dfb.a(:com.google.android.gms:31371)
11-15 11:50:27.990  1275   407 E Auth    : 	at dfb.a(:com.google.android.gms:313)
11-15 11:50:27.990  1275   407 E Auth    : 	at egq.a(:com.google.android.gms:1201)
11-15 11:50:27.990  1275   407 E Auth    : 	at ego.a(:com.google.android.gms:3554)
11-15 11:50:27.990  1275   407 E Auth    : 	at ego.a(:com.google.android.gms:3196)
11-15 11:50:27.990  1275   407 E Auth    : 	at dbp.a(:com.google.android.gms:349)
11-15 11:50:27.990  1275   407 E Auth    : 	at dbp.a(:com.google.android.gms:213)
11-15 11:50:27.990  1275   407 E Auth    : 	at dby.a(:com.google.android.gms:1501)
11-15 11:50:27.990  1275   407 E Auth    : 	at dbx.a(:com.google.android.gms:914)
11-15 11:50:27.990  1275   407 E Auth    : 	at dbx.e(:com.google.android.gms:526)
11-15 11:50:27.990  1275   407 E Auth    : 	at dbw.a(:com.google.android.gms:37)
11-15 11:50:27.990  1275   407 E Auth    : 	at ddj.getAuthToken(:com.google.android.gms:181)
11-15 11:50:27.990  1275   407 E Auth    : 	at android.accounts.AbstractAccountAuthenticator$Transport.getAuthToken(AbstractAccountAuthenticator.java:214)
11-15 11:50:27.990  1275   407 E Auth    : 	at android.accounts.IAccountAuthenticator$Stub.onTransact(IAccountAuthenticator.java:113)
11-15 11:50:27.990  1275   407 E Auth    : 	at android.os.Binder.execTransact(Binder.java:453)
11-15 11:50:37.643  1275 26461 E Auth    : [GoogleAccountDataServiceImpl] getToken() -> BAD_AUTHENTICATION. Account: <ELLIDED:-540182391>, App: com.google.android.gms, Service: oauth2:https://www.googleapis.com/auth/contextcontroller
11-15 11:50:37.643  1275 26461 E Auth    : dgn: Long live credential not available.
11-15 11:50:37.643  1275 26461 E Auth    : 	at dgo.a(:com.google.android.gms:3101)
11-15 11:50:37.643  1275 26461 E Auth    : 	at dfc.a(:com.google.android.gms:399)
11-15 11:50:37.643  1275 26461 E Auth    : 	at dfb.a(:com.google.android.gms:31371)
11-15 11:50:37.643  1275 26461 E Auth    : 	at dfb.a(:com.google.android.gms:313)
11-15 11:50:37.643  1275 26461 E Auth    : 	at egq.a(:com.google.android.gms:1201)
11-15 11:50:37.643  1275 26461 E Auth    : 	at ego.a(:com.google.android.gms:3554)
11-15 11:50:37.643  1275 26461 E Auth    : 	at ego.a(:com.google.android.gms:3196)
11-15 11:50:37.643  1275 26461 E Auth    : 	at dbp.a(:com.google.android.gms:349)
11-15 11:50:37.643  1275 26461 E Auth    : 	at dbp.a(:com.google.android.gms:213)
11-15 11:50:37.643  1275 26461 E Auth    : 	at dby.a(:com.google.android.gms:1501)
11-15 11:50:37.643  1275 26461 E Auth    : 	at dbx.a(:com.google.android.gms:914)
11-15 11:50:37.643  1275 26461 E Au