--------- beginning of system
01-05 15:32:07.115  1320  3615 E Auth    : [GoogleAccountDataServiceImpl] getToken() -> BAD_AUTHENTICATION. Account: <ELLIDED:-540182391>, App: com.google.android.gms, Service: oauth2:https://www.googleapis.com/auth/games
01-05 15:32:07.115  1320  3615 E Auth    : dgn: Long live credential not available.
01-05 15:32:07.115  1320  3615 E Auth    : 	at dgo.a(:com.google.android.gms:3101)
01-05 15:32:07.115  1320  3615 E Auth    : 	at dfc.a(:com.google.android.gms:399)
01-05 15:32:07.115  1320  3615 E Auth    : 	at dfb.a(:com.google.android.gms:31371)
01-05 15:32:07.115  1320  3615 E Auth    : 	at dfb.a(:com.google.android.gms:313)
01-05 15:32:07.115  1320  3615 E Auth    : 	at egq.a(:com.google.android.gms:1201)
01-05 15:32:07.115  1320  3615 E Auth    : 	at ego.a(:com.google.android.gms:3554)
01-05 15:32:07.115  1320  3615 E Auth    : 	at ego.a(:com.google.android.gms:3196)
01-05 15:32:07.115  1320  3615 E Auth    : 	at dbp.a(:com.google.android.gms:349)
01-05 15:32:07.115  1320  3615 E Auth    : 	at dbp.a(:com.google.android.gms:213)
01-05 15:32:07.115  1320  3615 E Auth    : 	at dby.a(:com.google.android.gms:1501)
01-05 15:32:07.115  1320  3615 E Auth    : 	at dbx.a(:com.google.android.gms:914)
01-05 15:32:07.115  1320  3615 E Auth    : 	at dbx.e(:com.google.android.gms:526)
01-05 15:32:07.115  1320  3615 E Auth    : 	at dbw.a(:com.google.android.gms:37)
01-05 15:32:07.115  1320  3615 E Auth    : 	at ddj.getAuthToken(:com.google.android.gms:181)
01-05 15:32:07.115  1320  3615 E Auth    : 	at android.accounts.AbstractAccountAuthenticator$Transport.getAuthToken(AbstractAccountAuthenticator.java:214)
01-05 15:32:07.115  1320  3615 E Auth    : 	at android.accounts.IAccountAuthenticator$Stub.onTransact(IAccountAuthenticator.java:113)
01-05 15:32:07.115  1320  3615 E Auth    : 	at android.os.Binder.execTransact(Binder.java:453)
01-05 15:32:34.943   210   293 E ThermalEngine: override action 10000
01-05 15:32:34.943   210   293 E ThermalEngine: Thermal-Server: Thermal received msg override 10000
01-05 15:32:34.943   210   293 E ThermalEngine: override_notify : SS mode 1 override 10000
01-05 15:33:21.735  2147  2349 E bt_btif_sock_rfcomm: find_rfc_slot_by_id unable to find RFCOMM slot id: 31
01-05 15:33:27.703  2147  2349 E bt_btif_sock_rfcomm: find_rfc_slot_by_id unable to find RFCOMM slot id: 32
01-05 15:34:37.322  1320  4187 E GCM     : Raising wifi heartbeat interval to: 230000 (good hb = 15, bad hb = 1)
01-05 15:35:07.021   793   890 E InputDispatcher: channel '56dd343 org.tensorflow.demo/org.tensorflow.demo.ClassifierActivity (server)' ~ Channel is unrecoverably broken and will be disposed!
01-05 15:35:07.554  1320  1320 E NetworkScheduler.SR: Invalid parameter app
01-05 15:35:07.554  1320  1320 E NetworkScheduler.SR: Invalid package name : Perhaps you didn't include a PendingIntent in the extras?
01-05 15:35:07.607  1956  2377 E Drive.UninstallOperation: Package still installed org.tensorflow.demo
01-05 15:35:08.854  1956  3140 E IntentOperationSvc: Failed to instantiate Chimera operation impl, dropping operation
01-05 15:35:09.041  1320  1320 E NetworkScheduler.SR: Invalid parameter app
01-05 15:35:09.041  1320  1320 E NetworkScheduler.SR: Invalid package name : Perhaps you didn't include a PendingIntent in the extras?
01-05 15:35:09.042  1320  1320 E NetworkScheduler.ATC: Trying to release unacquired lock: com.google.android.gms/.clearcut.service.VacuumService
01-05 15:35:21.146  6067  6165 E AudioRecord-JNI: Error -4 during AudioRecord native read
01-05 15:35:24.034  1320  2067 E Auth    : [GoogleAccountDataServiceImpl] getToken() -> BAD_AUTHENTICATION. Account: <ELLIDED:-540182391>, App: com.android.vending, Service: androidsecure
01-05 15:35:24.034  1320  2067 E Auth    : dgn: Long live credential not available.
01-05 15:35:24.034  1320  2067 E Auth    : 	at dgo.a(:com.google.android.gms:3101)
01-05 15:35:24.034  1320  2067 E Auth    : 	at dfc.a(:com.google.android.gms:399)
01-05 15:35:24.034  1320  2067 E Auth    : 	at dfb.a(:com.google.android.gms:31371)
01-05 15:35:24.034  1320  2067 E Auth    : 	at dfb.a(:com.google.android.gms:313)
01-05 15:35:24.034  1320  2067 E Auth    : 	at egq.a(:com.google.android.gms:1201)
01-05 15:35:24.034  1320  2067 E Auth    : 	at ego.a(:com.google.android.gms:3554)
01-05 15:35:24.034  1320  2067 E Auth    : 	at ego.a(:com.google.android.gms:3196)
01-05 15:35:24.034  1320  2067 E Auth    : 	at dbp.a(:com.google.android.gms:349)
01-05 15:35:24.034  1320  2067 E Auth    : 	at dbp.a(:com.google.android.gms:213)
01-05 15:35:24.034  1320  2067 E Auth    : 	at dby.a(:com.google.android.gms:1501)
01-05 15:35:24.034  1320  2067 E Auth    : 	at dbx.a(:com.google.android.gms:914)
01-05 15:35:24.034  1320  2067 E Auth    : 	at dbx.e(:com.google.android.gms:526)
01-05 15:35:24.034  1320  2067 E Auth    : 	at dbw.a(:com.google.android.gms:37)
01-05 15:35:24.034  1320  2067 E Auth    : 	at ddj.getAuthToken(:com.google.android.gms:181)
01-05 15:35:24.034  1320  2067 E Auth    : 	at android.accounts.AbstractAccountAuthenticator$Transport.getAuthToken(AbstractAccountAuthenticator.java:214)
01-05 15:35:24.034  1320  2067 E Auth    : 	at android.accounts.IAccountAuthenticator$Stub.onTransact(IAccountAuthenticator.java:113)
01-05 15:35:24.034  1320  2067 E Auth    : 	at android.os.Binder.execTransact(Binder.java:453)
01-05 15:35:26.211  2153  2163 E ANDR-PERF-LOCK: Failed to apply optimization for resource: 4 level: 0
01-05 15:35:26.302   197   197 E mm-camera-intf: mm_stream_get_v4l2_fmt: Unknown fmt=78
01-05 15:35:27.702  1320 29521 E ctxmgr  : [BaseProducer]Could not write ScreenState context, for account account#-517948760#, status = Status{statusCode=TIMEOUT, resolution=null}
01-05 15:35:35.041   210   293 E ThermalEngine: override action 7500
01-05 15:35:35.041   210   293 E ThermalEngine: Thermal-Server: Thermal received msg override 7500
01-05 15:35:35.041   210   293 E ThermalEngine: override_notify : SS mode 1 override 7500
01-05 15:35:35.778  3312  3419 I native  : tensorflow_inference_jni.cc:87 Found session variables for 7e906a6d147cafd9
01-05 15:35:35.926  3312  3419 I native  : tensorflow_inference_jni.cc:202 End computing. Ran in 147ms (198ms avg over 36 runs)
01-05 15:35:35.926  3312  3419 I native  : tensorflow_inference_jni.cc:87 Found session variables for 7e906a6d147cafd9
01-05 15:35:35.926  3312  3419 I native  : tensorflow_inference_jni.cc:87 Found session variables for 7e906a6d147cafd9
01-05 15:35:35.966  3312  3418 I tensorflow: ImageUtils: Saving Mat 48x48 bitmap to /storage/emulated/0/tensorflow.
01-05 15:35:35.966  3312  3418 I tensorflow: ImageUtils: Make dir failed
01-05 15:35:35.973  3312  3418 I tensorflow: ImageUtils: Saving 48x48 bitmap to /storage/emulated/0/tensorflow.
01-05 15:35:35.974  3312  3418 I tensorflow: ImageUtils: Make dir failed
01-05 15:35:35.983  3312  3419 I native  : tensorflow_inference_jni.cc:87 Found session variables for 7e906a6d147cafd9
01-05 15:35:35.983  3312  3419 I native  : tensorflow_inference_jni.cc:87 Found session variables for 7e906a6d147cafd9
01-05 15:35:36.167  3312  3419 I native  : tensorflow_inference_jni.cc:202 End computing. Ran in 183ms (197ms avg over 37 runs)
01-05 15:35:36.167  3312  3419 I native  : tensorflow_inference_jni.cc:87 Found session variables for 7e906a6d147cafd9
01-05 15:35:36.167  3312  3419 I native  : tensorflow_inference_jni.cc:87 Found session variables for 7e906a6d147cafd9
01-05 15:35:36.194  3312  3418 I tensorflow: ImageUtils: Saving Mat 48x48 bitmap to /storage/emulated/0/tensorflow.
01-05 15:35:36.194  3312  3418 I tensorflow: ImageUtils: Make dir failed
01-05 15:35:36.198  3312  3418 I tensorflow: ImageUtils: Saving 48x48 bitmap to /storage/emulated/0/tensorflow.
01-05 15:35:36.199  3312  3418 I tensorflow: ImageUtils: Make dir failed
01-05 15:35:36.205  3312  3419 I native  : tensorflow_inference_jni.cc:87 Found session variables for 7e906a6d147cafd9
01-05 15:35:36.206  3312  3419 I native  : tensorflow_inference_jni.cc:87 Found session variables for 7e906a6d147cafd9
01-05 15:35:36.384  3312  3419 I native  : tensorflow_inference_jni.cc:202 End computing. Ran in 178ms (197ms avg over 38 runs)
01-05 15:35:36.385  3312  3419 I native  : tensorflow_inference_jni.cc:87 Found session variables for 7e906a6d147cafd9
01-05 15:35:36.385  3312  3419 I native  : tensorflow_inference_jni.cc:87 Found session variables for 7e906a6d147cafd9
01-05 15:35:36.401  3312  3418 I tensorflow: ImageUtils: Saving Mat 48x48 bitmap to /storage/emulated/0/tensorflow.
01-05 15:35:36.401  3312  3418 I tensorflow: ImageUtils: Make dir failed
01-05 15:35:36.411  3312  3418 I tensorflow: ImageUtils: Saving 48x48 bitmap to /storage/emulated/0/tensorflow.
01-05 15:35:36.411  3312  3418 I tensorflow: ImageUtils: Make dir failed
01-05 15:35:36.422  3312  3419 I native  : tensorflow_inference_jni.cc:87 Found session variables for 7e906a6d147cafd9
01-05 15:35:36.422  3312  3419 I native  : tensorflow_inference_jni.cc:87 Found session variables for 7e906a6d147cafd9
01-05 15:35:36.558  3312  3419 I native  : tensorflow_inference_jni.cc:202 End computing. Ran in 136ms (195ms avg over 39 runs)
01-05 15:35:36.559  3312  3419 I native  : tensorflow_inference_jni.cc:87 Found session variables for 7e906a6d147cafd9
01-05 15:35:36.559  3312  3419 I native  : tensorflow_inference_jni.cc:87 Found session variables for 7e906a6d147cafd9
01-05 15:35:36.598  3312  3418 I tensorflow: ImageUtils: Saving Mat 48x48 bitmap to /storage/emulated/0/tensorflow.
01-05 15:35:36.598  3312  3418 I tensorflow: ImageUtils: Make dir failed
01-05 15:35:36.603  3312  3418 I tensorflow: ImageUtils: Saving 48x48 bitmap to /storage/emulated/0/tensorflow.
01-05 15:35:36.603  3312  3418 I tensorflow: ImageUtils: Make dir failed
01-05 15:35:36.609  3312  3419 I native  : tensorflow_inference_jni.cc:87 Found session variables for 7e906a6d147cafd9
01-05 15:35:36.609  3312  3419 I native  : tensorflow_inference_jni.cc:87 Found session variables for 7e906a6d147cafd9
01-05 15:35:36.742  3312  3419 I native  : tensorflow_inference_jni.cc:202 End computing. Ran in 133ms (194ms avg over 40 runs)
01-05 15:35:36.743  3312  3419 I native  : tensorflow_inference_jni.cc:87 Found session variables for 7e906a6d147cafd9
01-05 15:35:36.743  3312  3419 I native  : tensorflow_inference_jni.cc:87 Found session variables for 7e906a6d147cafd9
01-05 15:35:36.762  3312  3418 I tensorflow: ImageUtils: Saving Mat 48x48 bitmap to /storage/emulated/0/tensorflow.
01-05 15:35:36.763  3312  3418 I tensorflow: ImageUtils: Make dir failed
01-05 15:35:36.766  3312  3418 I tensorflow: ImageUtils: Saving 48x48 bitmap to /storage/emulated/0/tensorflow.
01-05 15:35:36.767  3312  3418 I tensorflow: ImageUtils: Make dir failed
01-05 15:35:36.772  3312  3419 I native  : tensorflow_inference_jni.cc:87 Found session variables for 7e906a6d147cafd9
01-05 15:35:36.772  3312  3419 I native  : tensorflow_inference_jni.cc:87 Found session variables for 7e906a6d147cafd9
01-05 15:35:36.925  3312  3419 I native  : tensorflow_inference_jni.cc:202 End computing. Ran in 152ms (193ms avg over 41 runs)
01-05 15:35:36.925  3312  3419 I native  : tensorflow_inference_jni.cc:87 Found session variables for 7e906a6d147cafd9
01-05 15:35:36.925  3312  3419 I native  : tensorflow_inference_jni.cc:87 Found session variables for 7e906a6d147cafd9
01-05 15:35:36.966  3312  3418 I tensorflow: ImageUtils: Saving Mat 48x48 bitmap to /storage/emulated/0/tensorflow.
01-05 15:35:36.966  3312  3418 I tensorflow: ImageUtils: Make dir failed
01-05 15:35:36.972  3312  3418 I tensorflow: ImageUtils: Saving 48x48 bitmap to /storage/emulated/0/tensorflow.
01-05 15:35:36.972  3312  3418 I tensorflow: ImageUtils: Make dir failed
01-05 15:35:36.982  3312  3419 I native  : tensorflow_inference_jni.cc:87 Found session variables for 7e906a6d147cafd9
01-05 15:35:36.982  3312  3419 I native  : tensorflow_inference_jni.cc:87 Found session variables for 7e906a6d147cafd9
01-05 15:35:37.130  3312  3419 I native  : tensorflow_inference_jni.cc:202 End computing. Ran in 147ms (192ms avg over 42 runs)
01-05 15:35:37.130  3312  3419 I native  : tensorflow_inference_jni.cc:87 Found session variables for 7e906a6d147cafd9
01-05 15:35:37.130  3312  3419 I native  : tensorflow_inference_jni.cc:87 Found session variables for 7e906a6d147cafd9
01-05 15:35:37.176  3312  3418 I tensorflow: ImageUtils: Saving Mat 48x48 bitmap to /storage/emulated/0/tensorflow.
01-05 15:35:37.176  3312  3418 I tensorflow: ImageUtils: Make dir failed
01-05 15:35:37.184  3312  3418 I tensorflow: ImageUtils: Saving 48x48 bitmap to /storage/emulated/0/tensorflow.
01-05 15:35:37.185  3312  3418 I tensorflow: ImageUtils: Make dir failed
01-05 15:35:37.196  3312  3419 I native  : tensorflow_inference_jni.cc:87 Found session variables for 7e906a6d147cafd9
01-05 15:35:37.196  3312  3419 I native  : tensorflow_inference_jni.cc:87 Found session variables for 7e906a6d147cafd9
01-05 15:35:37.346  3312  3419 I native  : tensorflow_inference_jni.cc:202 End computing. Ran in 150ms (191ms avg over 43 runs)
01-05 15:35:37.347  3312  3419 I native  : tensorflow_inference_jni.cc:87 Found session variables for 7e906a6d147cafd9
01-05 15:35:37.347  3312  3419 I native  : tensorflow_inference_jni.cc:87 Found session variables for 7e906a6d147cafd9
01-05 15:35:37.378  3312  3418 I tensorflow: ImageUtils: Saving Mat 48x48 bitmap to /storage/emulated/0/tensorflow.
01-05 15:35:37.378  3312  3418 I tensorflow: ImageUtils: Make dir failed
01-05 15:35:37.389  3312  3418 I tensorflow: ImageUtils: Saving 48x48 bitmap to /storage/emulated/0/tensorflow.
01-05 15:35:37.390  3312  3418 I tensorflow: ImageUtils: Make dir failed
01-05 15:35:37.397  3312  3419 I native  : tensorflow_inference_jni.cc:87 Found session variables for 7e906a6d147cafd9
01-05 15:35:37.397  3312  3419 I native  : tensorflow_inference_jni.cc:87 Found session variables for 7e906a6d147cafd9
01-05 15:35:37.546  3312  3419 I native  : tensorflow_inference_jni.cc:202 End computing. Ran in 148ms (190ms avg over 44 runs)
01-05 15:35:37.546  3312  3419 I native  : tensorflow_inference_jni.cc:87 Found session variables for 7e906a6d147cafd9
01-05 15:35:37.546  3312  3419 I native  : tensorflow_inference_jni.cc:87 Found session variables for 7e906a6d147cafd9
01-05 15:35:37.570  3312  3418 I tensorflow: ImageUtils: Saving Mat 48x48 bitmap to /storage/emulated/0/tensorflow.
01-05 15:35:37.570  3312  3418 I tensorflow: ImageUtils: Make dir failed
01-05 15:35:37.574  3312  3418 I tensorflow: ImageUtils: Saving 48x48 bitmap to /storage/emulated/0/tensorflow.
01-05 15:35:37.574  3312  3418 I tensorflow: ImageUtils: Make dir failed
01-05 15:35:37.579  3312  3419 I native  : tensorflow_inference_jni.cc:87 Found session variables for 7e906a6d147cafd9
01-05 15:35:37.579  3312  3419 I native  : tensorflow_inference_jni.cc:87 Found session variables for 7e906a6d147cafd9
01-05 15:35:37.742  3312  3419 I native  : tensorflow_inference_jni.cc:202 End computing. Ran in 162ms (189ms avg over 45 runs)
01-05 15:35:37.742  3312  3419 I native  : tensorflow_inference_jni.cc:87 Found session variables for 7e906a6d147cafd9
01-05 15:35:37.742  3312  3419 I native  : tensorflow_inference_jni.cc:87 Found session variables for 7e906a6d147cafd9
01-05 15:35:37.771  3312  3418 I tensorflow: ImageUtils: Saving Mat 48x48 bitmap to /storage/emulated/0/tensorflow.
01-05 15:35:37.771  3312  3418 I tensorflow: ImageUtils: Make dir failed
01-05 15:35:37.776  3312  3418 I tensorflow: ImageUtils: Saving 48x48 bitmap to /storage/emulated/0/tensorflow.
01-05 15:35:37.776  3312  3418 I tensorflow: ImageUtils: Make dir failed
01-05 15:35:37.781  3312  3419 I native  : tensorflow_inference_jni.cc:87 Found session variables for 7e906a6d147cafd9
01-05 15:35:37.781  3312  3419 I native  : tensorflow_inference_jni.cc:87 Found session variables for 7e906a6d147cafd9
01-05 15:35:37.942  3312  3419 I native  : tensorflow_inference_jni.cc:202 End computing. Ran in 160ms (189ms avg over 46 runs)
01-05 15:35:37.942  3312  3419 I native  : tensorflow_inference_jni.cc:87 Found session variables for 7e906a6d147cafd9
01-05 15:35:37.942  3312  3419 I native  : tensorflow_inference_jni.cc:87 Found session variables for 7e906a6d147cafd9
01-05 15:35:37.974  3312  3418 I tensorflow: ImageUtils: Saving Mat 48x48 bitmap to /storage/emulated/0/tensorflow.
01-05 15:35:37.974  3312  3418 I tensorflow: ImageUtils: Make dir failed
01-05 15:35:37.978  3312  3418 I tensorflow: ImageUtils: Saving 48x48 bitmap to /storage/emulated/0/tensorflow.
01-05 15:35:37.978  3312  3418 I tensorflow: ImageUtils: Make dir failed
01-05 15:35:37.984  3312  3419 I native  : tensorflow_inference_jni.cc:87 Found session variables for 7e906a6d147cafd9
01-05 15:35:37.984  3312  3419 I native  : tensorflow_inference_jni.cc:87 Found session variables for 7e906a6d147cafd9
01-05 15:35:38.132  3312  3419 I native  : tensorflow_inference_jni.cc:202 End computing. Ran in 147ms (188ms avg over 47 runs)
01-05 15:35:38.132  3312  3419 I native  : tensorflow_inference_jni.cc:87 Found session variables for 7e906a6d147cafd9
01-05 15:35:38.132  3312  3419 I native  : tensorflow_inference_jni.cc:87 Found session variables for 7e906a6d147cafd9
01-05 15:35:38.173  3312  3418 I tensorflow: ImageUtils: Saving Mat 48x48 bitmap to /storage/emulated/0/tensorflow.
01-05 15:35:38.173  3312  3418 I tensorflow: ImageUtils: Make dir failed
01-05 15:35:38.179  3312  3418 I tensorflow: ImageUtils: Saving 48x48 bitmap to /storage/emulated/0/tensorflow.
01-05 15:35:38.179  3312  3418 I tensorflow: ImageUtils: Make dir failed
01-05 15:35:38.186  3312  3419 I native  : tensorflow_inference_jni.cc:87 Found session variables for 7e906a6d147cafd9
01-05 15:35:38.186  3312  3419 I native  : tensorflow_inference_jni.cc:87 Found session variables for 7e906a6d147cafd9
01-05 15:35:38.335  3312  3419 I native  : tensorflow_inference_jni.cc:202 End computing. Ran in 149ms (187ms avg over 48 runs)
01-05 15:35:38.336  3312  3419 I native  : tensorflow_inference_jni.cc:87 Found session variables for 7e906a6d147cafd9
01-05 15:35:38.336  3312  3419 I native  : tensorflow_inference_jni.cc:87 Found session variables for 7e906a6d147cafd9
01-05 15:35:38.386  3312  3418 I tensorflow: ImageUtils: Saving Mat 48x48 bitmap to /storage/emulated/0/tensorflow.
01-05 15:35:38.386  3312  3418 I tensorflow: ImageUtils: Make dir failed
01-05 15:35:38.394  3312  3418 I tensorflow: ImageUtils: Saving 48x48 bitmap to /storage/emulated/0/tensorflow.
01-05 15:35:38.395  3312  3418 I tensorflow: ImageUtils: Make dir failed
01-05 15:35:38.404  3312  3419 I native  : tensorflow_inference_jni.cc:87 Found session variables for 7e906a6d147cafd9
01-05 15:35:38.404  3312  3419 I native  : tensorflow_inference_jni.cc:87 Found session variables for 7e906a6d147cafd9
01-05 15:35:38.575  3312  3419 I native  : tensorflow_inference_jni.cc:202 End computing. Ran in 171ms (187ms avg over 49 runs)
01-05 15:35:38.576  3312  3419 I native  : tensorflow_inference_jni.cc:87 Found session variables for 7e906a6d147cafd9
01-05 15:35:38.576  3312  3419 I native  : tensorflow_inference_jni.cc:87 Found session variables for 7e906a6d147cafd9
01-05 15:35:38.610  3312  3418 I tensorflow: ImageUtils: Saving Mat 48x48 bitmap to /storage/emulated/0/tensorflow.
01-05 15:35:38.611  3312  3418 I tensorflow: ImageUtils: Make dir failed
01-05 15:35:38.615  3312  3418 I tensorflow: ImageUtils: Saving 48x48 bitmap to /storage/emulated/0/tensorflow.
01-05 15:35:38.615  3312  3418 I tensorflow: ImageUtils: Make dir failed
01-05 15:35:38.621  3312  3419 I native  : tensorflow_inference_jni.cc:87 Found session variables for 7e906a6d147cafd9
01-05 15:35:38.621  3312  3419 I native  : tensorflow_inference_jni.cc:87 Found session variables for 7e906a6d147cafd9
01-05 15:35:38.799  3312  3419 I native  : tensorflow_inference_jni.cc:202 End computing. Ran in 178ms (186ms avg over 50 runs)
01-05 15:35:38.800  3312  3419 I native  : tensorflow_inference_jni.cc:87 Found session variables for 7e906a6d147cafd9
01-05 15:35:38.800  3312  3419 I native  : tensorflow_inference_jni.cc:87 Found session variables for 7e906a6d147cafd9
01-05 15:35:38.858  3312  3418 I tensorflow: ImageUtils: Saving Mat 48x48 bitmap to /storage/emulated/0/tensorflow.
01-05 15:35:38.858  3312  3418 I tensorflow: ImageUtils: Make dir failed
01-05 15:35:38.867  3312  3418 I tensorflow: ImageUtils: Saving 48x48 bitmap to /storage/emulated/0/tensorflow.
01-05 15:35:38.868  3312  3418 I tensorflow: ImageUtils: Make dir failed
01-05 15:35:38.877  3312  3419 I native  : tensorflow_inference_jni.cc:87 Found session variables for 7e906a6d147cafd9
01-05 15:35:38.877  3312  3419 I native  : tensorflow_inference_jni.cc:87 Found session variables for 7e906a6d147cafd9
01-05 15:35:39.071  3312  3419 I native  : tensorflow_inference_jni.cc:202 End computing. Ran in 193ms (186ms avg over 51 runs)
01-05 15:35:39.071  3312  3419 I native  : tensorflow_inference_jni.cc:87 Found session variables for 7e906a6d147cafd9
01-05 15:35:39.071  3312  3419 I native  : tensorflow_inference_jni.cc:87 Found session variables for 7e906a6d147cafd9
01-05 15:35:39.114  3312  3418 I tensorflow: ImageUtils: Saving Mat 48x48 bitmap to /storage/emulated/0/tensorflow.
01-05 15:35:39.114  3312  3418 I tensorflow: ImageUtils: Make dir failed
01-05 15:35:39.125  3312  3418 I tensorflow: ImageUtils: Saving 48x48 bitmap to /storage/emulated/0/tensorflow.
01-05 15:35:39.125  3312  3418 I tensorflow: ImageUtils: Make dir failed
01-05 15:35:39.152  3312  3419 I native  : tensorflow_inference_jni.cc:87 Found session variables for 7e906a6d147cafd9
01-05 15:35:39.152  3312  3419 I native  : tensorflow_inference_jni.cc:87 Found session variables for 7e906a6d147cafd9
01-05 15:35:39.193  1764  1764 E NowRemoteClient: skipping logEndstates, service is null
01-05 15:35:39.325   197   197 E mm-camera-intf: mm_camera_poll_thread_del_poll_fd: invalid handler 7680 (0)
01-05 15:35:39.375   197  4144 E ACDB-LOADER: Error: ACDB AudProc vol returned = -19
01-05 15:35:39.381   197   197 E mm-camera-intf: mm_camera_poll_thread_del_poll_fd: invalid handler 7168 (0)
01-05 15:35:39.447   197   197 E QCamera3Channel: virtual qcamera::QCamera3Channel::~QCamera3Channel(): deleting channel 7426
01-05 15:35:39.452   197   197 E QCamera3Channel: virtual qcamera::QCamera3Channel::~QCamera3Channel(): deleting channel 6913
01-05 15:35:39.469   197   197 E QCamera3Channel: virtual qcamera::QCamera3Channel::~QCamera3Channel(): deleting channel 6400
01-05 15:35:39.490  3312  3419 I native  : tensorflow_inference_jni.cc:202 End computing. Ran in 337ms (189ms avg over 52 runs)
01-05 15:35:39.492  3312  3419 I native  : tensorflow_inference_jni.cc:87 Found session variables for 7e906a6d147cafd9
01-05 15:35:39.492  3312  3419 I native  : tensorflow_inference_jni.cc:87 Found session variables for 7e906a6d147cafd9
01-05 15:35:39.558  2153  2163 E ANDR-PERF-LOCK: Failed to reset optimization for resource: 4 level: 0
01-05 15:35:39.655  1320  1997 E LocationClientHelper: Received a data in client after calling removeLocationUpdates.
01-05 15:35:39.833  1320  1997 E LocationClientHelper: Received a data in client after calling removeLocationUpdates.
01-05 15:35:58.682  6067  3282 E AudioRecord-JNI: Error -4 during AudioRecord native read
01-05 15:35:58.925  1320  1327 E DataBuffer: Internal data leak within a DataBuffer object detected!  Be sure to explicitly call release() on all DataBuffer extending objects when you are done with them. (internal object: com.google.android.gms.common.data.DataHolder@75d6ca5)
01-05 15:35:58.925  1320  1327 E DataBuffer: Internal data leak within a DataBuffer object detected!  Be sure to explicitly call release() on all DataBuffer extending objects when you are done with them. (internal object: com.google.android.gms.common.data.DataHolder@67fb87a)
01-05 15:35:58.925  1320  1327 E DataBuffer: Internal data leak within a DataBuffer object detected!  Be sure to explicitly call release() on all DataBuffer extending objects when you are done with them. (internal object: com.google.android.gms.common.data.DataHolder@6f2e82b)
01-05 15:35:58.926  1320  1327 E DataBuffer: Internal data leak within a DataBuffer object detected!  Be sure to explicitly call release() on all DataBuffer extending objects when you are done with them. (internal object: com.google.android.gms.common.data.DataHolder@46c2488)
01-05 15:35:59.005  1320  3615 E Auth    : [GoogleAccountDataServiceImpl] getToken() -> BAD_AUTHENTICATION. Account: <ELLIDED:-540182391>, App: com.android.vending, Service: androidsecure
01-05 15:35:59.005  1320  3615 E Auth    : dgn: Long live credential not available.
01-05 15:35:59.005  1320  3615 E Auth    : 	at dgo.a(:com.google.android.gms:3101)
01-05 15:35:59.005  1320  3615 E Auth    : 	at dfc.a(:com.google.android.gms:399)
01-05 15:35:59.005  1320  3615 E Auth    : 	at dfb.a(:com.google.android.gms:31371)
01-05 15:35:59.005  1320  3615 E Auth    : 	at dfb.a(:com.google.android.gms:313)
01-05 15:35:59.005  1320  3615 E Auth    : 	at egq.a(:com.google.android.gms:1201)
01-05 15:35:59.005  1320  3615 E Auth    : 	at ego.a(:com.google.android.gms:3554)
01-05 15:35:59.005  1320  3615 E Auth    : 	at ego.a(:com.google.android.gms:3196)
01-05 15:35:59.005  1320  3615 E Auth    : 	at dbp.a(:com.google.android.gms:349)
01-05 15:35:59.005  1320  3615 E Auth    : 	at dbp.a(:com.google.android.gms:213)
01-05 15:35:59.005  1320  3615 E Auth    : 	at dby.a(:com.google.android.gms:1501)
01-05 15:35:59.005  1320  3615 E Auth    : 	at dbx.a(:com.google.android.gms:914)
01-05 15:35:59.005  1320  3615 E Auth    : 	at dbx.e(:com.google.android.gms:526)
01-05 15:35:59.005  1320  3615 E Auth    : 	at dbw.a(:com.google.android.gms:37)
01-05 15:35:59.005  1320  3615 E Auth    : 	at ddj.getAuthToken(:com.google.android.gms:181)
01-05 15:35:59.005  1320  3615 E Auth    : 	at android.accounts.AbstractAccountAuthenticator$Transport.getAuthToken(AbstractAccountAuthenticator.java:214)
01-05 15:35:59.005  1320  3615 E Auth    : 	at android.accounts.IAccountAuthenticator$Stub.onTransact(IAccountAuthenticator.java:113)
01-05 15:35:59.005  1320  3615 E Auth    : 	at android.os.Binder.execTransact(Binder.java:453)
01-05 15:35:59.069   197  5321 E ACDB-LOADER: Error: ACDB AudProc vol returned = -19
01-05 15:36:00.119  1320  3615 E Auth    : [GoogleAccountDataServiceImpl] getToken() -> BAD_AUTHENTICATION. Account: <ELLIDED:-540182391>, App: com.android.vending, Service: androidmarket
01-05 15:36:00.119  1320  3615 E Auth    : dgn: Long live credential not available.
01-05 15:36:00.119  1320  3615 E Auth    : 	at dgo.a(:com.google.android.gms:3101)
01-05 15:36:00.119  1320  3615 E Auth    : 	at dfc.a(:com.google.android.gms:399)
01-05 15:36:00.119  1320  3615 E Auth    : 	at dfb.a(:com.google.android.gms:31371)
01-05 15:36:00.119  1320  3615 E Auth    : 	at dfb.a(:com.google.android.gms:313)
01-05 15:36:00.119  1320  3615 E Auth    : 	at egq.a(:com.google.android.gms:1201)
01-05 15:36:00.119  1320  3615 E Auth    : 	at ego.a(:com.google.android.gms:3554)
01-05 15:36:00.119  1320  3615 E Auth    : 	at ego.a(:com.google.android.gms:3196)
01-05 15:36:00.119  1320  3615 E Auth    : 	at dbp.a(:com.google.android.gms:349)
01-05 15:36:00.119  1320  3615 E Auth    : 	at dbp.a(:com.google.android.gms:213)
01-05 15:36:00.119  1320  3615 E Auth    : 	at dby.a(:com.google.android.gms:1501)
01-05 15:36:00.119  1320  3615 E Auth    : 	at dbx.a(:com.google.android.gms:914)
01-05 15:36:00.119  1320  3615 E Auth    : 	at dbx.e(:com.google.android.gms:526)
01-05 15:36:00.119  1320  3615 E Auth    : 	at dbw.a(:com.google.android.gms:37)
01-05 15:36:00.119  1320  3615 E Auth    : 	at ddj.getAuthToken(:com.google.android.gms:181)
01-05 15:36:00.119  1320  3615 E Auth    : 	at android.accounts.AbstractAccountAuthenticator$Transport.getAuthToken(AbstractAccountAuthenticator.java:214)
01-05 15:36:00.119  1320  3615 E Auth    : 	at android.accounts.IAccountAuthenticator$Stub.onTransact(IAccountAuthenticator.java:113)
01-05 15:36:00.119  1320  3615 E Auth    : 	at android.os.Binder.execTransact(Binder.java:453)
01-05 15:36:00.723  1320  2539 E Auth    : [GoogleAccountDataServiceImpl] getToken() -> BAD_AUTHENTICATION. Account: <ELLIDED:-540182391>, App: com.android.vending, Service: androidmarket
01-05 15:36:00.723  1320  2539 E Auth    : dgn: Long live credential not available.
01-05 15:36:00.723  1320  2539 E Auth    : 	at dgo.a(:com.google.android.gms:3101)
01-05 15:36:00.723  1320  2539 E Auth    : 	at dfc.a(:com.google.android.gms:399)
01-05 15:36:00.723  1320  2539 E Auth    : 	at dfb.a(:com.google.android.gms:31371)
01-05 15:36:00.723  1320  2539 E Auth    : 	at dfb.a(:com.google.android.gms:313)
01-05 15:36:00.723  1320  2539 E Auth    : 	at egq.a(:com.google.android.gms:1201)
01-05 15:36:00.723  1320  2539 E Auth    : 	at ego.a(:com.google.android.gms:3554)
01-05 15:36:00.723  1320  2539 E Auth    : 	at ego.a(:com.google.android.gms:3196)
01-05 15:36:00.723  1320  2539 E Auth    : 	at dbp.a(:com.google.android.gms:349)
01-05 15:36:00.723  1320  2539 E Auth    : 	at dbp.a(:com.google.android.gms:213)
01-05 15:36:00.723  1320  2539 E Auth    : 	at dby.a(:com.google.android.gms:1501)
01-05 15:36:00.723  1320  2539 E Auth    : 	at dbx.a(:com.google.android.gms:914)
01-05 15:36:00.723  1320  2539 E Auth    : 	at dbx.e(:com.google.android.gms:526)
01-05 15:36:00.723  1320  2539 E Auth    : 	at dbw.a(:com.google.android.gms:37)
01-05 15:36:00.723  1320  2539 E Auth    : 	at ddj.getAuthToken(:com.google.android.gms:181)
01-05 15:36:00.723  1320  2539 E Auth    : 	at android.accounts.AbstractAccountAuthenticator$Transport.getAuthToken(AbstractAccountAuthenticator.java:214)
01-05 15:36:00.723  1320  2539 E Auth    : 	at android.accounts.IAccountAuthenticator$Stub.onTransact(IAccountAuthenticator.java:113)
01-05 15:36:00.723  1320  2539 E Auth    : 	at android.os.Binder.execTransact(Binder.java:453)
01-05 15:36:02.803  6067  6165 E AudioRecord-JNI: Error -4 during AudioRecord native read
01-05 15:36:03.935  3312  3312 I tensorflow: CameraConnectionFragment: Adding size: 3264x2448
01-05 15:36:03.935  3312  3312 I tensorflow: CameraConnectionFragment: Adding size: 3200x2400
01-05 15:36:03.935  3312  3312 I tensorflow: CameraConnectionFragment: Adding size: 2592x1944
01-05 15:36:03.935  3312  3312 I tensorflow: CameraConnectionFragment: Adding size: 2048x1536
01-05 15:36:03.935  3312  3312 I tensorflow: CameraConnectionFragment: Adding size: 1920x1080
01-05 15:36:03.935  3312  3312 I tensorflow: CameraConnectionFragment: Adding size: 1600x1200
01-05 15:36:03.935  3312  3312 I tensorflow: CameraConnectionFragment: Adding size: 1280x960
01-05 15:36:03.935  3312  3312 I tensorflow: CameraConnectionFragment: Adding size: 1280x768
01-05 15:36:03.935  3312  3312 I tensorflow: CameraConnectionFragment: Adding size: 1280x720
01-05 15:36:03.935  3312  3312 I tensorflow: CameraConnectionFragment: Adding size: 1024x768
01-05 15:36:03.935  3312  3312 I tensorflow: CameraConnectionFragment: Adding size: 800x600
01-05 15:36:03.935  3312  3312 I tensorflow: CameraConnectionFragment: Adding size: 800x480
01-05 15:36:03.935  3312  3312 I tensorflow: CameraConnectionFragment: Adding size: 720x480
01-05 15:36:03.936  3312  3312 I tensorflow: CameraConnectionFragment: Adding size: 640x480
01-05 15:36:03.936  3312  3312 I tensorflow: CameraConnectionFragment: Not adding size: 352x288
01-05 15:36:03.936  3312  3312 I tensorflow: CameraConnectionFragment: Not adding size: 320x240
01-05 15:36:03.936  3312  3312 I tensorflow: CameraConnectionFragment: Not adding size: 176x144
01-05 15:36:03.936  3312  3312 I tensorflow: CameraConnectionFragment: Chosen size: 640x480
01-05 15:36:04.013  2153  2163 E ANDR-PERF-LOCK: Failed to apply optimization for resource: 4 level: 0
01-05 15:36:04.016  3312  5589 I tensorflow: CameraConnectionFragment: Opening camera preview: 640x480
01-05 15:36:04.031   197   915 E mm-camera-intf: mm_stream_get_v4l2_fmt: Unknown fmt=78
01-05 15:36:04.033  3312  5589 I tensorflow: CameraConnectionFragment: Getting assets.
01-05 15:36:04.033  3312  5589 I tensorflow: CameraConnectionFragment: TensorFlow initialized.
01-05 15:36:04.040   215  5631 E mm-camera: cpp_module_notify_add_stream:1294 failed: invalid stream type 5
01-05 15:36:04.521   215  5631 E mm-camera-img: Face Album FILE EXISTS
01-05 15:36:04.568  1320  1997 E LocationClientHelper: Received a data in client after calling removeLocationUpdates.
01-05 15:36:04.606  1320  1997 E LocationClientHelper: Received a data in client after calling removeLocationUpdates.
01-05 15:36:04.613  1320  1997 E LocationClientHelper: Received a data in client after calling removeLocationUpdates.
01-05 15:36:04.647   215  5631 E mm-camera: cpp_module_process_downstream_event:1067, Update buf queue: APPEND
01-05 15:36:04.647   215  5631 E mm-camera: port_isp_mct_ctrl_cmd: error in isp_update_buf_info, identity = 0x10002
01-05 15:36:04.647   215  5631 E mm-camera: port_ispif_proc_mct_ctrl_cmd: forward_event error
01-05 15:36:04.647   215  5631 E mm-camera-sensor: port_sensor_port_process_event:1520 failed
01-05 15:36:04.647   215  5631 E mm-camera-sensor: module_sensor_module_process_event:2335 failed
01-05 15:36:04.647   215  5631 E mm-camera: cpp_module_process_downstream_event:1067, Update buf queue: APPEND
01-05 15:36:04.647   215  5631 E mm-camera: port_isp_mct_ctrl_cmd: error in isp_update_buf_info, identity = 0x10003
01-05 15:36:04.647   215  5631 E mm-camera: port_ispif_proc_mct_ctrl_cmd: forward_event error
01-05 15:36:04.647   215  5631 E mm-camera-sensor: port_sensor_port_process_event:1520 failed
01-05 15:36:04.647   215  5631 E mm-camera-sensor: module_sensor_module_process_event:2335 failed
01-05 15:36:04.651   215  5631 E mm-camera: cpp_module_process_downstream_event:1067, Update buf queue: APPEND
01-05 15:36:04.651   215  5631 E mm-camera: port_isp_mct_ctrl_cmd: error in isp_update_buf_info, identity = 0x10002
01-05 15:36:04.651   215  5631 E mm-camera: port_ispif_proc_mct_ctrl_cmd: forward_event error
01-05 15:36:04.651   215  5631 E mm-camera-sensor: port_sensor_port_process_event:1520 failed
01-05 15:36:04.651   215  5631 E mm-camera-sensor: module_sensor_module_process_event:2335 failed
01-05 15:36:04.651   215  5631 E mm-camera: cpp_module_process_downstream_event:1067, Update buf queue: APPEND
01-05 15:36:04.651   215  5631 E mm-camera: port_isp_mct_ctrl_cmd: error in isp_update_buf_info, identity = 0x10003
01-05 15:36:04.651   215  5631 E mm-camera: port_ispif_proc_mct_ctrl_cmd: forward_event error
01-05 15:36:04.651   215  5631 E mm-camera-sensor: port_sensor_port_process_event:1520 failed
01-05 15:36:04.651   215  5631 E mm-camera-sensor: module_sensor_module_process_event:2335 failed
01-05 15:36:04.661   215  5631 E mm-camera: cpp_module_process_downstream_event:1067, Update buf queue: APPEND
01-05 15:36:04.661   215  5631 E mm-camera: port_isp_mct_ctrl_cmd: error in isp_update_buf_info, identity = 0x10002
01-05 15:36:04.661   215  5631 E mm-camera: port_ispif_proc_mct_ctrl_cmd: forward_event error
01-05 15:36:04.661   215  5631 E mm-camera-sensor: port_sensor_port_process_event:1520 failed
01-05 15:36:04.661   215  5631 E mm-camera-sensor: module_sensor_module_process_event:2335 failed
01-05 15:36:04.662   215  5631 E mm-camera: cpp_module_process_downstream_event:1067, Update buf queue: APPEND
01-05 15:36:04.662   215  5631 E mm-camera: port_isp_mct_ctrl_cmd: error in isp_update_buf_info, identity = 0x10003
01-05 15:36:04.662   215  5631 E mm-camera: port_ispif_proc_mct_ctrl_cmd: forward_event error
01-05 15:36:04.662   215  5631 E mm-camera-sensor: port_sensor_port_process_event:1520 failed
01-05 15:36:04.662   215  5631 E mm-camera-sensor: module_sensor_module_process_event:2335 failed
01-05 15:36:04.670   215  5631 E mm-camera: cpp_module_process_downstream_event:1067, Update buf queue: APPEND
01-05 15:36:04.670   215  5631 E mm-camera: port_isp_mct_ctrl_cmd: error in isp_update_buf_info, identity = 0x10002
01-05 15:36:04.670   215  5631 E mm-camera: port_ispif_proc_mct_ctrl_cmd: forward_event error
01-05 15:36:04.670   215  5631 E mm-camera-sensor: port_sensor_port_process_event:1520 failed
01-05 15:36:04.671   215  5631 E mm-camera-sensor: module_sensor_module_process_event:2335 failed
01-05 15:36:04.671   215  5631 E mm-camera: cpp_module_process_downstream_event:1067, Update buf queue: APPEND
01-05 15:36:04.671   215  5631 E mm-camera: port_isp_mct_ctrl_cmd: error in isp_update_buf_info, identity = 0x10003
01-05 15:36:04.671   215  5631 E mm-camera: port_ispif_proc_mct_ctrl_cmd: forward_event error
01-05 15:36:04.671   215  5631 E mm-camera-sensor: port_sensor_port_process_event:1520 failed
01-05 15:36:04.671   215  5631 E mm-camera-sensor: module_sensor_module_process_event:2335 failed
01-05 15:36:04.775   215  5626 E mm-camera: module_faceproc_port_event_func:886] MCT_EVENT_MODULE_BUF_DIVERT 65539, Cannot start FD, active 10002, frameid 4 4, native 1, mapped 1 1
01-05 15:36:04.786   215  5631 E mm-camera: cpp_module_process_downstream_event:1067, Update buf queue: APPEND
01-05 15:36:04.786   215  5631 E mm-camera: port_isp_mct_ctrl_cmd: error in isp_update_buf_info, identity = 0x10002
01-05 15:36:04.786   215  5631 E mm-camera: port_ispif_proc_mct_ctrl_cmd: forward_event error
01-05 15:36:04.786   215  5631 E mm-camera-sensor: port_sensor_port_process_event:1520 failed
01-05 15:36:04.786   215  5631 E mm-camera-sensor: module_sensor_module_process_event:2335 failed
01-05 15:36:04.787   215  5631 E mm-camera: cpp_module_process_downstream_event:1067, Update buf queue: APPEND
01-05 15:36:04.787   215  5631 E mm-camera: port_isp_mct_ctrl_cmd: error in isp_update_buf_info, identity = 0x10003
01-05 15:36:04.787   215  5631 E mm-camera: port_ispif_proc_mct_ctrl_cmd: forward_event error
01-05 15:36:04.787   215  5631 E mm-camera-sensor: port_sensor_port_process_event:1520 failed
01-05 15:36:04.787   215  5631 E mm-camera-sensor: module_sensor_module_process_event:2335 failed
01-05 15:36:04.795  3312  5589 I tensorflow: ImageUtils: Saving Mat 48x48 bitmap to /storage/emulated/0/tensorflow.
01-05 15:36:04.795  3312  5589 I tensorflow: ImageUtils: Make dir failed
01-05 15:36:04.799  3312  5589 I tensorflow: ImageUtils: Saving 48x48 bitmap to /storage/emulated/0/tensorflow.
01-05 15:36:04.799  3312  5589 I tensorflow: ImageUtils: Make dir failed
01-05 15:36:04.805  3312  5590 I native  : tensorflow_inference_jni.cc:87 Found session variables for 7e906a6d147cafd9
01-05 15:36:04.805  3312  5590 I native  : tensorflow_inference_jni.cc:87 Found session variables for 7e906a6d147cafd9
01-05 15:36:04.809   215  5626 E mm-camera: module_faceproc_port_event_func:886] MCT_EVENT_MODULE_BUF_DIVERT 65539, Cannot start FD, active 10002, frameid 5 5, native 1, mapped 1 1
01-05 15:36:04.818   215  5631 E mm-camera: cpp_module_process_downstream_event:1067, Update buf queue: APPEND
01-05 15:36:04.818   215  5631 E mm-camera: port_isp_mct_ctrl_cmd: error in isp_update_buf_info, identity = 0x10002
01-05 15:36:04.818   215  5631 E mm-camera: port_ispif_proc_mct_ctrl_cmd: forward_event error
01-05 15:36:04.818   215  5631 E mm-camera-sensor: port_sensor_port_process_event:1520 failed
01-05 15:36:04.818   215  5631 E mm-camera-sensor: module_sensor_module_process_event:2335 failed
01-05 15:36:04.843   215  5626 E mm-camera: module_faceproc_port_event_func:886] MCT_EVENT_MODULE_BUF_DIVERT 65539, Cannot start FD, active 10002, frameid 6 6, native 1, mapped 1 1
01-05 15:36:04.876   215  5626 E mm-camera: module_faceproc_port_event_func:886] MCT_EVENT_MODULE_BUF_DIVERT 65539, Cannot start FD, active 10002, frameid 7 7, native 1, mapped 1 1
01-05 15:36:04.910   215  5626 E mm-camera: module_faceproc_port_event_func:886] MCT_EVENT_MODULE_BUF_DIVERT 65539, Cannot start FD, active 10002, frameid 8 8, native 1, mapped 1 1
01-05 15:36:04.944   215  5626 E mm-camera: module_faceproc_port_event_func:886] MCT_EVENT_MODULE_BUF_DIVERT 65539, Cannot start FD, active 10002, frameid 9 9, native 1, mapped 1 1
01-05 15:36:04.945  3312  5590 I native  : tensorflow_inference_jni.cc:202 End computing. Ran in 140ms (188ms avg over 53 runs)
01-05 15:36:04.945  3312  5590 I native  : tensorflow_inference_jni.cc:87 Found session variables for 7e906a6d147cafd9
01-05 15:36:04.945  3312  5590 I native  : tensorflow_inference_jni.cc:87 Found session variables for 7e906a6d147cafd9
01-05 15:36:04.962  3312  5589 I tensorflow: ImageUtils: Saving Mat 48x48 bitmap to /storage/emulated/0/tensorflow.
01-05 15:36:04.962  3312  5589 I tensorflow: ImageUtils: Make dir failed
01-05 15:36:04.966  3312  5589 I tensorflow: ImageUtils: Saving 48x48 bitmap to /storage/emulated/0/tensorflow.
01-05 15:36:04.966  3312  5589 I tensorflow: ImageUtils: Make dir failed
01-05 15:36:04.971  3312  5590 I native  : tensorflow_inference_jni.cc:87 Found session variables for 7e906a6d147cafd9
01-05 15:36:04.971  3312  5590 I native  : tensorflow_inference_jni.cc:87 Found session variables for 7e906a6d147cafd9
01-05 15:36:04.978   215  5626 E mm-camera: module_faceproc_port_event_func:886] MCT_EVENT_MODULE_BUF_DIVERT 65539, Cannot start FD, active 10002, frameid 10 10, native 1, mapped 1 1
01-05 15:36:05.010   215  5626 E mm-camera: module_faceproc_port_event_func:886] MCT_EVENT_MODULE_BUF_DIVERT 65539, Cannot start FD, active 10002, frameid 11 11, native 1, mapped 1 1
01-05 15:36:05.043   215  5626 E mm-camera: module_faceproc_port_event_func:886] MCT_EVENT_MODULE_BUF_DIVERT 65539, Cannot start FD, active 10002, frameid 12 12, native 1, mapped 1 1
01-05 15:36:05.078   215  5626 E mm-camera: module_faceproc_port_event_func:886] MCT_EVENT_MODULE_BUF_DIVERT 65539, Cannot start FD, active 10002, frameid 13 13, native 1, mapped 1 1
01-05 15:36:05.110   215  5626 E mm-camera: module_faceproc_port_event_func:886] MCT_EVENT_MODULE_BUF_DIVERT 65539, Cannot start FD, active 10002, frameid 14 14, native 1, mapped 1 1
01-05 15:36:05.115  3312  5590 I native  : tensorflow_inference_jni.cc:202 End computing. Ran in 144ms (188ms avg over 54 runs)
01-05 15:36:05.115  3312  5590 I native  : tensorflow_inference_jni.cc:87 Found session variables for 7e906a6d147cafd9
01-05 15:36:05.115  3312  5590 I native  : tensorflow_inference_jni.cc:87 Found session variables for 7e906a6d147cafd9
01-05 15:36:05.135  3312  5589 I tensorflow: ImageUtils: Saving Mat 48x48 bitmap to /storage/emulated/0/tensorflow.
01-05 15:36:05.135  3312  5589 I tensorflow: ImageUtils: Make dir failed
01-05 15:36:05.138  3312  5589 I tensorflow: ImageUtils: Saving 48x48 bitmap to /storage/emulated/0/tensorflow.
01-05 15:36:05.138  3312  5589 I tensorflow: ImageUtils: Make dir failed
01-05 15:36:05.144   215  5626 E mm-camera: module_faceproc_port_event_func:886] MCT_EVENT_MODULE_BUF_DIVERT 65539, Cannot start FD, active 10002, frameid 15 15, native 1, mapped 1 1
01-05 15:36:05.144  3312  5590 I native  : tensorflow_inference_jni.cc:87 Found session variables for 7e906a6d147cafd9
01-05 15:36:05.144  3312  5590 I native  : tensorflow_inference_jni.cc:87 Found session variables for 7e906a6d147cafd9
01-05 15:36:05.177   215  5626 E mm-camera: module_faceproc_port_event_func:886] MCT_EVENT_MODULE_BUF_DIVERT 65539, Cannot start FD, active 10002, frameid 16 16, native 1, mapped 1 1
01-05 15:36:05.211   215  5626 E mm-camera: module_faceproc_port_event_func:886] MCT_EVENT_MODULE_BUF_DIVERT 65539, Cannot start FD, active 10002, frameid 17 17, native 1, mapped 1 1
01-05 15:36:05.244   215  5626 E mm-camera: module_faceproc_port_event_func:886] MCT_EVENT_MODULE_BUF_DIVERT 65539, Cannot start FD, active 10002, frameid 18 18, native 1, mapped 1 1
01-05 15:36:05.279   215  5626 E mm-camera: module_faceproc_port_event_func:886] MCT_EVENT_MODULE_BUF_DIVERT 65539, Cannot start FD, active 10002, frameid 19 19, native 1, mapped 1 1
01-05 15:36:05.302  3312  5590 I native  : tensorflow_inference_jni.cc:202 End computing. Ran in 157ms (187ms avg over 55 runs)
01-05 15:36:05.302  3312  5590 I native  : tensorflow_inference_jni.cc:87 Found session variables for 7e906a6d147cafd9
01-05 15:36:05.302  3312  5590 I native  : tensorflow_inference_jni.cc:87 Found session variables for 7e906a6d147cafd9
01-05 15:36:05.311   215  5626 E mm-camera: module_faceproc_port_event_func:886] MCT_EVENT_MODULE_BUF_DIVERT 65539, Cannot start FD, active 10002, frameid 20 20, native 1, mapped 1 1
01-05 15:36:05.328  3312  5589 I tensorflow: ImageUtils: Saving Mat 48x48 bitmap to /storage/emulated/0/tensorflow.
01-05 15:36:05.328  3312  5589 I tensorflow: ImageUtils: Make dir failed
01-05 15:36:05.332  3312  5589 I tensorflow: ImageUtils: Saving 48x48 bitmap to /storage/emulated/0/tensorflow.
01-05 15:36:05.332  3312  5589 I tensorflow: ImageUtils: Make dir failed
01-05 15:36:05.337  3312  5590 I native  : tensorflow_inference_jni.cc:87 Found session variables for 7e906a6d147cafd9
01-05 15:36:05.337  3312  5590 I native  : tensorflow_inference_jni.cc:87 Found session variables for 7e906a6d147cafd9
01-05 15:36:05.346   215  5626 E mm-camera: module_faceproc_port_event_func:886] MCT_EVENT_MODULE_BUF_DIVERT 65539, Cannot start FD, active 10002, frameid 21 21, native 1, mapped 1 1
01-05 15:36:05.378   215  5626 E mm-camera: module_faceproc_port_event_func:886] MCT_EVENT_MODULE_BUF_DIVERT 65539, Cannot start FD, active 10002, frameid 22 22, native 1, mapped 1 1
01-05 15:36:05.412   215  5626 E mm-camera: module_faceproc_port_event_func:886] MCT_EVENT_MODULE_BUF_DIVERT 65539, Cannot start FD, active 10002, frameid 23 23, native 1, mapped 1 1
01-05 15:36:05.448   215  5626 E mm-camera: module_faceproc_port_event_func:886] MCT_EVENT_MODULE_BUF_DIVERT 65539, Cannot start FD, active 10002, frameid 24 24, native 1, mapped 1 1
01-05 15:36:05.479   215  5626 E mm-camera: module_faceproc_port_event_func:886] MCT_EVENT_MODULE_BUF_DIVERT 65539, Cannot start FD, active 10002, frameid 25 25, native 1, mapped 1 1
01-05 15:36:05.489  3312  5590 I native  : tensorflow_inference_jni.cc:202 End computing. Ran in 152ms (186ms avg over 56 runs)
01-05 15:36:05.489  3312  5590 I native  : tensorflow_inference_jni.cc:87 Found session variables for 7e906a6d147cafd9
01-05 15:36:05.489  3312  5590 I native  : tensorflow_inference_jni.cc:87 Found session variables for 7e906a6d147cafd9
01-05 15:36:05.512   215  5626 E mm-camera: module_faceproc_port_event_func:886] MCT_EVENT_MODULE_BUF_DIVERT 65539, Cannot start FD, active 10002, frameid 26 26, native 1, mapped 1 1
01-05 15:36:05.529  3312  5589 I tensorflow: ImageUtils: Saving Mat 48x48 bitmap to /storage/emulated/0/tensorflow.
01-05 15:36:05.529  3312  5589 I tensorflow: ImageUtils: Make dir failed
01-05 15:36:05.534  3312  5589 I tensorflow: ImageUtils: Saving 48x48 bitmap to /storage/emulated/0/tensorflow.
01-05 15:36:05.534  3312  5589 I tensorflow: ImageUtils: Make dir failed
01-05 15:36:05.539  3312  5590 I native  : tensorflow_inference_jni.cc:87 Found session variables for 7e906a6d147cafd9
01-05 15:36:05.539  3312  5590 I native  : tensorflow_inference_jni.cc:87 Found session variables for 7e906a6d147cafd9
01-05 15:36:05.548   215  5626 E mm-camera: module_faceproc_port_event_func:886] MCT_EVENT_MODULE_BUF_DIVERT 65539, Cannot start FD, active 10002, frameid 27 27, native 1, mapped 1 1
01-05 15:36:05.580   215  5626 E mm-camera: module_faceproc_port_event_func:886] MCT_EVENT_MODULE_BUF_DIVERT 65539, Cannot start FD, active 10002, frameid 28 28, native 1, mapped 1 1
01-05 15:36:05.614   215  5626 E mm-camera: module_faceproc_port_event_func:886] MCT_EVENT_MODULE_BUF_DIVERT 65539, Cannot start FD, active 10002, frameid 29 29, native 1, mapped 1 1
01-05 15:36:05.648   215  5626 E mm-camera: module_faceproc_port_event_func:886] MCT_EVENT_MODULE_BUF_DIVERT 65539, Cannot start FD, active 10002, frameid 30 30, native 1, mapped 1 1
01-05 15:36:05.671  1320 29521 E ctxmgr  : [BaseProducer]Could not write ScreenState context, for account account#-517948760#, status = Status{statusCode=TIMEOUT, resolution=null}
01-05 15:36:05.677  3312  5590 I native  : tensorflow_inference_jni.cc:202 End computing. Ran in 137ms (186ms avg over 57 runs)
01-05 15:36:05.677  3312  5590 I native  : tensorflow_inference_jni.cc:87 Found session variables for 7e906a6d147cafd9
01-05 15:36:05.677  3312  5590 I native  : tensorflow_inference_jni.cc:87 Found session variables for 7e906a6d147cafd9
01-05 15:36:05.681   215  5626 E mm-camera: module_faceproc_port_event_func:886] MCT_EVENT_MODULE_BUF_DIVERT 65539, Cannot start FD, active 10002, frameid 31 31, native 1, mapped 1 1
01-05 15:36:05.699  3312  5589 I tensorflow: ImageUtils: Saving Mat 48x48 bitmap to /storage/emulated/0/tensorflow.
01-05 15:36:05.700  3312  5589 I tensorflow: ImageUtils: Make dir failed
01-05 15:36:05.703  3312  5589 I tensorflow: ImageUtils: Saving 48x48 bitmap to /storage/emulated/0/tensorflow.
01-05 15:36:05.703  3312  5589 I tensorflow: ImageUtils: Make dir failed
01-05 15:36:05.708  3312  5590 I native  : tensorflow_inference_jni.cc:87 Found session variables for 7e906a6d147cafd9
01-05 15:36:05.708  3312  5590 I native  : tensorflow_inference_jni.cc:87 Found session variables for 7e906a6d147cafd9
01-05 15:36:05.714   215  5626 E mm-camera: module_faceproc_port_event_func:886] MCT_EVENT_MODULE_BUF_DIVERT 65539, Cannot start FD, active 10002, frameid 32 32, native 1, mapped 1 1
01-05 15:36:05.747   215  5626 E mm-camera: module_faceproc_port_event_func:886] MCT_EVENT_MODULE_BUF_DIVERT 65539, Cannot start FD, active 10002, frameid 33 33, native 1, mapped 1 1
01-05 15:36:05.781   215  5626 E mm-camera: module_faceproc_port_event_func:886] MCT_EVENT_MODULE_BUF_DIVERT 65539, Cannot start FD, active 10002, frameid 34 34, native 1, mapped 1 1
01-05 15:36:05.814   215  5626 E mm-camera: module_faceproc_port_event_func:886] MCT_EVENT_MODULE_BUF_DIVERT 65539, Cannot start FD, active 10002, frameid 35 35, native 1, mapped 1 1
