11-11 13:22:34.495   194   194 F DEBUG   :     #10 pc 00135339  /data/app/org.tensorflow.demo-2/oat/arm/base.odex (offset 0x7a000) (int org.tensorflow.contrib.android.TensorFlowInferenceInterface.initializeTensorFlow(android.content.res.AssetManager, java.lang.String)+116)
11-11 13:22:34.495   194   194 F DEBUG   :     #11 pc 0013cd43  /data/app/org.tensorflow.demo-2/oat/arm/base.odex (offset 0x7a000) (int org.tensorflow.demo.TensorFlowImageClassifier.initializeTensorFlow(android.content.res.AssetManager, java.lang.String, java.lang.String, int, int, int, float, java.lang.String, java.lang.String)+1398)
11-11 13:22:34.495   194   194 F DEBUG   :     #12 pc 0013b895  /data/app/org.tensorflow.demo-2/oat/arm/base.odex (offset 0x7a000) (android.app.Fragment org.tensorflow.demo.ClassifierActivity.createFragment()+496)
11-11 13:22:34.495   194   194 F DEBUG   :     #13 pc 001362c1  /data/app/org.tensorflow.demo-2/oat/arm/base.odex (offset 0x7a000) (void org.tensorflow.demo.CameraActivity.setFragment()+108)
11-11 13:22:34.495   194   194 F DEBUG   :     #14 pc 001360bf  /data/app/org.tensorflow.demo-2/oat/arm/base.odex (offset 0x7a000) (void org.tensorflow.demo.CameraActivity.onCreate(android.os.Bundle)+234)
11-11 13:22:34.495   194   194 F DEBUG   :     #15 pc 72b3a099  /data/dalvik-cache/arm/system@framework@boot.oat (offset 0x1ec9000)
11-11 13:22:34.847   194   194 F DEBUG   : 
11-11 13:22:34.847   194   194 F DEBUG   : Tombstone written to: /data/tombstones/tombstone_06
11-11 13:56:31.904 22117 22117 F libc    : Fatal signal 6 (SIGABRT), code -6 in tid 22117 (tensorflow.demo)
11-11 13:56:32.005   194   194 F DEBUG   : *** *** *** *** *** *** *** *** *** *** *** *** *** *** *** ***
11-11 13:56:32.005   194   194 F DEBUG   : Build fingerprint: 'google/hammerhead/hammerhead:6.0.1/MOB30Y/3067468:user/release-keys'
11-11 13:56:32.005   194   194 F DEBUG   : Revision: '11'
11-11 13:56:32.005   194   194 F DEBUG   : ABI: 'arm'
11-11 13:56:32.005   194   194 F DEBUG   : pid: 22117, tid: 22117, name: tensorflow.demo  >>> org.tensorflow.demo <<<
11-11 13:56:32.005   194   194 F DEBUG   : signal 6 (SIGABRT), code -6 (SI_TKILL), fault addr --------
11-11 13:56:32.032   194   194 F DEBUG   : Abort message: 'jni_utils.cc:117 Check failed: message->ParseFromCodedStream(&coded_stream) '
11-11 13:56:32.032   194   194 F DEBUG   :     r0 00000000  r1 00005665  r2 00000006  r3 b6fc6b7c
11-11 13:56:32.032   194   194 F DEBUG   :     r4 b6fc6b84  r5 b6fc6b34  r6 00000054  r7 0000010c
11-11 13:56:32.032   194   194 F DEBUG   :     r8 beafbc54  r9 beafbad8  sl beafbd90  fp b3914500
11-11 13:56:32.032   194   194 F DEBUG   :     ip 00000006  sp beafba80  lr b6d35b61  pc b6d37f50  cpsr 400f0010
11-11 13:56:32.046   194   194 F DEBUG   : 
11-11 13:56:32.046   194   194 F DEBUG   : backtrace:
11-11 13:56:32.046   194   194 F DEBUG   :     #00 pc 00041f50  /system/lib/libc.so (tgkill+12)
11-11 13:56:32.046   194   194 F DEBUG   :     #01 pc 0003fb5d  /system/lib/libc.so (pthread_kill+32)
11-11 13:56:32.046   194   194 F DEBUG   :     #02 pc 0001c30f  /system/lib/libc.so (raise+10)
11-11 13:56:32.046   194   194 F DEBUG   :     #03 pc 000194c1  /system/lib/libc.so (__libc_android_abort+34)
11-11 13:56:32.046   194   194 F DEBUG   :     #04 pc 000174ac  /system/lib/libc.so (abort+4)
11-11 13:56:32.046   194   194 F DEBUG   :     #05 pc 00595031  /data/app/org.tensorflow.demo-2/lib/arm/libtensorflow_demo.so
11-11 13:56:32.046   194   194 F DEBUG   :     #06 pc 00595143  /data/app/org.tensorflow.demo-2/lib/arm/libtensorflow_demo.so
11-11 13:56:32.046   194   194 F DEBUG   :     #07 pc 0059515b  /data/app/org.tensorflow.demo-2/lib/arm/libtensorflow_demo.so
11-11 13:56:32.047   194   194 F DEBUG   :     #08 pc 00072a11  /data/app/org.tensorflow.demo-2/lib/arm/libtensorflow_demo.so
11-11 13:56:32.047   194   194 F DEBUG   :     #09 pc 000752b1  /data/app/org.tensorflow.demo-2/lib/arm/libtensorflow_demo.so (Java_org_tensorflow_contrib_android_TensorFlowInferenceInterface_initializeTensorFlow+920)
11-11 13:56:32.047   194   194 F DEBUG   :     #10 pc 00135339  /data/app/org.tensorflow.demo-2/oat/arm/base.odex (offset 0x7a000) (int org.tensorflow.contrib.android.TensorFlowInferenceInterface.initializeTensorFlow(android.content.res.AssetManager, java.lang.String)+116)
11-11 13:56:32.047   194   194 F DEBUG   :     #11 pc 0013cd43  /data/app/org.tensorflow.demo-2/oat/arm/base.odex (offset 0x7a000) (int org.tensorflow.demo.TensorFlowImageClassifier.initializeTensorFlow(android.content.res.AssetManager, java.lang.String, java.lang.String, int, int, int, float, java.lang.String, java.lang.String)+1398)
11-11 13:56:32.047   194   194 F DEBUG   :     #12 pc 0013b895  /data/app/org.tensorflow.demo-2/oat/arm/base.odex (offset 0x7a000) (android.app.Fragment org.tensorflow.demo.ClassifierActivity.createFragment()+496)
11-11 13:56:32.047   194   194 F DEBUG   :     #13 pc 001362c1  /data/app/org.tensorflow.demo-2/oat/arm/base.odex (offset 0x7a000) (void org.tensorflow.demo.CameraActivity.setFragment()+108)
11-11 13:56:32.047   194   194 F DEBUG   :     #14 pc 001360bf  /data/app/org.tensorflow.demo-2/oat/arm/base.odex (offset 0x7a000) (void org.tensorflow.demo.CameraActivity.onCreate(android.os.Bundle)+234)
11-11 13:56:32.047   194   194 F DEBUG   :     #15 pc 72b3a099  /data/dalvik-cache/arm/system@framework@boot.oat (offset 0x1ec9000)
11-11 13:56:32.402   194   194 F DEBUG   : 
11-11 13:56:32.402   194   194 F DEBUG   : Tombstone written to: /data/tombstones/tombstone_07
--------- beginning of system
11-14 08:30:19.752   784   890 E ConnectivityService: Unexpected mtu value: 0, wlan0
11-14 08:30:29.055  1429 29248 E ActivityThread: Failed to find provider info for com.google.android.wearable.settings
11-14 08:30:34.410  1429 29248 E ActivityThread: Failed to find provider info for com.google.android.wearable.settings
11-14 08:32:15.029   784   890 E ConnectivityService: Unexpected mtu value: 0, wlan0
11-14 08:32:20.909 30446 30462 E AndroidRuntime: FATAL EXCEPTION: WearableListenerService
11-14 08:32:20.909 30446 30462 E AndroidRuntime: Process: de.dzitrone.heartbeat, PID: 30446
11-14 08:32:20.909 30446 30462 E AndroidRuntime: java.lang.IllegalArgumentException: must call addApi() to add at least one API
11-14 08:32:20.909 30446 30462 E AndroidRuntime: 	at com.google.android.gms.common.internal.m.b(Unknown Source)
11-14 08:32:20.909 30446 30462 E AndroidRuntime: 	at com.google.android.gms.common.api.GoogleApiClient$Builder.build(Unknown Source)
11-14 08:32:20.909 30446 30462 E AndroidRuntime: 	at de.dzitrone.heartbeat.shared.communication.DataLayerEventHandler.onDataChanged(DataLayerEventHandler.java:67)
11-14 08:32:20.909 30446 30462 E AndroidRuntime: 	at com.google.android.gms.wearable.WearableListenerService$a$1.run(Unknown Source)
11-14 08:32:20.909 30446 30462 E AndroidRuntime: 	at android.os.Handler.handleCallback(Handler.java:739)
11-14 08:32:20.909 30446 30462 E AndroidRuntime: 	at android.os.Handler.dispatchMessage(Handler.java:95)
11-14 08:32:20.909 30446 30462 E AndroidRuntime: 	at android.os.Looper.loop(Looper.java:148)
11-14 08:32:20.909 30446 30462 E AndroidRuntime: 	at android.os.HandlerThread.run(HandlerThread.java:61)
11-14 08:36:08.649   784   890 E ConnectivityService: RemoteException caught trying to send a callback msg for NetworkRequest [ id=77, legacyType=-1, [ Capabilities: INTERNET&NOT_RESTRICTED&TRUSTED] ]
11-14 08:41:39.396   784   890 E ConnectivityService: RemoteException caught trying to send a callback msg for NetworkRequest [ id=78, legacyType=-1, [ Capabilities: INTERNET&NOT_RESTRICTED&TRUSTED] ]
11-14 10:31:53.963   784   890 E ConnectivityService: RemoteException caught trying to send a callback msg for NetworkRequest [ id=79, legacyType=-1, [ Capabilities: INTERNET&NOT_RESTRICTED&TRUSTED] ]
11-14 14:12:00.884   784   890 E ConnectivityService: EVENT_NETWORK_INFO_CHANGED from unknown NetworkAgent
11-14 14:12:07.548   784   890 E ConnectivityService: Unexpected mtu value: 0, wlan0
11-14 16:49:14.918   784   890 E ConnectivityService: EVENT_NETWORK_INFO_CHANGED from unknown NetworkAgent
11-14 16:49:21.520   784   890 E ConnectivityService: Unexpected mtu value: 0, wlan0
11-14 21:35:56.679   784   890 E ConnectivityService: RemoteException caught trying to send a callback msg for NetworkRequest [ id=81, legacyType=-1, [ Capabilities: INTERNET&NOT_RESTRICTED&TRUSTED] ]
11-15 00:23:30.972  1429 30589 E ActivityThread: Failed to find provider info for com.google.android.wearable.settings
11-15 00:23:34.921  1429 30589 E ActivityThread: Failed to find provider info for com.google.android.wearable.settings
11-15 01:03:14.734   784   796 E NetdConnector: NDC Command {2447 firewall set_uid_rule standby 10006 deny} took too long (9670ms)
11-15 04:18:03.753   784   890 E ConnectivityService: RemoteException caught trying to send a callback msg for NetworkRequest [ id=82, legacyType=-1, [ Capabilities: INTERNET&NOT_RESTRICTED&TRUSTED] ]
11-15 06:34:18.513   784   890 E ConnectivityService: RemoteException caught trying to send a callback msg for NetworkRequest [ id=80, legacyType=-1, [ Capabilities: INTERNET&NOT_RESTRICTED&TRUSTED] ]
11-15 08:30:33.653   784   798 E NetdConnector: NDC Command {2480 firewall set_uid_rule dozable 10001 allow} took too long (6522ms)
11-15 08:56:47.355   784   890 E ConnectivityService: Unexpected mtu value: 0, wlan0
11-15 09:13:35.258   784   890 E ConnectivityService: RemoteException caught trying to send a callback msg for NetworkRequest [ id=84, legacyType=-1, [ Capabilities: INTERNET&NOT_RESTRICTED&TRUSTED] ]
11-15 09:17:26.931   784   890 E ConnectivityService: RemoteException caught trying to send a callback msg for NetworkRequest [ id=83, legacyType=-1, [ Capabilities: INTERNET&NOT_RESTRICTED&TRUSTED] ]
--------- beginning of main
11-15 09:55:57.014  2202  2210 E ANDR-PERF-LOCK: Failed to apply optimization for resource: 4 level: 0
11-15 09:55:57.063   197  6909 E mm-camera-intf: mm_stream_get_v4l2_fmt: Unknown fmt=78
11-15 09:55:57.064  5921 19320 E mm-camera: mct_pipeline_get_stream: stream not found in the list
11-15 09:55:57.076  5921 19320 E mm-camera: cpp_module_notify_add_stream:1294 failed: invalid stream type 5
11-15 09:55:57.501  5921 19320 E mm-camera-img: Face Album FILE EXISTS
11-15 09:55:57.637  5921 19320 E mm-camera: cpp_module_process_downstream_event:1067, Update buf queue: APPEND
11-15 09:55:57.637  5921 19320 E mm-camera: port_isp_mct_ctrl_cmd: error in isp_update_buf_info, identity = 0x10002
11-15 09:55:57.637  5921 19320 E mm-camera: port_ispif_proc_mct_ctrl_cmd: forward_event error
11-15 09:55:57.637  5921 19320 E mm-camera-sensor: port_sensor_port_process_event:1520 failed
11-15 09:55:57.637  5921 19320 E mm-camera-sensor: module_sensor_module_process_event:2335 failed
11-15 09:55:57.638  5921 19320 E mm-camera: cpp_module_process_downstream_event:1067, Update buf queue: APPEND
11-15 09:55:57.638  5921 19320 E mm-camera: port_isp_mct_ctrl_cmd: error in isp_update_buf_info, identity = 0x10003
11-15 09:55:57.638  5921 19320 E mm-camera: port_ispif_proc_mct_ctrl_cmd: forward_event error
11-15 09:55:57.638  5921 19320 E mm-camera-sensor: port_sensor_port_process_event:1520 failed
11-15 09:55:57.639  5921 19320 E mm-camera-sensor: module_sensor_module_process_event:2335 failed
11-15 09:55:57.644  5921 19320 E mm-camera: cpp_module_process_downstream_event:1067, Update buf queue: APPEND
11-15 09:55:57.644  5921 19320 E mm-camera: port_isp_mct_ctrl_cmd: error in isp_update_buf_info, identity = 0x10002
11-15 09:55:57.644  5921 19320 E mm-camera: port_ispif_proc_mct_ctrl_cmd: forward_event error
11-15 09:55:57.644  5921 19320 E mm-camera-sensor: port_sensor_port_process_event:1520 failed
11-15 09:55:57.644  5921 19320 E mm-camera-sensor: module_sensor_module_process_event:2335 failed
11-15 09:55:57.645  5921 19320 E mm-camera: cpp_module_process_downstream_event:1067, Update buf queue: APPEND
11-15 09:55:57.645  5921 19320 E mm-camera: port_isp_mct_ctrl_cmd: error in isp_update_buf_info, identity = 0x10003
11-15 09:55:57.645  5921 19320 E mm-camera: port_ispif_proc_mct_ctrl_cmd: forward_event error
11-15 09:55:57.645  5921 19320 E mm-camera-sensor: port_sensor_port_process_event:1520 failed
11-15 09:55:57.645  5921 19320 E mm-camera-sensor: module_sensor_module_process_event:2335 failed
11-15 09:55:57.651  5921 19320 E mm-camera: cpp_module_process_downstream_event:1067, Update buf queue: APPEND
11-15 09:55:57.651  5921 19320 E mm-camera: port_isp_mct_ctrl_cmd: error in isp_update_buf_info, identity = 0x10002
11-15 09:55:57.651  5921 19320 E mm-camera: port_ispif_proc_mct_ctrl_cmd: forward_event error
11-15 09:55:57.651  5921 19320 E mm-camera-sensor: port_sensor_port_process_event:1520 failed
11-15 09:55:57.651  5921 19320 E mm-camera-sensor: module_sensor_module_process_event:2335 failed
11-15 09:55:57.651  5921 19320 E mm-camera: cpp_module_process_downstream_event:1067, Update buf queue: APPEND
11-15 09:55:57.652  5921 19320 E mm-camera: port_isp_mct_ctrl_cmd: error in isp_update_buf_info, identity = 0x10003
11-15 09:55:57.652  5921 19320 E mm-camera: port_ispif_proc_mct_ctrl_cmd: forward_event error
11-15 09:55:57.652  5921 19320 E mm-camera-sensor: port_sensor_port_process_event:1520 failed
11-15 09:55:57.652  5921 19320 E mm-camera-sensor: module_sensor_module_process_event:2335 failed
11-15 09:55:57.655  5921 19320 E mm-camera: cpp_module_process_downstream_event:1067, Update buf queue: APPEND
11-15 09:55:57.655  5921 19320 E mm-camera: port_isp_mct_ctrl_cmd: error in isp_update_buf_info, identity = 0x10002
11-15 09:55:57.655  5921 19320 E mm-camera: port_ispif_proc_mct_ctrl_cmd: forward_event error
11-15 09:55:57.655  5921 19320 E mm-camera-sensor: port_sensor_port_process_event:1520 failed
11-15 09:55:57.655  5921 19320 E mm-camera-sensor: module_sensor_module_process_event:2335 failed
11-15 09:55:57.656  5921 19320 E mm-camera: cpp_module_process_downstream_event:1067, Update buf queue: APPEND
11-15 09:55:57.656  5921 19320 E mm-camera: port_isp_mct_ctrl_cmd: error in isp_update_buf_info, identity = 0x10003
11-15 09:55:57.656  5921 19320 E mm-camera: port_ispif_proc_mct_ctrl_cmd: forward_event error
11-15 09:55:57.656  5921 19320 E mm-camera-sensor: port_sensor_port_process_event:1520 failed
11-15 09:55:57.656  5921 19320 E mm-camera-sensor: module_sensor_module_process_event:2335 failed
11-15 09:55:57.760  5921 19317 E mm-camera: module_faceproc_port_event_func:886] MCT_EVENT_MODULE_BUF_DIVERT 65539, Cannot start FD, active 10002, frameid 4 0, native 1, mapped 1 1
11-15 09:55:57.770  5921 19320 E mm-camera: cpp_module_process_downstream_event:1067, Update buf queue: APPEND
11-15 09:55:57.770  5921 19320 E mm-camera: port_isp_mct_ctrl_cmd: error in isp_update_buf_info, identity = 0x10002
11-15 09:55:57.770  5921 19320 E mm-camera: port_ispif_proc_mct_ctrl_cmd: forward_event error
11-15 09:55:57.770  5921 19320 E mm-camera-sensor: port_sensor_port_process_event:1520 failed
11-15 09:55:57.770  5921 19320 E mm-camera-sensor: module_sensor_module_process_event:2335 failed
11-15 09:55:57.771  5921 19320 E mm-camera: cpp_module_process_downstream_event:1067, Update buf queue: APPEND
11-15 09:55:57.771  5921 19320 E mm-camera: port_isp_mct_ctrl_cmd: error in isp_update_buf_info, identity = 0x10003
11-15 09:55:57.771  5921 19320 E mm-camera: port_ispif_proc_mct_ctrl_cmd: forward_event error
11-15 09:55:57.771  5921 19320 E mm-camera-sensor: port_sensor_port_process_event:1520 failed
11-15 09:55:57.771  5921 19320 E mm-camera-sensor: module_sensor_module_process_event:2335 failed
11-15 09:55:57.793  5921 19317 E mm-camera: module_faceproc_port_event_func:886] MCT_EVENT_MODULE_BUF_DIVERT 65539, Cannot start FD, active 10002, frameid 5 4, native 1, mapped 1 1
11-15 09:55:57.807  5921 19320 E mm-camera: cpp_module_process_downstream_event:1067, Update buf queue: APPEND
11-15 09:55:57.807  5921 19320 E mm-camera: port_isp_mct_ctrl_cmd: error in isp_update_buf_info, identity = 0x10003
11-15 09:55:57.807  5921 19320 E mm-camera: port_ispif_proc_mct_ctrl_cmd: forward_event error
11-15 09:55:57.807  5921 19320 E mm-camera-sensor: port_sensor_port_process_event:1520 failed
11-15 09:55:57.807  5921 19320 E mm-camera-sensor: module_sensor_module_process_event:2335 failed
11-15 09:55:57.827  5921 19317 E mm-camera: module_faceproc_port_event_func:886] MCT_EVENT_MODULE_BUF_DIVERT 65539, Cannot start FD, active 10002, frameid 6 5, native 1, mapped 1 1
11-15 09:55:57.861  5921 19317 E mm-camera: module_faceproc_port_event_func:886] MCT_EVENT_MODULE_BUF_DIVERT 65539, Cannot start FD, active 10002, frameid 7 6, native 1, mapped 1 1
11-15 09:55:57.894  5921 19317 E mm-camera: module_faceproc_port_event_func:886] MCT_EVENT_MODULE_BUF_DIVERT 65539, Cannot start FD, active 10002, frameid 8 7, native 1, mapped 1 1
11-15 09:55:57.928  5921 19317 E mm-camera: module_faceproc_port_event_func:886] MCT_EVENT_MODULE_BUF_DIVERT 65539, Cannot start FD, active 10002, frameid 9 8, native 1, mapped 1 1
11-15 09:55:57.961  5921 19317 E mm-camera: module_faceproc_port_event_func:886] MCT_EVENT_MODULE_BUF_DIVERT 65539, Cannot start FD, active 10002, frameid 10 9, native 1, mapped 1 1
11-15 09:55:57.995  5921 19317 E mm-camera: module_faceproc_port_event_func:886] MCT_EVENT_MODULE_BUF_DIVERT 65539, Cannot start FD, active 10002, frameid 11 10, native 1, mapped 1 1
11-15 09:55:58.028  5921 19317 E mm-camera: module_faceproc_port_event_func:886] MCT_EVENT_MODULE_BUF_DIVERT 65539, Cannot start FD, active 10002, frameid 12 11, native 1, mapped 1 1
11-15 09:55:58.062  5921 19317 E mm-camera: module_faceproc_port_event_func:886] MCT_EVENT_MODULE_BUF_DIVERT 65539, Cannot start FD, active 10002, frameid 13 12, native 1, mapped 1 1
11-15 09:55:58.096  5921 19317 E mm-camera: module_faceproc_port_event_func:886] MCT_EVENT_MODULE_BUF_DIVERT 65539, Cannot start FD, active 10002, frameid 14 13, native 1, mapped 1 1
11-15 09:55:58.129  5921 19317 E mm-camera: module_faceproc_port_event_func:886] MCT_EVENT_MODULE_BUF_DIVERT 65539, Cannot start FD, active 10002, frameid 15 14, native 1, mapped 1 1
11-15 09:55:58.163  5921 19317 E mm-camera: module_faceproc_port_event_func:886] MCT_EVENT_MODULE_BUF_DIVERT 65539, Cannot start FD, active 10002, frameid 16 15, native 1, mapped 1 1
11-15 09:55:58.196  5921 19317 E mm-camera: module_faceproc_port_event_func:886] MCT_EVENT_MODULE_BUF_DIVERT 65539, Cannot start FD, active 10002, frameid 17 16, native 1, mapped 1 1
11-15 09:55:58.230  5921 19317 E mm-camera: module_faceproc_port_event_func:886] MCT_EVENT_MODULE_BUF_DIVERT 65539, Cannot start FD, active 10002, frameid 18 17, native 1, mapped 1 1
11-15 09:55:58.263  5921 19317 E mm-camera: module_faceproc_port_event_func:886] MCT_EVENT_MODULE_BUF_DIVERT 65539, Cannot start FD, active 10002, frameid 19 18, native 1, mapped 1 1
11-15 09:55:58.297  5921 19317 E mm-camera: module_faceproc_port_event_func:886] MCT_EVENT_MODULE_BUF_DIVERT 65539, Cannot start FD, active 10002, frameid 20 19, native 1, mapped 1 1
11-15 09:55:58.331  5921 19317 E mm-camera: module_faceproc_port_event_func:886] MCT_EVENT_MODULE_BUF_DIVERT 65539, Cannot start FD, active 10002, frameid 21 20, native 1, mapped 1 1
11-15 09:55:58.364  5921 19317 E mm-camera: module_faceproc_port_event_func:886] MCT_EVENT_MODULE_BUF_DIVERT 65539, Cannot start FD, active 10002, frameid 22 21, native 1, mapped 1 1
11-15 09:55:58.398  5921 19317 E mm-camera: module_faceproc_port_event_func:886] MCT_EVENT_MODULE_BUF_DIVERT 65539, Cannot start FD, active 10002, frameid 23 22, native 1, mapped 1 1
11-15 09:55:58.432  5921 19317 E mm-camera: module_faceproc_port_event_func:886] MCT_EVENT_MODULE_BUF_DIVERT 65539, Cannot start FD, active 10002, frameid 24 23, native 1, mapped 1 1
11-15 09:55:58.465  5921 19317 E mm-camera: module_faceproc_port_event_func:886] MCT_EVENT_MODULE_BUF_DIVERT 65539, Cannot start FD, active 10002, frameid 25 24, native 1, mapped 1 1
11-15 09:55:58.498  5921 19317 E mm-camera: module_faceproc_port_event_func:886] MCT_EVENT_MODULE_BUF_DIVERT 65539, Cannot start FD, active 10002, frameid 26 25, native 1, mapped 1 1
11-15 09:55:58.533  5921 19317 E mm-camera: module_faceproc_port_event_func:886] MCT_EVENT_MODULE_BUF_DIVERT 65539, Cannot start FD, active 10002, frameid 27 26, native 1, mapped 1 1
11-15 09:55:58.567  5921 19317 E mm-camera: module_faceproc_port_event_func:886] MCT_EVENT_MODULE_BUF_DIVERT 65539, Cannot start FD, active 10002, frameid 28 27, native 1, mapped 1 1
11-15 09:55:58.599  5921 19317 E mm-camera: module_faceproc_port_event_func:886] MCT_EVENT_MODULE_BUF_DIVERT 65539, Cannot start FD, active 10002, frameid 29 28, native 1, mapped 1 1
11-15 09:55:58.633  5921 19317 E mm-camera: module_faceproc_port_event_func:886] MCT_EVENT_MODULE_BUF_DIVERT 65539, Cannot start FD, active 10002, frameid 30 29, native 1, mapped 1 1
11-15 09:55:58.666  5921 19317 E mm-camera: module_faceproc_port_event_func:886] MCT_EVENT_MODULE_BUF_DIVERT 65539, Cannot start FD, active 10002, frameid 31 30, native 1, mapped 1 1
11-15 09:55:58.700  5921 19317 E mm-camera: module_faceproc_port_event_func:886] MCT_EVENT_MODULE_BUF_DIVERT 65539, Cannot start FD, active 10002, frameid 32 31, native 1, mapped 1 1
11-15 09:55:58.733  5921 19317 E mm-camera: module_faceproc_port_event_func:886] MCT_EVENT_MODULE_BUF_DIVERT 65539, Cannot start FD, active 10002, frameid 33 32, native 1, mapped 1 1
11-15 09:55:58.767  5921 19317 E mm-camera: module_faceproc_port_event_func:886] MCT_EVENT_MODULE_BUF_DIVERT 65539, Cannot start FD, active 10002, frameid 34 33, native 1, mapped 1 1
11-15 09:55:58.802  5921 19317 E mm-camera: module_faceproc_port_event_func:886] MCT_EVENT_MODULE_BUF_DIVERT 65539, Cannot start FD, active 10002, frameid 35 34, native 1, mapped 1 1
11-15 09:55:58.835  5921 19317 E mm-camera: module_faceproc_port_event_func:886] MCT_EVENT_MODULE_BUF_DIVERT 65539, Cannot start FD, active 10002, frameid 36 35, native 1, mapped 1 1
11-15 09:55:58.867  5921 19317 E mm-camera: module_faceproc_port_event_func:886] MCT_EVENT_MODULE_BUF_DIVERT 65539, Cannot start FD, active 10002, frameid 37 36, native 1, mapped 1 1
11-15 09:55:58.901  5921 19317 E mm-camera: module_faceproc_port_event_func:886] MCT_EVENT_MODULE_BUF_DIVERT 65539, Cannot start FD, active 10002, frameid 38 37, native 1, mapped 1 1
11-15 09:55:58.935  5921 19317 E mm-camera: module_faceproc_port_event_func:886] MCT_EVENT_MODULE_BUF_DIVERT 65539, Cannot start FD, active 10002, frameid 39 38, native 1, mapped 1 1
11-15 09:55:58.970  5921 19317 E mm-camera: module_faceproc_port_event_func:886] MCT_EVENT_MODULE_BUF_DIVERT 65539, Cannot start FD, active 10002, frameid 40 39, native 1, mapped 1 1
11-15 09:55:59.002  5921 19317 E mm-camera: module_faceproc_port_event_func:886] MCT_EVENT_MODULE_BUF_DIVERT 65539, Cannot start FD, active 10002, frameid 41 40, native 1, mapped 1 1
11-15 09:55:59.036  5921 19317 E mm-camera: module_faceproc_port_event_func:886] MCT_EVENT_MODULE_BUF_DIVERT 65539, Cannot start FD, active 10002, frameid 42 41, native 1, mapped 1 1
11-15 09:55:59.069  5921 19317 E mm-camera: module_faceproc_port_event_func:886] MCT_EVENT_MODULE_BUF_DIVERT 65539, Cannot start FD, active 10002, frameid 43 42, native 1, mapped 1 1
11-15 09:55:59.103  5921 19317 E mm-camera: module_faceproc_port_event_func:886] MCT_EVENT_MODULE_BUF_DIVERT 65539, Cannot start FD, active 10002, frameid 44 43, native 1, mapped 1 1
11-15 09:55:59.136  5921 19317 E mm-camera: module_faceproc_port_event_func:886] MCT_EVENT_MODULE_BUF_DIVERT 65539, Cannot start FD, active 10002, frameid 45 44, native 1, mapped 1 1
11-15 09:55:59.170  5921 19317 E mm-camera: module_faceproc_port_event_func:886] MCT_EVENT_MODULE_BUF_DIVERT 65539, Cannot start FD, active 10002, frameid 46 45, native 1, mapped 1 1
11-15 09:55:59.203  5921 19317 E mm-camera: module_faceproc_port_event_func:886] MCT_EVENT_MODULE_BUF_DIVERT 65539, Cannot start FD, active 10002, frameid 47 46, native 1, mapped 1 1
11-15 09:55:59.238  5921 19317 E mm-camera: module_faceproc_port_event_func:886] MCT_EVENT_MODULE_BUF_DIVERT 65539, Cannot start FD, active 10002, frameid 48 47, native 1, mapped 1 1
11-15 09:55:59.270  5921 19317 E mm-camera: module_faceproc_port_event_func:886] MCT_EVENT_MODULE_BUF_DIVERT 65539, Cannot start FD, active 10002, frameid 49 48, native 1, mapped 1 1
11-15 09:55:59.304  5921 19317 E mm-camera: module_faceproc_port_event_func:886] MCT_EVENT_MODULE_BUF_DIVERT 65539, Cannot start FD, active 10002, frameid 50 49, native 1, mapped 1 1
11-15 09:55:59.339  5921 19317 E mm-camera: module_faceproc_port_event_func:886] MCT_EVENT_MODULE_BUF_DIVERT 65539, Cannot start FD, active 10002, frameid 51 50, native 1, mapped 1 1
11-15 09:55:59.371  5921 19317 E mm-camera: module_faceproc_port_event_func:886] MCT_EVENT_MODULE_BUF_DIVERT 65539, Cannot start FD, active 10002, frameid 52 51, native 1, mapped 1 1
11-15 09:55:59.405  5921 19317 E mm-camera: module_faceproc_port_event_func:886] MCT_EVENT_MODULE_BUF_DIVERT 65539, Cannot start FD, active 10002, frameid 53 52, native 1, mapped 1 1
11-15 09:55:59.438  5921 19317 E mm-camera: module_faceproc_port_event_func:886] MCT_EVENT_MODULE_BUF_DIVERT 65539, Cannot start FD, active 10002, frameid 54 53, native 1, mapped 1 1
11-15 09:55:59.472 19266 19313 I native  : tensorflow_inference_jni.cc:87 Found session variables for 71342b6685d2481a
11-15 09:55:59.472 19266 19313 I native  : tensorflow_inference_jni.cc:197 End computing. Ran in 0ms (0ms avg over 38 runs)
11-15 09:55:59.472 19266 19313 E native  : tensorflow_inference_jni.cc:202 Error during inference: Invalid argument: Session was not created with a graph before Run()!
11-15 09:55:59.472 19266 19313 I native  : tensorflow_inference_jni.cc:87 Found session variables for 71342b6685d2481a
11-15 09:55:59.472 19266 19313 I native  : tensorflow_inference_jni.cc:87 Found session variables for 71342b6685d2481a
11-15 09:55:59.472 19266 19313 E native  : tensorflow_inference_jni.cc:159 Output [output/Softmax:0] not found, aborting!
11-15 09:55:59.473  5921 19317 E mm-camera: module_faceproc_port_event_func:886] MCT_EVENT_MODULE_BUF_DIVERT 65539, Cannot start FD, active 10002, frameid 55 54, native 1, mapped 1 1
11-15 09:55:59.492 19266 19312 I tensorflow: ImageUtils: Saving Mat 48x48 bitmap to /storage/emulated/0/tensorflow.
11-15 09:55:59.492 19266 19312 I tensorflow: ImageUtils: Make dir failed
11-15 09:55:59.495 19266 19312 I tensorflow: ImageUtils: Saving 48x48 bitmap to /storage/emulated/0/tensorflow.
11-15 09:55:59.495 19266 19312 I tensorflow: ImageUtils: Make dir failed
11-15 09:55:59.500 19266 19313 I native  : tensorflow_inference_jni.cc:87 Found session variables for 71342b6685d2481a
11-15 09:55:59.500 19266 19313 I native  : tensorflow_inference_jni.cc:87 Found session variables for 71342b6685d2481a
11-15 09:55:59.500 19266 19313 I native  : tensorflow_inference_jni.cc:197 End computing. Ran in 0ms (0ms avg over 39 runs)
11-15 09:55:59.500 19266 19313 E native  : tensorflow_inference_jni.cc:202 Error during inference: Invalid argument: Session was not created with a graph before Run()!
11-15 09:55:59.500 19266 19313 I native  : tensorflow_inference_jni.cc:87 Found session variables for 71342b6685d2481a
11-15 09:55:59.500 19266 19313 I native  : tensorflow_inference_jni.cc:87 Found session variables for 71342b6685d2481a
11-15 09:55:59.500 19266 19313 E native  : tensorflow_inference_jni.cc:159 Output [output/Softmax:0] not found, aborting!
11-15 09:55:59.505  5921 19317 E mm-camera: module_faceproc_port_event_func:886] MCT_EVENT_MODULE_BUF_DIVERT 65539, Cannot start FD, active 10002, frameid 56 55, native 1, mapped 1 1
11-15 09:55:59.538 19266 19312 I tensorflow: ImageUtils: Saving Mat 48x48 bitmap to /storage/emulated/0/tensorflow.
11-15 09:55:59.538 19266 19312 I tensorflow: ImageUtils: Make dir failed
11-15 09:55:59.538  5921 19317 E mm-camera: module_faceproc_port_event_func:886] MCT_EVENT_MODULE_BUF_DIVERT 65539, Cannot start FD, active 10002, frameid 57 56, native 1, mapped 1 1
11-15 09:55:59.547 19266 19312 I tensorflow: ImageUtils: Saving 48x48 bitmap to /storage/emulated/0/tensorflow.
11-15 09:55:59.547 19266 19312 I tensorflow: ImageUtils: Make dir failed
11-15 09:55:59.556 19266 19313 I native  : tensorflow_inference_jni.cc:87 Found session variables for 71342b6685d2481a
11-15 09:55:59.556 19266 19313 I native  : tensorflow_inference_jni.cc:87 Found session variables for 71342b6685d2481a
11-15 09:55:59.556 19266 19313 I native  : tensorflow_inference_jni.cc:197 End computing. Ran in 0ms (0ms avg over 40 runs)
11-15 09:55:59.556 19266 19313 E native  : tensorflow_inference_jni.cc:202 Error during inference: Invalid argument: Session was not created with a graph before Run()!
11-15 09:55:59.556 19266 19313 I native  : tensorflow_inference_jni.cc:87 Found session variables for 71342b6685d2481a
11-15 09:55:59.556 19266 19313 I native  : tensorflow_inference_jni.cc:87 Found session variables for 71342b6685d2481a
11-15 09:55:59.556 19266 19313 E native  : tensorflow_inference_jni.cc:159 Output [output/Softmax:0] not found, aborting!
11-15 09:55:59.573  5921 19317 E mm-camera: module_faceproc_port_event_func:886] MCT_EVENT_MODULE_BUF_DIVERT 65539, Cannot start FD, active 10002, frameid 58 57, native 1, mapped 1 1
11-15 09:55:59.601 19266 19312 I tensorflow: ImageUtils: Saving Mat 48x48 bitmap to /storage/emulated/0/tensorflow.
11-15 09:55:59.601 19266 19312 I tensorflow: ImageUtils: Make dir failed
11-15 09:55:59.607  5921 19317 E mm-camera: module_faceproc_port_event_func:886] MCT_EVENT_MODULE_BUF_DIVERT 65539, Cannot start FD, active 10002, frameid 59 58, native 1, mapped 1 1
11-15 09:55:59.609 19266 19312 I tensorflow: ImageUtils: Saving 48x48 bitmap to /storage/emulated/0/tensorflow.
11-15 09:55:59.609 19266 19312 I tensorflow: ImageUtils: Make dir failed
11-15 09:55:59.622 19266 19313 I native  : tensorflow_inference_jni.cc:87 Found session variables for 71342b6685d2481a
11-15 09:55:59.623 19266 19313 I native  : tensorflow_inference_jni.cc:87 Found session variables for 71342b6685d2481a
11-15 09:55:59.623 19266 19313 I native  : tensorflow_inference_jni.cc:197 End computing. Ran in 0ms (0ms avg over 41 runs)
11-15 09:55:59.623 19266 19313 E native  : tensorflow_inference_jni.cc:202 Error during inference: Invalid argument: Session was not created with a graph before Run()!
11-15 09:55:59.623 19266 19313 I native  : tensorflow_inference_jni.cc:87 Found session variables for 71342b6685d2481a
11-15 09:55:59.623 19266 19313 I native  : tensorflow_inference_jni.cc:87 Found session variables for 71342b6685d2481a
11-15 09:55:59.623 19266 19313 E native  : tensorflow_inference_jni.cc:159 Output [output/Softmax:0] not found, aborting!
11-15 09:55:59.640  5921 19317 E mm-camera: module_faceproc_port_event_func:886] MCT_EVENT_MODULE_BUF_DIVERT 65539, Cannot start FD, active 10002, frameid 60 59, native 1, mapped 1 1
11-15 09:55:59.649 19266 19312 I tensorflow: ImageUtils: Saving Mat 48x48 bitmap to /storage/emulated/0/tensorflow.
11-15 09:55:59.649 19266 19312 I tensorflow: ImageUtils: Make dir failed
11-15 09:55:59.657 19266 19312 I tensorflow: ImageUtils: Saving 48x48 bitmap to /storage/emulated/0/tensorflow.
11-15 09:55:59.657 19266 19312 I tensorflow: ImageUtils: Make dir failed
11-15 09:55:59.667 19266 19313 I native  : tensorflow_inference_jni.cc:87 Found session variables for 71342b6685d2481a
11-15 09:55:59.667 19266 19313 I native  : tensorflow_inference_jni.cc:87 Found session variables for 71342b6685d2481a
11-15 09:55:59.667 19266 19313 I native  : tensorflow_inference_jni.cc:197 End computing. Ran in 0ms (0ms avg over 42 runs)
11-15 09:55:59.667 19266 19313 E native  : tensorflow_inference_jni.cc:202 Error during inference: Invalid argument: Session was not created with a graph before Run()!
11-15 09:55:59.667 19266 19313 I native  : tensorflow_inference_jni.cc:87 Found session variables for 71342b6685d2481a
11-15 09:55:59.668 19266 19313 I native  : tensorflow_inference_jni.cc:87 Found session variables for 71342b6685d2481a
11-15 09:55:59.668 19266 19313 E native  : tensorflow_inference_jni.cc:159 Output [output/Softmax:0] not found, aborting!
11-15 09:55:59.673  5921 19317 E mm-camera: module_faceproc_port_event_func:886] MCT_EVENT_MODULE_BUF_DIVERT 65539, Cannot start FD, active 10002, frameid 61 60, native 1, mapped 1 1
11-15 09:55:59.682  5921 19320 E mm-camera: cpp_module_process_downstream_event:1067, Update buf queue: APPEND
11-15 09:55:59.682  5921 19320 E mm-camera: port_isp_mct_ctrl_cmd: error in isp_update_buf_info, identity = 0x10002
11-15 09:55:59.682  5921 19320 E mm-camera: port_ispif_proc_mct_ctrl_cmd: forward_event error
11-15 09:55:59.682  5921 19320 E mm-camera-sensor: port_sensor_port_process_event:1520 failed
11-15 09:55:59.682  5921 19320 E mm-camera-sensor: module_sensor_module_process_event:2335 failed
11-15 09:55:59.706  5921 19317 E mm-camera: module_faceproc_port_event_func:886] MCT_EVENT_MODULE_BUF_DIVERT 65539, Cannot start FD, active 10002, frameid 62 61, native 1, mapped 1 1
11-15 09:55:59.711 19266 19312 I tensorflow: ImageUtils: Saving Mat 48x48 bitmap to /storage/emulated/0/tensorflow.
11-15 09:55:59.711 19266 19312 I tensorflow: ImageUtils: Make dir failed
11-15 09:55:59.717 19266 19312 I tensorflow: ImageUtils: Saving 48x48 bitmap to /storage/emulated/0/tensorflow.
11-15 09:55:59.717 19266 19312 I tensorflow: ImageUtils: Make dir failed
11-15 09:55:59.723 19266 19313 I native  : tensorflow_inference_jni.cc:87 Found session variables for 71342b6685d2481a
11-15 09:55:59.723 19266 19313 I native  : tensorflow_inference_jni.cc:87 Found session variables for 71342b6685d2481a
11-15 09:55:59.723 19266 19313 I native  : tensorflow_inference_jni.cc:197 End computing. Ran in 0ms (0ms avg over 43 runs)
11-15 09:55:59.723 19266 19313 E native  : tensorflow_inference_jni.cc:202 Error during inference: Invalid argument: Session was not created with a graph before Run()!
11-15 09:55:59.723 19266 19313 I native  : tensorflow_inference_jni.cc:87 Found session variables for 71342b6685d2481a
11-15 09:55:59.723 19266 19313 I native  : tensorflow_inference_jni.cc:87 Found session variables for 71342b6685d2481a
11-15 09:55:59.723 19266 19313 E native  : tensorflow_inference_jni.cc:159 Output [output/Softmax:0] not found, aborting!
11-15 09:55:59.740  5921 19317 E mm-camera: module_faceproc_port_event_func:886] MCT_EVENT_MODULE_BUF_DIVERT 65539, Cannot start FD, active 10002, frameid 63 62, native 1, mapped 1 1
11-15 09:55:59.758 19266 19312 I tensorflow: ImageUtils: Saving Mat 48x48 bitmap to /storage/emulated/0/tensorflow.
11-15 09:55:59.758 19266 19312 I tensorflow: ImageUtils: Make dir failed
11-15 09:55:59.761 19266 19312 I tensorflow: ImageUtils: Saving 48x48 bitmap to /storage/emulated/0/tensorflow.
11-15 09:55:59.762 19266 19312 I tensorflow: ImageUtils: Make dir failed
11-15 09:55:59.766 19266 19313 I native  : tensorflow_inference_jni.cc:87 Found session variables for 71342b6685d2481a
11-15 09:55:59.766 19266 19313 I native  : tensorflow_inference_jni.cc:87 Found session variables for 71342b6685d2481a
11-15 09:55:59.766 19266 19313 I native  : tensorflow_inference_jni.cc:197 End computing. Ran in 0ms (0ms avg over 44 runs)
11-15 09:55:59.766 19266 19313 E native  : tensorflow_inference_jni.cc:202 Error during inference: Invalid argument: Session was not created with a graph before Run()!
11-15 09:55:59.766 19266 19313 I native  : tensorflow_inference_jni.cc:87 Found session variables for 71342b6685d2481a
11-15 09:55:59.766 19266 19313 I native  : tensorflow_inference_jni.cc:87 Found session variables for 71342b6685d2481a
11-15 09:55:59.767 19266 19313 E native  : tensorflow_inference_jni.cc:159 Output [output/Softmax:0] not found, aborting!
11-15 09:55:59.774  5921 19317 E mm-camera: module_faceproc_port_event_func:886] MCT_EVENT_MODULE_BUF_DIVERT 65539, Cannot start FD, active 10002, frameid 64 63, native 1, mapped 1 1
11-15 09:55:59.792 19266 19312 I tensorflow: ImageUtils: Saving Mat 48x48 bitmap to /storage/emulated/0/tensorflow.
11-15 09:55:59.792 19266 19312 I tensorflow: ImageUtils: Make dir failed
11-15 09:55:59.796 19266 19312 I tensorflow: ImageUtils: Saving 48x48 bitmap to /storage/emulated/0/tensorflow.
11-15 09:55:59.796 19266 19312 I tensorflow: ImageUtils: Make dir failed
11-15 09:55:59.801 19266 19313 I native  : tensorflow_inference_jni.cc:87 Found session variables for 71342b6685d2481a
11-15 09:55:59.801 19266 19313 I native  : tensorflow_inference_jni.cc:87 Found session variables for 71342b6685d2481a
11-15 09:55:59.801 19266 19313 I native  : tensorflow_inference_jni.cc:197 End computing. Ran in 0ms (0ms avg over 45 runs)
11-15 09:55:59.801 19266 19313 E native  : tensorflow_inference_jni.cc:202 Error during inference: Invalid argument: Session was not created with a graph before Run()!
11-15 09:55:59.801 19266 19313 I native  : tensorflow_inference_jni.cc:87 Found session variables for 71342b6685d2481a
11-15 09:55:59.801 19266 19313 I native  : tensorflow_inference_jni.cc:87 Found session variables for 71342b6685d2481a
11-15 09:55:59.801 19266 19313 E native  : tensorflow_inference_jni.cc:159 Output [output/Softmax:0] not found, aborting!
11-15 09:55:59.807  5921 19317 E mm-camera: module_faceproc_port_event_func:886] MCT_EVENT_MODULE_BUF_DIVERT 65539, Cannot start FD, active 10002, frameid 65 64, native 1, mapped 1 1
11-15 09:55:59.825 19266 19312 I tensorflow: ImageUtils: Saving Mat 48x48 bitmap to /storage/emulated/0/tensorflow.
11-15 09:55:59.825 19266 19312 I tensorflow: ImageUtils: Make dir failed
11-15 09:55:59.828 19266 19312 I tensorflow: ImageUtils: Saving 48x48 bitmap to /storage/emulated/0/tensorflow.
11-15 09:55:59.828 19266 19312 I tensorflow: ImageUtils: Make dir failed
11-15 09:55:59.833 19266 19313 I native  : tensorflow_inference_jni.cc:87 Found session variables for 71342b6685d2481a
11-15 09:55:59.833 19266 19313 I native  : tensorflow_inference_jni.cc:87 Found session variables for 71342b6685d2481a
11-15 09:55:59.833 19266 19313 I native  : tensorflow_inference_jni.cc:197 End computing. Ran in 0ms (0ms avg over 46 runs)
11-15 09:55:59.833 19266 19313 E native  : tensorflow_inference_jni.cc:202 Error during inference: Invalid argument: Session was not created with a graph before Run()!
11-15 09:55:59.833 19266 19313 I native  : tensorflow_inference_jni.cc:87 Found session variables for 71342b6685d2481a
11-15 09:55:59.833 19266 19313 I native  : tensorflow_inference_jni.cc:87 Found session variables for 71342b6685d2481a
11-15 09:55:59.833 19266 19313 E native  : tensorflow_inference_jni.cc:159 Output [output/Softmax:0] not found, aborting!
11-15 09:55:59.840  5921 19317 E mm-camera: module_faceproc_port_event_func:886] MCT_EVENT_MODULE_BUF_DIVERT 65539, Cannot start FD, active 10002, frameid 66 65, native 1, mapped 1 1
11-15 09:55:59.859 19266 19312 I tensorflow: ImageUtils: Saving Mat 48x48 bitmap to /storage/emulated/0/tensorflow.
11-15 09:55:59.859 19266 19312 I tensorflow: ImageUtils: Make dir failed
11-15 09:55:59.862 19266 19312 I tensorflow: ImageUtils: Saving 48x48 bitmap to /storage/emulated/0/tensorflow.
11-15 09:55:59.862 19266 19312 I tensorflow: ImageUtils: Make dir failed
11-15 09:55:59.867 19266 19313 I native  : tensorflow_inference_jni.cc:87 Found session variables for 71342b6685d2481a
11-15 09:55:59.867 19266 19313 I native  : tensorflow_inference_jni.cc:87 Found session variables for 71342b6685d2481a
11-15 09:55:59.867 19266 19313 I native  : tensorflow_inference_jni.cc:197 End computing. Ran in 0ms (0ms avg over 47 runs)
11-15 09:55:59.867 19266 19313 E native  : tensorflow_inference_jni.cc:202 Error during inference: Invalid argument: Session was not created with a graph before Run()!
11-15 09:55:59.867 19266 19313 I native  : tensorflow_inference_jni.cc:87 Found session variables for 71342b6685d2481a
11-15 09:55:59.867 19266 19313 I native  : tensorflow_inference_jni.cc:87 Found session variables for 71342b6685d2481a
11-15 09:55:59.867 19266 19313 E native  : tensorflow_inference_jni.cc:159 Output [output/Softmax:0] not found, aborting!
11-15 09:55:59.874  5921 19317 E mm-camera: module_faceproc_port_event_func:886] MCT_EVENT_MODULE_BUF_DIVERT 65539, Cannot start FD, active 10002, frameid 67 66, native 1, mapped 1 1
11-15 09:55:59.892 19266 19312 I tensorflow: ImageUtils: Saving Mat 48x48 bitmap to /storage/emulated/0/tensorflow.
11-15 09:55:59.892 19266 19312 I tensorflow: ImageUtils: Make dir failed
11-15 09:55:59.896 19266 19312 I tensorflow: ImageUtils: Saving 48x48 bitmap to /storage/emulated/0/tensorflow.
11-15 09:55:59.896 19266 19312 I tensorflow: ImageUtils: Make dir failed
11-15 09:55:59.901 19266 19313 I native  : tensorflow_inference_jni.cc:87 Found session variables for 71342b6685d2481a
11-15 09:55:59.901 19266 19313 I native  : tensorflow_inference_jni.cc:87 Found session variables for 71342b6685d2481a
11-15 09:55:59.901 19266 19313 I native  : tensorflow_inference_jni.cc:197 End computing. Ran in 0ms (0ms avg over 48 runs)
11-15 09:55:59.901 19266 19313 E native  : tensorflow_inference_jni.cc:202 Error during inference: Invalid argument: Session was not created with a graph before Run()!
11-15 09:55:59.901 19266 19313 I native  : tensorflow_inference_jni.cc:87 Found session variables for 71342b6685d2481a
11-15 09:55:59.901 19266 19313 I native  : tensorflow_inference_jni.cc:87 Found session variables for 71342b6685d2481a
11-15 09:55:59.901 19266 19313 E native  : tensorflow_inference_jni.cc:159 Output [output/Softmax:0] not found, aborting!
11-15 09:55:59.908  5921 19317 E mm-camera: module_faceproc_port_event_func:886] MCT_EVENT_MODULE_BUF_DIVERT 65539, Cannot start FD, active 10002, frameid 68 67, native 1, mapped 1 1
11-15 09:55:59.937 19266 19312 I tensorflow: ImageUtils: Saving Mat 48x48 bitmap to /storage/emulated/0/tensorflow.
11-15 09:55:59.937 19266 19312 I tensorflow: ImageUtils: Make dir failed
11-15 09:55:59.940  5921 19317 E mm-camera: module_faceproc_port_event_func:886] MCT_EVENT_MODULE_BUF_DIVERT 65539, Cannot start FD, active 10002, frameid 69 68, native 1, mapped 1 1
11-15 09:55:59.948 19266 19312 I tensorflow: ImageUtils: Saving 48x48 bitmap to /storage/emulated/0/tensorflow.
11-15 09:55:59.948 19266 19312 I tensorflow: ImageUtils: Make dir failed
11-15 09:55:59.957 19266 19313 I native  : tensorflow_inference_jni.cc:87 Found session variables for 71342b6685d2481a
11-15 09:55:59.957 19266 19313 I native  : tensorflow_inference_jni.cc:87 Found session variables for 71342b6685d2481a
11-15 09:55:59.957 19266 19313 I native  : tensorflow_inference_jni.cc:197 End computing. Ran in 0ms (0ms avg over 49 runs)
11-15 09:55:59.957 19266 19313 E native  : tensorflow_inference_jni.cc:202 Error during inference: Invalid argument: Session was not created with a graph before Run()!
11-15 09:55:59.958 19266 19313 I native  : tensorflow_inference_jni.cc:87 Found session variables for 71342b6685d2481a
11-15 09:55:59.958 19266 19313 I native  : tensorflow_inference_jni.cc:87 Found session variables for 71342b6685d2481a
11-15 09:55:59.958 19266 19313 E native  : tensorflow_inference_jni.cc:159 Output [output/Softmax:0] not found, aborting!
11-15 09:55:59.975  5921 19317 E mm-camera: module_faceproc_port_event_func:886] MCT_EVENT_MODULE_BUF_DIVERT 65539, Cannot start FD, active 10002, frameid 70 69, native 1, mapped 1 1
11-15 09:55:59.979 19266 19312 I tensorflow: ImageUtils: Saving Mat 48x48 bitmap to /storage/emulated/0/tensorflow.
11-15 09:55:59.979 19266 19312 I tensorflow: ImageUtils: Make dir failed
11-15 09:55:59.986 19266 19312 I tensorflow: ImageUtils: Saving 48x48 bitmap to /storage/emulated/0/tensorflow.
11-15 09:55:59.986 19266 19312 I tensorflow: ImageUtils: Make dir failed
11-15 09:55:59.995 19266 19313 I native  : tensorflow_inference_jni.cc:87 Found session variables for 71342b6685d2481a
11-15 09:55:59.995 19266 19313 I native  : tensorflow_inference_jni.cc:87 Found session variables for 71342b6685d2481a
11-15 09:55:59.995 19266 19313 I native  : tensorflow_inference_jni.cc:197 End computing. Ran in 0ms (0ms avg over 50 runs)
11-15 09:55:59.995 19266 19313 E native  : tensorflow_inference_jni.cc:202 Error during inference: Invalid argument: Session was not created with a graph before Run()!
11-15 09:55:59.995 19266 19313 I native  : tensorflow_inference_jni.cc:87 Found session variables for 71342b6685d2481a
11-15 09:55:59.995 19266 19313 I native  : tensorflow_inference_jni.cc:87 Found session variables for 71342b6685d2481a
11-15 09:55:59.995 19266 19313 E native  : tensorflow_inference_jni.cc:159 Output [output/Softmax:0] not found, aborting!
11-15 09:56:00.008  5921 19317 E mm-camera: module_faceproc_port_event_func:886] MCT_EVENT_MODULE_BUF_DIVERT 65539, Cannot start FD, active 10002, frameid 71 70, native 1, mapped 1 1
11-15 09:56:00.026 19266 19312 I tensorflow: ImageUtils: Saving Mat 48x48 bitmap to /storage/emulated/0/tensorflow.
11-15 09:56:00.026 19266 19312 I tensorflow: ImageUtils: Make dir failed
11-15 09:56:00.030 19266 19312 I tensorflow: ImageUtils: Saving 48x48 bitmap to /storage/emulated/0/tensorflow.
11-15 09:56:00.030 19266 19312 I tensorflow: ImageUtils: Make dir failed
11-15 09:56:00.035 19266 19313 I native  : tensorflow_inference_jni.cc:87 Found session variables for 71342b6685d2481a
11-15 09:56:00.035 19266 19313 I native  : tensorflow_inference_jni.cc:87 Found session variables for 71342b6685d2481a
11-15 09:56:00.035 19266 19313 I native  : tensorflow_inference_jni.cc:197 End computing. Ran in 0ms (0ms avg over 51 runs)
11-15 09:56:00.035 19266 19313 E native  : tensorflow_inference_jni.cc:202 Error during inference: Invalid argument: Session was not created with a graph before Run()!
11-15 09:56:00.035 19266 19313 I native  : tensorflow_inference_jni.cc:87 Found session variables for 71342b6685d2481a
11-15 09:56:00.035 19266 19313 I native  : tensorflow_inference_jni.cc:87 Found session variables for 71342b6685d2481a
11-15 09:56:00.035 19266 19313 E native  : tensorflow_inference_jni.cc:159 Output [output/Softmax:0] not found, aborting!
11-15 09:56:00.043  5921 19317 E mm-camera: module_faceproc_port_event_func:886] MCT_EVENT_MODULE_BUF_DIVERT 65539, Cannot start FD, active 10002, frameid 72 71, native 1, mapped 1 1
11-15 09:56:00.049 19266 19312 I tensorflow: ImageUtils: Saving Mat 48x48 bitmap to /storage/emulated/0/tensorflow.
11-15 09:56:00.049 19266 19312 I tensorflow: ImageUtils: Make dir failed
11-15 09:56:00.053 19266 19312 I tensorflow: ImageUtils: Saving 48x48 bitmap to /storage/emulated/0/tensorflow.
11-15 09:56:00.053 19266 19312 I tensorflow: ImageUtils: Make dir failed
11-15 09:56:00.061 19266 19313 I native  : tensorflow_inference_jni.cc:87 Found session variables for 71342b6685d2481a
11-15 09:56:00.061 19266 19313 I native  : tensorflow_inference_jni.cc:87 Found session variables for 71342b6685d2481a
11-15 09:56:00.061 19266 19313 I native  : tensorflow_inference_jni.cc:197 End computing. Ran in 0ms (0ms avg over 52 runs)
11-15 09:56:00.061 19266 19313 E native  : tensorflow_inference_jni.cc:202 Error during inference: Invalid argument: Session was not created with a graph before Run()!
11-15 09:56:00.061 19266 19313 I native  : tensorflow_inference_jni.cc:87 Found session variables for 71342b6685d2481a
11-15 09:56:00.061 19266 19313 I native  : tensorflow_inference_jni.cc:87 Found session variables for 71342b6685d2481a
11-15 09:56:00.062 19266 19313 E native  : tensorflow_inference_jni.cc:159 Output [output/Softmax:0] not found, aborting!
11-15 09:56:00.074 19266 19312 I tensorflow: ImageUtils: Saving Mat 48x48 bitmap to /storage/emulated/0/tensorflow.
11-15 09:56:00.074 19266 19312 I tensorflow: ImageUtils: Make dir failed
11-15 09:56:00.075  5921 19317 E mm-camera: module_faceproc_port_event_func:886] MCT_EVENT_MODULE_BUF_DIVERT 65539, Cannot start FD, active 10002, frameid 73 72, native 1, mapped 1 1
11-15 09:56:00.080 19266 19312 I tensorflow: ImageUtils: Saving 48x48 bitmap to /storage/emulated/0/tensorflow.
11-15 09:56:00.080 19266 19312 I tensorflow: ImageUtils: Make dir failed
11-15 09:56:00.086 19266 19313 I native  : tensorflow_inference_jni.cc:87 Found session variables for 71342b6685d2481a
11-15 09:56:00.086 19266 19313 I native  : tensorflow_inference_jni.cc:87 Found session variables for 71342b6685d2481a
11-15 09:56:00.086 19266 19313 I native  : tensorflow_inference_jni.cc:197 End computing. Ran in 0ms (0ms avg over 53 runs)
11-15 09:56:00.086 19266 19313 E native  : tensorflow_inference_jni.cc:202 Error during inference: Invalid argument: Session was not created with a graph before Run()!
11-15 09:56:00.086 19266 19313 I native  : tensorflow_inference_jni.cc:87 Found session variables for 71342b6685d2481a
11-15 09:56:00.086 19266 19313 I native  : tensorflow_inference_jni.cc:87 Found session variables for 71342b6685d2481a
11-15 09:56:00.086 19266 19313 E native  : tensorflow_inference_jni.cc:159 Output [output/Softmax:0] not found, aborting!
11-15 09:56:00.096 19266 19312 I tensorflow: ImageUtils: Saving Mat 48x48 bitmap to /storage/emulated/0/tensorflow.
11-15 09:56:00.096 19266 19312 I tensorflow: ImageUtils: Make dir failed
11-15 09:56:00.100 19266 19312 I tensorflow: ImageUtils: Saving 48x48 bitmap to /storage/emulated/0/tensorflow.
11-15 09:56:00.100 19266 19312 I tensorflow: ImageUtils: Make dir failed
11-15 09:56:00.105 19266 19313 I native  : tensorflow_inference_jni.cc:87 Found session variables for 71342b6685d2481a
11-15 09:56:00.105 19266 19313 I native  : tensorflow_inference_jni.cc:87 Found session variables for 71342b6685d2481a
11-15 09:56:00.106 19266 19313 I native  : tensorflow_inference_jni.cc:197 End computing. Ran in 0ms (0ms avg over 54 runs)
11-15 09:56:00.106 19266 19313 E native  : tensorflow_inference_jni.cc:202 Error during inference: Invalid argument: Session was not created with a graph before Run()!
