11-15 09:55:59.049 19266 19313 I native  : tensorflow_inference_jni.cc:87 Found session variables for 71342b6685d2481a
11-15 09:55:59.050 19266 19313 I native  : tensorflow_inference_jni.cc:197 End computing. Ran in 0ms (0ms avg over 28 runs)
11-15 09:55:59.050 19266 19313 E native  : tensorflow_inference_jni.cc:202 Error during inference: Invalid argument: Session was not created with a graph before Run()!
11-15 09:55:59.050 19266 19313 I native  : tensorflow_inference_jni.cc:87 Found session variables for 71342b6685d2481a
11-15 09:55:59.050 19266 19313 I native  : tensorflow_inference_jni.cc:87 Found session variables for 71342b6685d2481a
11-15 09:55:59.050 19266 19313 E native  : tensorflow_inference_jni.cc:159 Output [output/Softmax:0] not found, aborting!
11-15 09:55:59.069  5921 19317 E mm-camera: module_faceproc_port_event_func:886] MCT_EVENT_MODULE_BUF_DIVERT 65539, Cannot start FD, active 10002, frameid 43 42, native 1, mapped 1 1
11-15 09:55:59.096 19266 19312 I tensorflow: ImageUtils: Saving Mat 48x48 bitmap to /storage/emulated/0/tensorflow.
11-15 09:55:59.096 19266 19312 I tensorflow: ImageUtils: Make dir failed
11-15 09:55:59.103  5921 19317 E mm-camera: module_faceproc_port_event_func:886] MCT_EVENT_MODULE_BUF_DIVERT 65539, Cannot start FD, active 10002, frameid 44 43, native 1, mapped 1 1
11-15 09:55:59.106 19266 19312 I tensorflow: ImageUtils: Saving 48x48 bitmap to /storage/emulated/0/tensorflow.
11-15 09:55:59.106 19266 19312 I tensorflow: ImageUtils: Make dir failed
11-15 09:55:59.115 19266 19313 I native  : tensorflow_inference_jni.cc:87 Found session variables for 71342b6685d2481a
11-15 09:55:59.115 19266 19313 I native  : tensorflow_inference_jni.cc:87 Found session variables for 71342b6685d2481a
11-15 09:55:59.116 19266 19313 I native  : tensorflow_inference_jni.cc:197 End computing. Ran in 0ms (0ms avg over 29 runs)
11-15 09:55:59.116 19266 19313 E native  : tensorflow_inference_jni.cc:202 Error during inference: Invalid argument: Session was not created with a graph before Run()!
11-15 09:55:59.116 19266 19313 I native  : tensorflow_inference_jni.cc:87 Found session variables for 71342b6685d2481a
11-15 09:55:59.116 19266 19313 I native  : tensorflow_inference_jni.cc:87 Found session variables for 71342b6685d2481a
11-15 09:55:59.116 19266 19313 E native  : tensorflow_inference_jni.cc:159 Output [output/Softmax:0] not found, aborting!
11-15 09:55:59.136  5921 19317 E mm-camera: module_faceproc_port_event_func:886] MCT_EVENT_MODULE_BUF_DIVERT 65539, Cannot start FD, active 10002, frameid 45 44, native 1, mapped 1 1
11-15 09:55:59.162 19266 19312 I tensorflow: ImageUtils: Saving Mat 48x48 bitmap to /storage/emulated/0/tensorflow.
11-15 09:55:59.162 19266 19312 I tensorflow: ImageUtils: Make dir failed
11-15 09:55:59.167 19266 19312 I tensorflow: ImageUtils: Saving 48x48 bitmap to /storage/emulated/0/tensorflow.
11-15 09:55:59.167 19266 19312 I tensorflow: ImageUtils: Make dir failed
11-15 09:55:59.170  5921 19317 E mm-camera: module_faceproc_port_event_func:886] MCT_EVENT_MODULE_BUF_DIVERT 65539, Cannot start FD, active 10002, frameid 46 45, native 1, mapped 1 1
11-15 09:55:59.176 19266 19313 I native  : tensorflow_inference_jni.cc:87 Found session variables for 71342b6685d2481a
11-15 09:55:59.176 19266 19313 I native  : tensorflow_inference_jni.cc:87 Found session variables for 71342b6685d2481a
11-15 09:55:59.176 19266 19313 I native  : tensorflow_inference_jni.cc:197 End computing. Ran in 0ms (0ms avg over 30 runs)
11-15 09:55:59.176 19266 19313 E native  : tensorflow_inference_jni.cc:202 Error during inference: Invalid argument: Session was not created with a graph before Run()!
11-15 09:55:59.177 19266 19313 I native  : tensorflow_inference_jni.cc:87 Found session variables for 71342b6685d2481a
11-15 09:55:59.177 19266 19313 I native  : tensorflow_inference_jni.cc:87 Found session variables for 71342b6685d2481a
11-15 09:55:59.177 19266 19313 E native  : tensorflow_inference_jni.cc:159 Output [output/Softmax:0] not found, aborting!
11-15 09:55:59.188 19266 19312 I tensorflow: ImageUtils: Saving Mat 48x48 bitmap to /storage/emulated/0/tensorflow.
11-15 09:55:59.188 19266 19312 I tensorflow: ImageUtils: Make dir failed
11-15 09:55:59.192 19266 19312 I tensorflow: ImageUtils: Saving 48x48 bitmap to /storage/emulated/0/tensorflow.
11-15 09:55:59.192 19266 19312 I tensorflow: ImageUtils: Make dir failed
11-15 09:55:59.198 19266 19313 I native  : tensorflow_inference_jni.cc:87 Found session variables for 71342b6685d2481a
11-15 09:55:59.198 19266 19313 I native  : tensorflow_inference_jni.cc:87 Found session variables for 71342b6685d2481a
11-15 09:55:59.198 19266 19313 I native  : tensorflow_inference_jni.cc:197 End computing. Ran in 0ms (0ms avg over 31 runs)
11-15 09:55:59.198 19266 19313 E native  : tensorflow_inference_jni.cc:202 Error during inference: Invalid argument: Session was not created with a graph before Run()!
11-15 09:55:59.198 19266 19313 I native  : tensorflow_inference_jni.cc:87 Found session variables for 71342b6685d2481a
11-15 09:55:59.198 19266 19313 I native  : tensorflow_inference_jni.cc:87 Found session variables for 71342b6685d2481a
11-15 09:55:59.198 19266 19313 E native  : tensorflow_inference_jni.cc:159 Output [output/Softmax:0] not found, aborting!
11-15 09:55:59.203  5921 19317 E mm-camera: module_faceproc_port_event_func:886] MCT_EVENT_MODULE_BUF_DIVERT 65539, Cannot start FD, active 10002, frameid 47 46, native 1, mapped 1 1
11-15 09:55:59.222 19266 19312 I tensorflow: ImageUtils: Saving Mat 48x48 bitmap to /storage/emulated/0/tensorflow.
11-15 09:55:59.222 19266 19312 I tensorflow: ImageUtils: Make dir failed
11-15 09:55:59.227 19266 19312 I tensorflow: ImageUtils: Saving 48x48 bitmap to /storage/emulated/0/tensorflow.
11-15 09:55:59.227 19266 19312 I tensorflow: ImageUtils: Make dir failed
11-15 09:55:59.232 19266 19313 I native  : tensorflow_inference_jni.cc:87 Found session variables for 71342b6685d2481a
11-15 09:55:59.232 19266 19313 I native  : tensorflow_inference_jni.cc:87 Found session variables for 71342b6685d2481a
11-15 09:55:59.232 19266 19313 I native  : tensorflow_inference_jni.cc:197 End computing. Ran in 0ms (0ms avg over 32 runs)
11-15 09:55:59.232 19266 19313 E native  : tensorflow_inference_jni.cc:202 Error during inference: Invalid argument: Session was not created with a graph before Run()!
11-15 09:55:59.232 19266 19313 I native  : tensorflow_inference_jni.cc:87 Found session variables for 71342b6685d2481a
11-15 09:55:59.232 19266 19313 I native  : tensorflow_inference_jni.cc:87 Found session variables for 71342b6685d2481a
11-15 09:55:59.232 19266 19313 E native  : tensorflow_inference_jni.cc:159 Output [output/Softmax:0] not found, aborting!
11-15 09:55:59.238  5921 19317 E mm-camera: module_faceproc_port_event_func:886] MCT_EVENT_MODULE_BUF_DIVERT 65539, Cannot start FD, active 10002, frameid 48 47, native 1, mapped 1 1
11-15 09:55:59.256 19266 19312 I tensorflow: ImageUtils: Saving Mat 48x48 bitmap to /storage/emulated/0/tensorflow.
11-15 09:55:59.257 19266 19312 I tensorflow: ImageUtils: Make dir failed
11-15 09:55:59.261 19266 19312 I tensorflow: ImageUtils: Saving 48x48 bitmap to /storage/emulated/0/tensorflow.
11-15 09:55:59.261 19266 19312 I tensorflow: ImageUtils: Make dir failed
11-15 09:55:59.266 19266 19313 I native  : tensorflow_inference_jni.cc:87 Found session variables for 71342b6685d2481a
11-15 09:55:59.267 19266 19313 I native  : tensorflow_inference_jni.cc:87 Found session variables for 71342b6685d2481a
11-15 09:55:59.267 19266 19313 I native  : tensorflow_inference_jni.cc:197 End computing. Ran in 0ms (0ms avg over 33 runs)
11-15 09:55:59.267 19266 19313 E native  : tensorflow_inference_jni.cc:202 Error during inference: Invalid argument: Session was not created with a graph before Run()!
11-15 09:55:59.267 19266 19313 I native  : tensorflow_inference_jni.cc:87 Found session variables for 71342b6685d2481a
11-15 09:55:59.267 19266 19313 I native  : tensorflow_inference_jni.cc:87 Found session variables for 71342b6685d2481a
11-15 09:55:59.267 19266 19313 E native  : tensorflow_inference_jni.cc:159 Output [output/Softmax:0] not found, aborting!
11-15 09:55:59.270  5921 19317 E mm-camera: module_faceproc_port_event_func:886] MCT_EVENT_MODULE_BUF_DIVERT 65539, Cannot start FD, active 10002, frameid 49 48, native 1, mapped 1 1
11-15 09:55:59.296 19266 19312 I tensorflow: ImageUtils: Saving Mat 48x48 bitmap to /storage/emulated/0/tensorflow.
11-15 09:55:59.296 19266 19312 I tensorflow: ImageUtils: Make dir failed
11-15 09:55:59.301 19266 19312 I tensorflow: ImageUtils: Saving 48x48 bitmap to /storage/emulated/0/tensorflow.
11-15 09:55:59.301 19266 19312 I tensorflow: ImageUtils: Make dir failed
11-15 09:55:59.304  5921 19317 E mm-camera: module_faceproc_port_event_func:886] MCT_EVENT_MODULE_BUF_DIVERT 65539, Cannot start FD, active 10002, frameid 50 49, native 1, mapped 1 1
11-15 09:55:59.310 19266 19313 I native  : tensorflow_inference_jni.cc:87 Found session variables for 71342b6685d2481a
11-15 09:55:59.311 19266 19313 I native  : tensorflow_inference_jni.cc:87 Found session variables for 71342b6685d2481a
11-15 09:55:59.311 19266 19313 I native  : tensorflow_inference_jni.cc:197 End computing. Ran in 0ms (0ms avg over 34 runs)
11-15 09:55:59.311 19266 19313 E native  : tensorflow_inference_jni.cc:202 Error during inference: Invalid argument: Session was not created with a graph before Run()!
11-15 09:55:59.311 19266 19313 I native  : tensorflow_inference_jni.cc:87 Found session variables for 71342b6685d2481a
11-15 09:55:59.311 19266 19313 I native  : tensorflow_inference_jni.cc:87 Found session variables for 71342b6685d2481a
11-15 09:55:59.311 19266 19313 E native  : tensorflow_inference_jni.cc:159 Output [output/Softmax:0] not found, aborting!
11-15 09:55:59.339  5921 19317 E mm-camera: module_faceproc_port_event_func:886] MCT_EVENT_MODULE_BUF_DIVERT 65539, Cannot start FD, active 10002, frameid 51 50, native 1, mapped 1 1
11-15 09:55:59.343 19266 19312 I tensorflow: ImageUtils: Saving Mat 48x48 bitmap to /storage/emulated/0/tensorflow.
11-15 09:55:59.343 19266 19312 I tensorflow: ImageUtils: Make dir failed
11-15 09:55:59.350 19266 19312 I tensorflow: ImageUtils: Saving 48x48 bitmap to /storage/emulated/0/tensorflow.
11-15 09:55:59.351 19266 19312 I tensorflow: ImageUtils: Make dir failed
11-15 09:55:59.358 19266 19313 I native  : tensorflow_inference_jni.cc:87 Found session variables for 71342b6685d2481a
11-15 09:55:59.358 19266 19313 I native  : tensorflow_inference_jni.cc:87 Found session variables for 71342b6685d2481a
11-15 09:55:59.358 19266 19313 I native  : tensorflow_inference_jni.cc:197 End computing. Ran in 0ms (0ms avg over 35 runs)
11-15 09:55:59.358 19266 19313 E native  : tensorflow_inference_jni.cc:202 Error during inference: Invalid argument: Session was not created with a graph before Run()!
11-15 09:55:59.358 19266 19313 I native  : tensorflow_inference_jni.cc:87 Found session variables for 71342b6685d2481a
11-15 09:55:59.358 19266 19313 I native  : tensorflow_inference_jni.cc:87 Found session variables for 71342b6685d2481a
11-15 09:55:59.358 19266 19313 E native  : tensorflow_inference_jni.cc:159 Output [output/Softmax:0] not found, aborting!
11-15 09:55:59.371  5921 19317 E mm-camera: module_faceproc_port_event_func:886] MCT_EVENT_MODULE_BUF_DIVERT 65539, Cannot start FD, active 10002, frameid 52 51, native 1, mapped 1 1
11-15 09:55:59.379 19266 19312 I tensorflow: ImageUtils: Saving Mat 48x48 bitmap to /storage/emulated/0/tensorflow.
11-15 09:55:59.379 19266 19312 I tensorflow: ImageUtils: Make dir failed
11-15 09:55:59.387 19266 19312 I tensorflow: ImageUtils: Saving 48x48 bitmap to /storage/emulated/0/tensorflow.
11-15 09:55:59.388 19266 19312 I tensorflow: ImageUtils: Make dir failed
11-15 09:55:59.395 19266 19313 I native  : tensorflow_inference_jni.cc:87 Found session variables for 71342b6685d2481a
11-15 09:55:59.395 19266 19313 I native  : tensorflow_inference_jni.cc:87 Found session variables for 71342b6685d2481a
11-15 09:55:59.395 19266 19313 I native  : tensorflow_inference_jni.cc:197 End computing. Ran in 0ms (0ms avg over 36 runs)
11-15 09:55:59.396 19266 19313 E native  : tensorflow_inference_jni.cc:202 Error during inference: Invalid argument: Session was not created with a graph before Run()!
11-15 09:55:59.396 19266 19313 I native  : tensorflow_inference_jni.cc:87 Found session variables for 71342b6685d2481a
11-15 09:55:59.396 19266 19313 I native  : tensorflow_inference_jni.cc:87 Found session variables for 71342b6685d2481a
11-15 09:55:59.396 19266 19313 E native  : tensorflow_inference_jni.cc:159 Output [output/Softmax:0] not found, aborting!
11-15 09:55:59.405  5921 19317 E mm-camera: module_faceproc_port_event_func:886] MCT_EVENT_MODULE_BUF_DIVERT 65539, Cannot start FD, active 10002, frameid 53 52, native 1, mapped 1 1
11-15 09:55:59.421 19266 19312 I tensorflow: ImageUtils: Saving Mat 48x48 bitmap to /storage/emulated/0/tensorflow.
11-15 09:55:59.421 19266 19312 I tensorflow: ImageUtils: Make dir failed
11-15 09:55:59.426 19266 19312 I tensorflow: ImageUtils: Saving 48x48 bitmap to /storage/emulated/0/tensorflow.
11-15 09:55:59.426 19266 19312 I tensorflow: ImageUtils: Make dir failed
11-15 09:55:59.436 19266 19313 I native  : tensorflow_inference_jni.cc:87 Found session variables for 71342b6685d2481a
11-15 09:55:59.436 19266 19313 I native  : tensorflow_inference_jni.cc:87 Found session variables for 71342b6685d2481a
11-15 09:55:59.436 19266 19313 I native  : tensorflow_inference_jni.cc:197 End computing. Ran in 0ms (0ms avg over 37 runs)
11-15 09:55:59.436 19266 19313 E native  : tensorflow_inference_jni.cc:202 Error during inference: Invalid argument: Session was not created with a graph before Run()!
11-15 09:55:59.436 19266 19313 I native  : tensorflow_inference_jni.cc:87 Found session variables for 71342b6685d2481a
11-15 09:55:59.436 19266 19313 I native  : tensorflow_inference_jni.cc:87 Found session variables for 71342b6685d2481a
11-15 09:55:59.436 19266 19313 E native  : tensorflow_inference_jni.cc:159 Output [output/Softmax:0] not found, aborting!
11-15 09:55:59.438  5921 19317 E mm-camera: module_faceproc_port_event_func:886] MCT_EVENT_MODULE_BUF_DIVERT 65539, Cannot start FD, active 10002, frameid 54 53, native 1, mapped 1 1
11-15 09:55:59.460 19266 19312 I tensorflow: ImageUtils: Saving Mat 48x48 bitmap to /storage/emulated/0/tensorflow.
11-15 09:55:59.461 19266 19312 I tensorflow: ImageUtils: Make dir failed
11-15 09:55:59.466 19266 19312 I tensorflow: ImageUtils: Saving 48x48 bitmap to /storage/emulated/0/tensorflow.
11-15 09:55:59.466 19266 19312 I tensorflow: ImageUtils: Make dir failed
11-15 09:55:59.471 19266 19313 I native  : tensorflow_inference_jni.cc:87 Found session variables for 71342b6685d2481a
11-15 09:55:59.472 19266 19313 I native  : tensorflow_inference_jni.cc:87 Found session variables for 71342b6685d2481a
11-15 09:55:59.472 19266 19313 I native  : tensorflow_inference_jni.cc:197 End computing. Ran in 0ms (0ms avg over 38 runs)
11-15 09:55:59.472 19266 19313 E native  : tensorflow_inference_jni.cc:202 Error during inference: Invalid argument: Session was not created with a graph before Run()!
11-15 09:55:59.472 19266 19313 I native  : tensorflow_inference_jni.cc:87 Found session variables for 71342b6685d2481a
11-15 09:55:59.472 19266 19313 I native  : tensorflow_inference_jni.cc:87 Found session variables for 71342b6685d2481a
11-15 09:55:59.472 19266 19313 E native  : tensorflow_inference_jni.cc:159 Output [output/Softmax:0] not found, aborting!
11-15 09:55:59.473  5921 19317 E mm-camera: module_faceproc_port_event_func:886] MCT_EVENT_MODULE_BUF_DIVERT 65539, Cannot start FD, active 10002, frameid 55 54, native 1, mapped 1 1
11-15 09:55:59.492 19266 19312 I tensorflow: ImageUtils: Saving Mat 48x48 bitmap to /storage/emulated/0/tensorflow.
11-15 09:55:59.492 19266 19312 I tensorflow: ImageUtils: Make dir failed
11-15 09:55:59.495 19266 19312 I tensorflow: ImageUtils: Saving 48x48 bitmap to /storage/emulated/0/tensorflow.
11-15 09:55:59.495 19266 19312 I tensorflow: ImageUtils: Make dir failed
11-15 09:55:59.500 19266 19313 I native  : tensorflow_inference_jni.cc:87 Found session variables for 71342b6685d2481a
11-15 09:55:59.500 19266 19313 I native  : tensorflow_inference_jni.cc:87 Found session variables for 71342b6685d2481a
11-15 09:55:59.500 19266 19313 I native  : tensorflow_inference_jni.cc:197 End computing. Ran in 0ms (0ms avg over 39 runs)
11-15 09:55:59.500 19266 19313 E native  : tensorflow_inference_jni.cc:202 Error during inference: Invalid argument: Session was not created with a graph before Run()!
11-15 09:55:59.500 19266 19313 I native  : tensorflow_inference_jni.cc:87 Found session variables for 71342b6685d2481a
11-15 09:55:59.500 19266 19313 I native  : tensorflow_inference_jni.cc:87 Found session variables for 71342b6685d2481a
11-15 09:55:59.500 19266 19313 E native  : tensorflow_inference_jni.cc:159 Output [output/Softmax:0] not found, aborting!
11-15 09:55:59.505  5921 19317 E mm-camera: module_faceproc_port_event_func:886] MCT_EVENT_MODULE_BUF_DIVERT 65539, Cannot start FD, active 10002, frameid 56 55, native 1, mapped 1 1
11-15 09:55:59.538 19266 19312 I tensorflow: ImageUtils: Saving Mat 48x48 bitmap to /storage/emulated/0/tensorflow.
11-15 09:55:59.538 19266 19312 I tensorflow: ImageUtils: Make dir failed
11-15 09:55:59.538  5921 19317 E mm-camera: module_faceproc_port_event_func:886] MCT_EVENT_MODULE_BUF_DIVERT 65539, Cannot start FD, active 10002, frameid 57 56, native 1, mapped 1 1
11-15 09:55:59.547 19266 19312 I tensorflow: ImageUtils: Saving 48x48 bitmap to /storage/emulated/0/tensorflow.
11-15 09:55:59.547 19266 19312 I tensorflow: ImageUtils: Make dir failed
11-15 09:55:59.556 19266 19313 I native  : tensorflow_inference_jni.cc:87 Found session variables for 71342b6685d2481a
11-15 09:55:59.556 19266 19313 I native  : tensorflow_inference_jni.cc:87 Found session variables for 71342b6685d2481a
11-15 09:55:59.556 19266 19313 I native  : tensorflow_inference_jni.cc:197 End computing. Ran in 0ms (0ms avg over 40 runs)
11-15 09:55:59.556 19266 19313 E native  : tensorflow_inference_jni.cc:202 Error during inference: Invalid argument: Session was not created with a graph before Run()!
11-15 09:55:59.556 19266 19313 I native  : tensorflow_inference_jni.cc:87 Found session variables for 71342b6685d2481a
11-15 09:55:59.556 19266 19313 I native  : tensorflow_inference_jni.cc:87 Found session variables for 71342b6685d2481a
11-15 09:55:59.556 19266 19313 E native  : tensorflow_inference_jni.cc:159 Output [output/Softmax:0] not found, aborting!
11-15 09:55:59.573  5921 19317 E mm-camera: module_faceproc_port_event_func:886] MCT_EVENT_MODULE_BUF_DIVERT 65539, Cannot start FD, active 10002, frameid 58 57, native 1, mapped 1 1
11-15 09:55:59.601 19266 19312 I tensorflow: ImageUtils: Saving Mat 48x48 bitmap to /storage/emulated/0/tensorflow.
11-15 09:55:59.601 19266 19312 I tensorflow: ImageUtils: Make dir failed
11-15 09:55:59.607  5921 19317 E mm-camera: module_faceproc_port_event_func:886] MCT_EVENT_MODULE_BUF_DIVERT 65539, Cannot start FD, active 10002, frameid 59 58, native 1, mapped 1 1
11-15 09:55:59.609 19266 19312 I tensorflow: ImageUtils: Saving 48x48 bitmap to /storage/emulated/0/tensorflow.
11-15 09:55:59.609 19266 19312 I tensorflow: ImageUtils: Make dir failed
11-15 09:55:59.622 19266 19313 I native  : tensorflow_inference_jni.cc:87 Found session variables for 71342b6685d2481a
11-15 09:55:59.623 19266 19313 I native  : tensorflow_inference_jni.cc:87 Found session variables for 71342b6685d2481a
11-15 09:55:59.623 19266 19313 I native  : tensorflow_inference_jni.cc:197 End computing. Ran in 0ms (0ms avg over 41 runs)
11-15 09:55:59.623 19266 19313 E native  : tensorflow_inference_jni.cc:202 Error during inference: Invalid argument: Session was not created with a graph before Run()!
11-15 09:55:59.623 19266 19313 I native  : tensorflow_inference_jni.cc:87 Found session variables for 71342b6685d2481a
11-15 09:55:59.623 19266 19313 I native  : tensorflow_inference_jni.cc:87 Found session variables for 71342b6685d2481a
11-15 09:55:59.623 19266 19313 E native  : tensorflow_inference_jni.cc:159 Output [output/Softmax:0] not found, aborting!
11-15 09:55:59.640  5921 19317 E mm-camera: module_faceproc_port_event_func:886] MCT_EVENT_MODULE_BUF_DIVERT 65539, Cannot start FD, active 10002, frameid 60 59, native 1, mapped 1 1
11-15 09:55:59.649 19266 19312 I tensorflow: ImageUtils: Saving Mat 48x48 bitmap to /storage/emulated/0/tensorflow.
11-15 09:55:59.649 19266 19312 I tensorflow: ImageUtils: Make dir failed
11-15 09:55:59.657 19266 19312 I tensorflow: ImageUtils: Saving 48x48 bitmap to /storage/emulated/0/tensorflow.
11-15 09:55:59.657 19266 19312 I tensorflow: ImageUtils: Make dir failed
11-15 09:55:59.666  1275 14826 E Auth    : [GoogleAccountDataServiceImpl] getToken() -> BAD_AUTHENTICATION. Account: <ELLIDED:-540182391>, App: com.google.android.gms, Service: oauth2:https://www.googleapis.com/auth/contextcontroller
11-15 09:55:59.666  1275 14826 E Auth    : dgn: Long live credential not available.
11-15 09:55:59.666  1275 14826 E Auth    : 	at dgo.a(:com.google.android.gms:3101)
11-15 09:55:59.666  1275 14826 E Auth    : 	at dfc.a(:com.google.android.gms:399)
11-15 09:55:59.666  1275 14826 E Auth    : 	at dfb.a(:com.google.android.gms:31371)
11-15 09:55:59.666  1275 14826 E Auth    : 	at dfb.a(:com.google.android.gms:313)
11-15 09:55:59.666  1275 14826 E Auth    : 	at egq.a(:com.google.android.gms:1201)
11-15 09:55:59.666  1275 14826 E Auth    : 	at ego.a(:com.google.android.gms:3554)
11-15 09:55:59.666  1275 14826 E Auth    : 	at ego.a(:com.google.android.gms:3196)
11-15 09:55:59.666  1275 14826 E Auth    : 	at dbp.a(:com.google.android.gms:349)
11-15 09:55:59.666  1275 14826 E Auth    : 	at dbp.a(:com.google.android.gms:213)
11-15 09:55:59.666  1275 14826 E Auth    : 	at dby.a(:com.google.android.gms:1501)
11-15 09:55:59.666  1275 14826 E Auth    : 	at dbx.a(:com.google.android.gms:914)
11-15 09:55:59.666  1275 14826 E Auth    : 	at dbx.e(:com.google.android.gms:526)
11-15 09:55:59.666  1275 14826 E Auth    : 	at dbx.d(:com.google.android.gms:445)
11-15 09:55:59.666  1275 14826 E Auth    : 	at dbv.b(:com.google.android.gms:562)
11-15 09:55:59.666  1275 14826 E Auth    : 	at jht.a(:com.google.android.gms:1080)
11-15 09:55:59.666  1275 14826 E Auth    : 	at jgj.a(:com.google.android.gms:53)
11-15 09:55:59.666  1275 14826 E Auth    : 	at bnz.a(:com.google.android.gms:5093)
11-15 09:55:59.666  1275 14826 E Auth    : 	at bjv.run(:com.google.android.gms:65)
11-15 09:55:59.666  1275 14826 E Auth    : 	at bjt.a(:com.google.android.gms:249)
11-15 09:55:59.666  1275 14826 E Auth    : 	at bjt.handleMessage(:com.google.android.gms:242)
11-15 09:55:59.666  1275 14826 E Auth    : 	at jly.run(:com.google.android.gms:139)
11-15 09:55:59.666  1275 14826 E Auth    : 	at jmg.run(:com.google.android.gms:450)
11-15 09:55:59.666  1275 14826 E Auth    : 	at java.util.concurrent.ThreadPoolExecutor.runWorker(ThreadPoolExecutor.java:1113)
11-15 09:55:59.666  1275 14826 E Auth    : 	at java.util.concurrent.ThreadPoolExecutor$Worker.run(ThreadPoolExecutor.java:588)
11-15 09:55:59.666  1275 14826 E Auth    : 	at jqr.run(:com.google.android.gms:17)
11-15 09:55:59.666  1275 14826 E Auth    : 	at java.lang.Thread.run(Thread.java:818)
11-15 09:55:59.667 19266 19313 I native  : tensorflow_inference_jni.cc:87 Found session variables for 71342b6685d2481a
11-15 09:55:59.667 19266 19313 I native  : tensorflow_inference_jni.cc:87 Found session variables for 71342b6685d2481a
11-15 09:55:59.667 19266 19313 I native  : tensorflow_inference_jni.cc:197 End computing. Ran in 0ms (0ms avg over 42 runs)
11-15 09:55:59.667 19266 19313 E native  : tensorflow_inference_jni.cc:202 Error during inference: Invalid argument: Session was not created with a graph before Run()!
11-15 09:55:59.667 19266 19313 I native  : tensorflow_inference_jni.cc:87 Found session variables for 71342b6685d2481a
11-15 09:55:59.668 19266 19313 I native  : tensorflow_inference_jni.cc:87 Found session variables for 71342b6685d2481a
11-15 09:55:59.668 19266 19313 E native  : tensorflow_inference_jni.cc:159 Output [output/Softmax:0] not found, aborting!
11-15 09:55:59.673  5921 19317 E mm-camera: module_faceproc_port_event_func:886] MCT_EVENT_MODULE_BUF_DIVERT 65539, Cannot start FD, active 10002, frameid 61 60, native 1, mapped 1 1
11-15 09:55:59.682  5921 19320 E mm-camera: cpp_module_process_downstream_event:1067, Update buf queue: APPEND
11-15 09:55:59.682  5921 19320 E mm-camera: port_isp_mct_ctrl_cmd: error in isp_update_buf_info, identity = 0x10002
11-15 09:55:59.682  5921 19320 E mm-camera: port_ispif_proc_mct_ctrl_cmd: forward_event error
11-15 09:55:59.682  5921 19320 E mm-camera-sensor: port_sensor_port_process_event:1520 failed
11-15 09:55:59.682  5921 19320 E mm-camera-sensor: module_sensor_module_process_event:2335 failed
11-15 09:55:59.706  5921 19317 E mm-camera: module_faceproc_port_event_func:886] MCT_EVENT_MODULE_BUF_DIVERT 65539, Cannot start FD, active 10002, frameid 62 61, native 1, mapped 1 1
11-15 09:55:59.711 19266 19312 I tensorflow: ImageUtils: Saving Mat 48x48 bitmap to /storage/emulated/0/tensorflow.
11-15 09:55:59.711 19266 19312 I tensorflow: ImageUtils: Make dir failed
11-15 09:55:59.717 19266 19312 I tensorflow: ImageUtils: Saving 48x48 bitmap to /storage/emulated/0/tensorflow.
11-15 09:55:59.717 19266 19312 I tensorflow: ImageUtils: Make dir failed
11-15 09:55:59.723 19266 19313 I native  : tensorflow_inference_jni.cc:87 Found session variables for 71342b6685d2481a
11-15 09:55:59.723 19266 19313 I native  : tensorflow_inference_jni.cc:87 Found session variables for 71342b6685d2481a
11-15 09:55:59.723 19266 19313 I native  : tensorflow_inference_jni.cc:197 End computing. Ran in 0ms (0ms avg over 43 runs)
11-15 09:55:59.723 19266 19313 E native  : tensorflow_inference_jni.cc:202 Error during inference: Invalid argument: Session was not created with a graph before Run()!
11-15 09:55:59.723 19266 19313 I native  : tensorflow_inference_jni.cc:87 Found session variables for 71342b6685d2481a
11-15 09:55:59.723 19266 19313 I native  : tensorflow_inference_jni.cc:87 Found session variables for 71342b6685d2481a
11-15 09:55:59.723 19266 19313 E native  : tensorflow_inference_jni.cc:159 Output [output/Softmax:0] not found, aborting!
11-15 09:55:59.724  1275 14826 E ctxmgr  : [BaseServerTask]Server task (WriteInterestRecordTask) got error response.
11-15 09:55:59.724  1275 14826 E ctxmgr  : com.android.volley.VolleyError: Unable to obtain auth token - is the device online?
11-15 09:55:59.724  1275 14826 E ctxmgr  : 	at bnz.a(:com.google.android.gms:5113)
11-15 09:55:59.724  1275 14826 E ctxmgr  : 	at bjv.run(:com.google.android.gms:65)
11-15 09:55:59.724  1275 14826 E ctxmgr  : 	at bjt.a(:com.google.android.gms:249)
11-15 09:55:59.724  1275 14826 E ctxmgr  : 	at bjt.handleMessage(:com.google.android.gms:242)
11-15 09:55:59.724  1275 14826 E ctxmgr  : 	at jly.run(:com.google.android.gms:139)
11-15 09:55:59.724  1275 14826 E ctxmgr  : 	at jmg.run(:com.google.android.gms:450)
11-15 09:55:59.724  1275 14826 E ctxmgr  : 	at java.util.concurrent.ThreadPoolExecutor.runWorker(ThreadPoolExecutor.java:1113)
11-15 09:55:59.724  1275 14826 E ctxmgr  : 	at java.util.concurrent.ThreadPoolExecutor$Worker.run(ThreadPoolExecutor.java:588)
11-15 09:55:59.724  1275 14826 E ctxmgr  : 	at jqr.run(:com.google.android.gms:17)
11-15 09:55:59.724  1275 14826 E ctxmgr  : 	at java.lang.Thread.run(Thread.java:818)
11-15 09:55:59.724  1275 14826 E ctxmgr  : [SyncServerInterestRecordsOperation]Failure response from WriteInterestRecord. StatusCode = -1
11-15 09:55:59.740  5921 19317 E mm-camera: module_faceproc_port_event_func:886] MCT_EVENT_MODULE_BUF_DIVERT 65539, Cannot start FD, active 10002, frameid 63 62, native 1, mapped 1 1
11-15 09:55:59.758 19266 19312 I tensorflow: ImageUtils: Saving Mat 48x48 bitmap to /storage/emulated/0/tensorflow.
11-15 09:55:59.758 19266 19312 I tensorflow: ImageUtils: Make dir failed
11-15 09:55:59.761 19266 19312 I tensorflow: ImageUtils: Saving 48x48 bitmap to /storage/emulated/0/tensorflow.
11-15 09:55:59.762 19266 19312 I tensorflow: ImageUtils: Make dir failed
11-15 09:55:59.766 19266 19313 I native  : tensorflow_inference_jni.cc:87 Found session variables for 71342b6685d2481a
11-15 09:55:59.766 19266 19313 I native  : tensorflow_inference_jni.cc:87 Found session variables for 71342b6685d2481a
11-15 09:55:59.766 19266 19313 I native  : tensorflow_inference_jni.cc:197 End computing. Ran in 0ms (0ms avg over 44 runs)
11-15 09:55:59.766 19266 19313 E native  : tensorflow_inference_jni.cc:202 Error during inference: Invalid argument: Session was not created with a graph before Run()!
11-15 09:55:59.766 19266 19313 I native  : tensorflow_inference_jni.cc:87 Found session variables for 71342b6685d2481a
11-15 09:55:59.766 19266 19313 I native  : tensorflow_inference_jni.cc:87 Found session variables for 71342b6685d2481a
11-15 09:55:59.767 19266 19313 E native  : tensorflow_inference_jni.cc:159 Output [output/Softmax:0] not found, aborting!
11-15 09:55:59.774  5921 19317 E mm-camera: module_faceproc_port_event_func:886] MCT_EVENT_MODULE_BUF_DIVERT 65539, Cannot start FD, active 10002, frameid 64 63, native 1, mapped 1 1
11-15 09:55:59.792 19266 19312 I tensorflow: ImageUtils: Saving Mat 48x48 bitmap to /storage/emulated/0/tensorflow.
11-15 09:55:59.792 19266 19312 I tensorflow: ImageUtils: Make dir failed
11-15 09:55:59.796 19266 19312 I tensorflow: ImageUtils: Saving 48x48 bitmap to /storage/emulated/0/tensorflow.
11-15 09:55:59.796 19266 19312 I tensorflow: ImageUtils: Make dir failed
11-15 09:55:59.801 19266 19313 I native  : tensorflow_inference_jni.cc:87 Found session variables for 71342b6685d2481a
11-15 09:55:59.801 19266 19313 I native  : tensorflow_inference_jni.cc:87 Found session variables for 71342b6685d2481a
11-15 09:55:59.801 19266 19313 I native  : tensorflow_inference_jni.cc:197 End computing. Ran in 0ms (0ms avg over 45 runs)
11-15 09:55:59.801 19266 19313 E native  : tensorflow_inference_jni.cc:202 Error during inference: Invalid argument: Session was not created with a graph before Run()!
11-15 09:55:59.801 19266 19313 I native  : tensorflow_inference_jni.cc:87 Found session variables for 71342b6685d2481a
11-15 09:55:59.801 19266 19313 I native  : tensorflow_inference_jni.cc:87 Found session variables for 71342b6685d2481a
11-15 09:55:59.801 19266 19313 E native  : tensorflow_inference_jni.cc:159 Output [output/Softmax:0] not found, aborting!
11-15 09:55:59.807  5921 19317 E mm-camera: module_faceproc_port_event_func:886] MCT_EVENT_MODULE_BUF_DIVERT 65539, Cannot start FD, active 10002, frameid 65 64, native 1, mapped 1 1
11-15 09:55:59.825 19266 19312 I tensorflow: ImageUtils: Saving Mat 48x48 bitmap to /storage/emulated/0/tensorflow.
11-15 09:55:59.825 19266 19312 I tensorflow: ImageUtils: Make dir failed
11-15 09:55:59.828 19266 19312 I tensorflow: ImageUtils: Saving 48x48 bitmap to /storage/emulated/0/tensorflow.
11-15 09:55:59.828 19266 19312 I tensorflow: ImageUtils: Make dir failed
11-15 09:55:59.833 19266 19313 I native  : tensorflow_inference_jni.cc:87 Found session variables for 71342b6685d2481a
11-15 09:55:59.833 19266 19313 I native  : tensorflow_inference_jni.cc:87 Found session variables for 71342b6685d2481a
11-15 09:55:59.833 19266 19313 I native  : tensorflow_inference_jni.cc:197 End computing. Ran in 0ms (0ms avg over 46 runs)
11-15 09:55:59.833 19266 19313 E native  : tensorflow_inference_jni.cc:202 Error during inference: Invalid argument: Session was not created with a graph before Run()!
11-15 09:55:59.833 19266 19313 I native  : tensorflow_inference_jni.cc:87 Found session variables for 71342b6685d2481a
11-15 09:55:59.833 19266 19313 I native  : tensorflow_inference_jni.cc:87 Found session variables for 71342b6685d2481a
11-15 09:55:59.833 19266 19313 E native  : tensorflow_inference_jni.cc:159 Output [output/Softmax:0] not found, aborting!
11-15 09:55:59.840  5921 19317 E mm-camera: module_faceproc_port_event_func:886] MCT_EVENT_MODULE_BUF_DIVERT 65539, Cannot start FD, active 10002, frameid 66 65, native 1, mapped 1 1
11-15 09:55:59.859 19266 19312 I tensorflow: ImageUtils: Saving Mat 48x48 bitmap to /storage/emulated/0/tensorflow.
11-15 09:55:59.859 19266 19312 I tensorflow: ImageUtils: Make dir failed
11-15 09:55:59.862 19266 19312 I tensorflow: ImageUtils: Saving 48x48 bitmap to /storage/emulated/0/tensorflow.
11-15 09:55:59.862 19266 19312 I tensorflow: ImageUtils: Make dir failed
11-15 09:55:59.867 19266 19313 I native  : tensorflow_inference_jni.cc:87 Found session variables for 71342b6685d2481a
11-15 09:55:59.867 19266 19313 I native  : tensorflow_inference_jni.cc:87 Found session variables for 71342b6685d2481a
11-15 09:55:59.867 19266 19313 I native  : tensorflow_inference_jni.cc:197 End computing. Ran in 0ms (0ms avg over 47 runs)
11-15 09:55:59.867 19266 19313 E native  : tensorflow_inference_jni.cc:202 Error during inference: Invalid argument: Session was not created with a graph before Run()!
11-15 09:55:59.867 19266 19313 I native  : tensorflow_inference_jni.cc:87 Found session variables for 71342b6685d2481a
11-15 09:55:59.867 19266 19313 I native  : tensorflow_inference_jni.cc:87 Found session variables for 71342b6685d2481a
11-15 09:55:59.867 19266 19313 E native  : tensorflow_inference_jni.cc:159 Output [output/Softmax:0] not found, aborting!
11-15 09:55:59.874  5921 19317 E mm-camera: module_faceproc_port_event_func:886] MCT_EVENT_MODULE_BUF_DIVERT 65539, Cannot start FD, active 10002, frameid 67 66, native 1, mapped 1 1
11-15 09:55:59.892 19266 19312 I tensorflow: ImageUtils: Saving Mat 48x48 bitmap to /storage/emulated/0/tensorflow.
11-15 09:55:59.892 19266 19312 I tensorflow: ImageUtils: Make dir failed
11-15 09:55:59.896 19266 19312 I tensorflow: ImageUtils: Saving 48x48 bitmap to /storage/emulated/0/tensorflow.
11-15 09:55:59.896 19266 19312 I tensorflow: ImageUtils: Make dir failed
11-15 09:55:59.901 19266 19313 I native  : tensorflow_inference_jni.cc:87 Found session variables for 71342b6685d2481a
11-15 09:55:59.901 19266 19313 I native  : tensorflow_inference_jni.cc:87 Found session variables for 71342b6685d2481a
11-15 09:55:59.901 19266 19313 I native  : tensorflow_inference_jni.cc:197 End computing. Ran in 0ms (0ms avg over 48 runs)
11-15 09:55:59.901 19266 19313 E native  : tensorflow_inference_jni.cc:202 Error during inference: Invalid argument: Session was not created with a graph before Run()!
11-15 09:55:59.901 19266 19313 I native  : tensorflow_inference_jni.cc:87 Found session variables for 71342b6685d2481a
11-15 09:55:59.901 19266 19313 I native  : tensorflow_inference_jni.cc:87 Found session variables for 71342b6685d2481a
11-15 09:55:59.901 19266 19313 E native  : tensorflow_inference_jni.cc:159 Output [output/Softmax:0] not found, aborting!
11-15 09:55:59.908  5921 19317 E mm-camera: module_faceproc_port_event_func:886] MCT_EVENT_MODULE_BUF_DIVERT 65539, Cannot start FD, active 10002, frameid 68 67, native 1, mapped 1 1
11-15 09:55:59.937 19266 19312 I tensorflow: ImageUtils: Saving Mat 48x48 bitmap to /storage/emulated/0/tensorflow.
11-15 09:55:59.937 19266 19312 I tensorflow: ImageUtils: Make dir failed
11-15 09:55:59.940  5921 19317 E mm-camera: module_faceproc_port_event_func:886] MCT_EVENT_MODULE_BUF_DIVERT 65539, Cannot start FD, active 10002, frameid 69 68, native 1, mapped 1 1
11-15 09:55:59.948 19266 19312 I tensorflow: ImageUtils: Saving 48x48 bitmap to /storage/emulated/0/tensorflow.
11-15 09:55:59.948 19266 19312 I tensorflow: ImageUtils: Make dir failed
11-15 09:55:59.957 19266 19313 I native  : tensorflow_inference_jni.cc:87 Found session variables for 71342b6685d2481a
11-15 09:55:59.957 19266 19313 I native  : tensorflow_inference_jni.cc:87 Found session variables for 71342b6685d2481a
11-15 09:55:59.957 19266 19313 I native  : tensorflow_inference_jni.cc:197 End computing. Ran in 0ms (0ms avg over 49 runs)
11-15 09:55:59.957 19266 19313 E native  : tensorflow_inference_jni.cc:202 Error during inference: Invalid argument: Session was not created with a graph before Run()!
11-15 09:55:59.958 19266 19313 I native  : tensorflow_inference_jni.cc:87 Found session variables for 71342b6685d2481a
11-15 09:55:59.958 19266 19313 I native  : tensorflow_inference_jni.cc:87 Found session variables for 71342b6685d2481a
11-15 09:55:59.958 19266 19313 E native  : tensorflow_inference_jni.cc:159 Output [output/Softmax:0] not found, aborting!
11-15 09:55:59.975  5921 19317 E mm-camera: module_faceproc_port_event_func:886] MCT_EVENT_MODULE_BUF_DIVERT 65539, Cannot start FD, active 10002, frameid 70 69, native 1, mapped 1 1
11-15 09:55:59.979 19266 19312 I tensorflow: ImageUtils: Saving Mat 48x48 bitmap to /storage/emulated/0/tensorflow.
11-15 09:55:59.979 19266 19312 I tensorflow: ImageUtils: Make dir failed
11-15 09:55:59.986 19266 19312 I tensorflow: ImageUtils: Saving 48x48 bitmap to /storage/emulated/0/tensorflow.
11-15 09:55:59.986 19266 19312 I tensorflow: ImageUtils: Make dir failed
11-15 09:55:59.995 19266 19313 I native  : tensorflow_inference_jni.cc:87 Found session variables for 71342b6685d2481a
11-15 09:55:59.995 19266 19313 I native  : tensorflow_inference_jni.cc:87 Found session variables for 71342b6685d2481a
11-15 09:55:59.995 19266 19313 I native  : tensorflow_inference_jni.cc:197 End computing. Ran in 0ms (0ms avg over 50 runs)
11-15 09:55:59.995 19266 19313 E native  : tensorflow_inference_jni.cc:202 Error during inference: Invalid argument: Session was not created with a graph before Run()!
11-15 09:55:59.995 19266 19313 I native  : tensorflow_inference_jni.cc:87 Found session variables for 71342b6685d2481a
11-15 09:55:59.995 19266 19313 I native  : tensorflow_inference_jni.cc:87 Found session variables for 71342b6685d2481a
11-15 09:55:59.995 19266 19313 E native  : tensorflow_inference_jni.cc:159 Output [output/Softmax:0] not found, aborting!
11-15 09:56:00.008  5921 19317 E mm-camera: module_faceproc_port_event_func:886] MCT_EVENT_MODULE_BUF_DIVERT 65539, Cannot start FD, active 10002, frameid 71 70, native 1, mapped 1 1
11-15 09:56:00.026 19266 19312 I tensorflow: ImageUtils: Saving Mat 48x48 bitmap to /storage/emulated/0/tensorflow.
11-15 09:56:00.026 19266 19312 I tensorflow: ImageUtils: Make dir failed
11-15 09:56:00.030 19266 19312 I tensorflow: ImageUtils: Saving 48x48 bitmap to /storage/emulated/0/tensorflow.
11-15 09:56:00.030 19266 19312 I tensorflow: ImageUtils: Make dir failed
11-15 09:56:00.035 19266 19313 I native  : tensorflow_inference_jni.cc:87 Found session variables for 71342b6685d2481a
11-15 09:56:00.035 19266 19313 I native  : tensorflow_inference_jni.cc:87 Found session variables for 71342b6685d2481a
11-15 09:56:00.035 19266 19313 I native  : tensorflow_inference_jni.cc:197 End computing. Ran in 0ms (0ms avg over 51 runs)
11-15 09:56:00.035 19266 19313 E native  : tensorflow_inference_jni.cc:202 Error during inference: Invalid argument: Session was not created with a graph before Run()!
11-15 09:56:00.035 19266 19313 I native  : tensorflow_inference_jni.cc:87 Found session variables for 71342b6685d2481a
11-15 09:56:00.035 19266 19313 I native  : tensorflow_inference_jni.cc:87 Found session variables for 71342b6685d2481a
11-15 09:56:00.035 19266 19313 E native  : tensorflow_inference_jni.cc:159 Output [output/Softmax:0] not found, aborting!
11-15 09:56:00.043  5921 19317 E mm-camera: module_faceproc_port_event_func:886] MCT_EVENT_MODULE_BUF_DIVERT 65539, Cannot start FD, active 10002, frameid 72 71, native 1, mapped 1 1
11-15 09:56:00.049 19266 19312 I tensorflow: ImageUtils: Saving Mat 48x48 bitmap to /storage/emulated/0/tensorflow.
11-15 09:56:00.049 19266 19312 I tensorflow: ImageUtils: Make dir failed
11-15 09:56:00.053 19266 19312 I tensorflow: ImageUtils: Saving 48x48 bitmap to /storage/emulated/0/tensorflow.
11-15 09:56:00.053 19266 19312 I tensorflow: ImageUtils: Make dir failed
11-15 09:56:00.061 19266 19313 I native  : tensorflow_inference_jni.cc:87 Found session variables for 71342b6685d2481a
11-15 09:56:00.061 19266 19313 I native  : tensorflow_inference_jni.cc:87 Found session variables for 71342b6685d2481a
11-15 09:56:00.061 19266 19313 I native  : tensorflow_inference_jni.cc:197 End computing. Ran in 0ms (0ms avg over 52 runs)
11-15 09:56:00.061 19266 19313 E native  : tensorflow_inference_jni.cc:202 Error during inference: Invalid argument: Session was not created with a graph before Run()!
11-15 09:56:00.061 19266 19313 I native  : tensorflow_inference_jni.cc:87 Found session variables for 71342b6685d2481a
11-15 09:56:00.061 19266 19313 I native  : tensorflow_inference_jni.cc:87 Found session variables for 71342b6685d2481a
11-15 09:56:00.062 19266 19313 E native  : tensorflow_inference_jni.cc:159 Output [output/Softmax:0] not found, aborting!
11-15 09:56:00.074 19266 19312 I tensorflow: ImageUtils: Saving Mat 48x48 bitmap to /storage/emulated/0/tensorflow.
11-15 09:56:00.074 19266 19312 I tensorflow: ImageUtils: Make dir failed
11-15 09:56:00.075  5921 19317 E mm-camera: module_faceproc_port_event_func:886] MCT_EVENT_MODULE_BUF_DIVERT 65539, Cannot start FD, active 10002, frameid 73 72, native 1, mapped 1 1
11-15 09:56:00.080 19266 19312 I tensorflow: ImageUtils: Saving 48x48 bitmap to /storage/emulated/0/tensorflow.
11-15 09:56:00.080 19266 19312 I tensorflow: ImageUtils: Make dir failed
11-15 09:56:00.086 19266 19313 I native  : tensorflow_inference_jni.cc:87 Found session variables for 71342b6685d2481a
11-15 09:56:00.086 19266 19313 I native  : tensorflow_inference_jni.cc:87 Found session variables for 71342b6685d2481a
11-15 09:56:00.086 19266 19313 I native  : tensorflow_inference_jni.cc:197 End computing. Ran in 0ms (0ms avg over 53 runs)
11-15 09:56:00.086 19266 19313 E native  : tensorflow_inference_jni.cc:202 Error during inference: Invalid argument: Session was not created with a graph before Run()!
11-15 09:56:00.086 19266 19313 I native  : tensorflow_inference_jni.cc:87 Found session variables for 71342b6685d2481a
11-15 09:56:00.086 19266 19313 I native  : tensorflow_inference_jni.cc:87 Found session variables for 71342b6685d2481a
11-15 09:56:00.086 19266 19313 E native  : tensorflow_inference_jni.cc:159 Output [output/Softmax:0] not found, aborting!
11-15 09:56:00.096 19266 19312 I tensorflow: ImageUtils: Saving Mat 48x48 bitmap to /storage/emulated/0/tensorflow.
11-15 09:56:00.096 19266 19312 I tensorflow: ImageUtils: Make dir failed
11-15 09:56:00.100 19266 19312 I tensorflow: ImageUtils: Saving 48x48 bitmap to /storage/emulated/0/tensorflow.
11-15 09:56:00.100 19266 19312 I tensorflow: ImageUtils: Make dir failed
11-15 09:56:00.105 19266 19313 I native  : tensorflow_inference_jni.cc:87 Found session variables for 71342b6685d2481a
11-15 09:56:00.105 19266 19313 I native  : tensorflow_inference_jni.cc:87 Found session variables for 71342b6685d2481a
11-15 09:56:00.106 19266 19313 I native  : tensorflow_inference_jni.cc:197 End computing. Ran in 0ms (0ms avg over 54 runs)
11-15 09:56:00.106 19266 19313 E native  : tensorflow_inference_jni.cc:202 Error during inference: Invalid argument: Session was not created with a graph before Run()!
11-15 09:56:00.106 19266 19313 I native  : tensorflow_inference_jni.cc:87 Found session variables for 71342b6685d2481a
11-15 09:56:00.106 19266 19313 I native  : tensorflow_inference_jni.cc:87 Found session variables for 71342b6685d2481a
11-15 09:56:00.106 19266 19313 E native  : tensorflow_inference_jni.cc:159 Output [output/Softmax:0] not found, aborting!
11-15 09:56:00.108  5921 19317 E mm-camera: module_faceproc_port_event_func:886] MCT_EVENT_MODULE_BUF_DIVERT 65539, Cannot start FD, active 10002, frameid 74 73, native 1, mapped 1 1
11-15 09:56:00.130 19266 19312 I tensorflow: ImageUtils: Saving Mat 48x48 bitmap to /storage/emulated/0/tensorflow.
11-15 09:56:00.130 19266 19312 I tensorflow: ImageUtils: Make dir failed
11-15 09:56:00.133 19266 19312 I tensorflow: ImageUtils: Saving 48x48 bitmap to /storage/emulated/0/tensorflow.
11-15 09:56:00.133 19266 19312 I tensorflow: ImageUtils: Make dir failed
11-15 09:56:00.138 19266 19313 I native  : tensorflow_inference_jni.cc:87 Found session variables for 71342b6685d2481a
11-15 09:56:00.138 19266 19313 I native  : tensorflow_inference_jni.cc:87 Found session variables for 71342b6685d2481a
11-15 09:56:00.138 19266 19313 I native  : tensorflow_inference_jni.cc:197 End computing. Ran in 0ms (0ms avg over 55 runs)
11-15 09:56:00.138 19266 19313 E native  : tensorflow_inference_jni.cc:202 Error during inference: Invalid argument: Session was not created with a graph before Run()!
11-15 09:56:00.138 19266 19313 I native  : tensorflow_inference_jni.cc:87 Found session variables for 71342b6685d2481a
11-15 09:56:00.138 19266 19313 I native  : tensorflow_inference_jni.cc:87 Found session variables for 71342b6685d2481a
11-15 09:56:00.138 19266 19313 E native  : tensorflow_inference_jni.cc:159 Output [output/Softmax:0] not found, aborting!
11-15 09:56:00.142  5921 19317 E mm-camera: module_faceproc_port_event_func:886] MCT_EVENT_MODULE_BUF_DIVERT 65539, Cannot start FD, active 10002, frameid 75 74, native 1, mapped 1 1
11-15 09:56:00.162 19266 19312 I tensorflow: ImageUtils: Saving Mat 48x48 bitmap to /storage/emulated/0/tensorflow.
11-15 09:56:00.162 19266 19312 I tensorflow: ImageUtils: Make dir failed
11-15 09:56:00.165 19266 19312 I tensorflow: ImageUtils: Saving 48x48 bitmap to /storage/emulated/0/tensorflow.
11-15 09:56:00.165 19266 19312 I tensorflow: ImageUtils: Make dir failed
11-15 09:56:00.170 19266 19313 I native  : tensorflow_inference_jni.cc:87 Found session variables for 71342b6685d2481a
11-15 09:56:00.170 19266 19313 I native  : tensorflow_inference_jni.cc:87 Found session variables for 71342b6685d2481a
11-15 09:56:00.170 19266 19313 I native  : tensorflow_inference_jni.cc:197 End computing. Ran in 0ms (0ms avg over 56 runs)
11-15 09:56:00.170 19266 19313 E native  : tensorflow_inference_jni.cc:202 Error during inference: Invalid argument: Session was not created with a graph before Run()!
11-15 09:56:00.170 19266 19313 I native  : tensorflow_inference_jni.cc:87 Found session variables for 71342b6685d2481a
11-15 09:56:00.170 19266 19313 I native  : tensorflow_inference_jni.cc:87 Found session variables for 71342b6685d2481a
11-15 09:56:00.171 19266 19313 E native  : tensorflow_inference_jni.cc:159 Output [output/Softmax:0] not found, aborting!
11-15 09:56:00.176  5921 19317 E mm-camera: module_faceproc_port_event_func:886] MCT_EVENT_MODULE_BUF_DIVERT 65539, Cannot start FD, active 10002, frameid 76 75, native 1, mapped 1 1
11-15 09:56:00.195 19266 19312 I tensorflow: ImageUtils: Saving Mat 48x48 bitmap to /storage/emulated/0/tensorflow.
11-15 09:56:00.195 19266 19312 I tensorflow: ImageUtils: Make dir failed
11-15 09:56:00.199 19266 19312 I tensorflow: ImageUtils: Saving 48x48 bitmap to /storage/emulated/0/tensorflow.
11-15 09:56:00.199 19266 19312 I tensorflow: ImageUtils: Make dir failed
11-15 09:56:00.204 19266 19313 I native  : tensorflow_inference_jni.cc:87 Found session variables for 71342b6685d2481a
11-15 09:56:00.204 19266 19313 I native  : tensorflow_inference_jni.cc:87 Found session variables for 71342b6685d2481a
11-15 09:56:00.204 19266 19313 I native  : tensorflow_inference_jni.cc:197 End computing. Ran in 0ms (0ms avg over 57 runs)
11-15 09:56:00.204 19266 19313 E native  : tensorflow_inference_jni.cc:202 Error during inference: Invalid argument: Session was not created with a graph before Run()!
11-15 09:56:00.204 19266 19313 I native  : tensorflow_inference_jni.cc:87 Found session variables for 71342b6685d2481a
11-15 09:56:00.204 19266 19313 I native  : tensorflow_inference_jni.cc:87 Found session variables for 71342b6685d2481a
11-15 09:56:00.204 19266 19313 E native  : tensorflow_inference_jni.cc:159 Output [output/Softmax:0] not found, aborting!
11-15 09:56:00.210  5921 19317 E mm-camera: module_faceproc_port_event_func:886] MCT_EVENT_MODULE_BUF_DIVERT 65539, Cannot start FD, active 10002, frameid 77 76, native 1, mapped 1 1
11-15 09:56:00.228 19266 19312 I tensorflow: ImageUtils: Saving Mat 48x48 bitmap to /storage/emulated/0/tensorflow.
11-15 09:56:00.228 19266 19312 I tensorflow: ImageUtils: Make dir failed
11-15 09:56:00.231 19266 19312 I tensorflow: ImageUtils: Saving 48x48 bitmap to /storage/emulated/0/tensorflow.
11-15 09:56:00.231 19266 19312 I tensorflow: ImageUtils: Make dir failed
11-15 09:56:00.236 19266 19313 I native  : tensorflow_inference_jni.cc:87 Found session variables for 71342b6685d2481a
11-15 09:56:00.236 19266 19313 I native  : tensorflow_inference_jni.cc:87 Found session variables for 71342b6685d2481a
11-15 09:56:00.236 19266 19313 I native  : tensorflow_inference_jni.cc:197 End computing. Ran in 0ms (0ms avg over 58 runs)
11-15 09:56:00.236 19266 19313 E native  : tensorflow_inference_jni.cc:202 Error during inference: Invalid argument: Session was not created with a graph before Run()!
11-15 09:56:00.236 19266 19313 I native  : tensorflow_inference_jni.cc:87 Found session variables for 71342b6685d2481a
11-15 09:56:00.236 19266 19313 I native  : tensorflow_inference_jni.cc:87 Found session variables for 71342b6685d2481a
11-15 09:56:00.237 19266 19313 E native  : tensorflow_inference_jni.cc:159 Output [output/Softmax:0] not found, aborting!
11-15 09:56:00.242  5921 19317 E mm-camera: module_faceproc_port_event_func:886] MCT_EVENT_MODULE_BUF_DIVERT 65539, Cannot start FD, active 10002, frameid 78 77, native 1, mapped 1 1
11-15 09:56:00.262 19266 19312 I tensorflow: ImageUtils: Saving Mat 48x48 bitmap to /storage/emulated/0/tensorflow.
11-15 09:56:00.262 19266 19312 I tensorflow: ImageUtils: Make dir failed
11-15 09:56:00.265 19266 19312 I tensorflow: ImageUtils: Saving 48x48 bitmap to /storage/emulated/0/tensorflow.
