11-15 09:56:00.266 19266 19312 I tensorflow: ImageUtils: Make dir failed
11-15 09:56:00.270 19266 19313 I native  : tensorflow_inference_jni.cc:87 Found session variables for 71342b6685d2481a
11-15 09:56:00.270 19266 19313 I native  : tensorflow_inference_jni.cc:87 Found session variables for 71342b6685d2481a
11-15 09:56:00.270 19266 19313 I native  : tensorflow_inference_jni.cc:197 End computing. Ran in 0ms (0ms avg over 59 runs)
11-15 09:56:00.270 19266 19313 E native  : tensorflow_inference_jni.cc:202 Error during inference: Invalid argument: Session was not created with a graph before Run()!
11-15 09:56:00.270 19266 19313 I native  : tensorflow_inference_jni.cc:87 Found session variables for 71342b6685d2481a
11-15 09:56:00.270 19266 19313 I native  : tensorflow_inference_jni.cc:87 Found session variables for 71342b6685d2481a
11-15 09:56:00.271 19266 19313 E native  : tensorflow_inference_jni.cc:159 Output [output/Softmax:0] not found, aborting!
11-15 09:56:00.277  5921 19317 E mm-camera: module_faceproc_port_event_func:886] MCT_EVENT_MODULE_BUF_DIVERT 65539, Cannot start FD, active 10002, frameid 79 78, native 1, mapped 1 1
11-15 09:56:00.296 19266 19312 I tensorflow: ImageUtils: Saving Mat 48x48 bitmap to /storage/emulated/0/tensorflow.
11-15 09:56:00.296 19266 19312 I tensorflow: ImageUtils: Make dir failed
11-15 09:56:00.299 19266 19312 I tensorflow: ImageUtils: Saving 48x48 bitmap to /storage/emulated/0/tensorflow.
11-15 09:56:00.299 19266 19312 I tensorflow: ImageUtils: Make dir failed
11-15 09:56:00.304 19266 19313 I native  : tensorflow_inference_jni.cc:87 Found session variables for 71342b6685d2481a
11-15 09:56:00.304 19266 19313 I native  : tensorflow_inference_jni.cc:87 Found session variables for 71342b6685d2481a
11-15 09:56:00.304 19266 19313 I native  : tensorflow_inference_jni.cc:197 End computing. Ran in 0ms (0ms avg over 60 runs)
11-15 09:56:00.304 19266 19313 E native  : tensorflow_inference_jni.cc:202 Error during inference: Invalid argument: Session was not created with a graph before Run()!
11-15 09:56:00.304 19266 19313 I native  : tensorflow_inference_jni.cc:87 Found session variables for 71342b6685d2481a
11-15 09:56:00.304 19266 19313 I native  : tensorflow_inference_jni.cc:87 Found session variables for 71342b6685d2481a
11-15 09:56:00.305 19266 19313 E native  : tensorflow_inference_jni.cc:159 Output [output/Softmax:0] not found, aborting!
11-15 09:56:00.309  5921 19317 E mm-camera: module_faceproc_port_event_func:886] MCT_EVENT_MODULE_BUF_DIVERT 65539, Cannot start FD, active 10002, frameid 80 79, native 1, mapped 1 1
11-15 09:56:00.333 19266 19312 I tensorflow: ImageUtils: Saving Mat 48x48 bitmap to /storage/emulated/0/tensorflow.
11-15 09:56:00.333 19266 19312 I tensorflow: ImageUtils: Make dir failed
11-15 09:56:00.337 19266 19312 I tensorflow: ImageUtils: Saving 48x48 bitmap to /storage/emulated/0/tensorflow.
11-15 09:56:00.337 19266 19312 I tensorflow: ImageUtils: Make dir failed
11-15 09:56:00.342 19266 19313 I native  : tensorflow_inference_jni.cc:87 Found session variables for 71342b6685d2481a
11-15 09:56:00.342 19266 19313 I native  : tensorflow_inference_jni.cc:87 Found session variables for 71342b6685d2481a
11-15 09:56:00.342 19266 19313 I native  : tensorflow_inference_jni.cc:197 End computing. Ran in 0ms (0ms avg over 61 runs)
11-15 09:56:00.342 19266 19313 E native  : tensorflow_inference_jni.cc:202 Error during inference: Invalid argument: Session was not created with a graph before Run()!
11-15 09:56:00.342 19266 19313 I native  : tensorflow_inference_jni.cc:87 Found session variables for 71342b6685d2481a
11-15 09:56:00.342 19266 19313 I native  : tensorflow_inference_jni.cc:87 Found session variables for 71342b6685d2481a
11-15 09:56:00.342 19266 19313 E native  : tensorflow_inference_jni.cc:159 Output [output/Softmax:0] not found, aborting!
11-15 09:56:00.344  5921 19317 E mm-camera: module_faceproc_port_event_func:886] MCT_EVENT_MODULE_BUF_DIVERT 65539, Cannot start FD, active 10002, frameid 81 81, native 1, mapped 1 1
11-15 09:56:00.362 19266 19312 I tensorflow: ImageUtils: Saving Mat 48x48 bitmap to /storage/emulated/0/tensorflow.
11-15 09:56:00.362 19266 19312 I tensorflow: ImageUtils: Make dir failed
11-15 09:56:00.365 19266 19312 I tensorflow: ImageUtils: Saving 48x48 bitmap to /storage/emulated/0/tensorflow.
11-15 09:56:00.365 19266 19312 I tensorflow: ImageUtils: Make dir failed
11-15 09:56:00.370 19266 19313 I native  : tensorflow_inference_jni.cc:87 Found session variables for 71342b6685d2481a
11-15 09:56:00.370 19266 19313 I native  : tensorflow_inference_jni.cc:87 Found session variables for 71342b6685d2481a
11-15 09:56:00.370 19266 19313 I native  : tensorflow_inference_jni.cc:197 End computing. Ran in 0ms (0ms avg over 62 runs)
11-15 09:56:00.371 19266 19313 E native  : tensorflow_inference_jni.cc:202 Error during inference: Invalid argument: Session was not created with a graph before Run()!
11-15 09:56:00.371 19266 19313 I native  : tensorflow_inference_jni.cc:87 Found session variables for 71342b6685d2481a
11-15 09:56:00.371 19266 19313 I native  : tensorflow_inference_jni.cc:87 Found session variables for 71342b6685d2481a
11-15 09:56:00.371 19266 19313 E native  : tensorflow_inference_jni.cc:159 Output [output/Softmax:0] not found, aborting!
11-15 09:56:00.376  5921 19317 E mm-camera: module_faceproc_port_event_func:886] MCT_EVENT_MODULE_BUF_DIVERT 65539, Cannot start FD, active 10002, frameid 82 81, native 1, mapped 1 1
11-15 09:56:00.394 19266 19312 I tensorflow: ImageUtils: Saving Mat 48x48 bitmap to /storage/emulated/0/tensorflow.
11-15 09:56:00.394 19266 19312 I tensorflow: ImageUtils: Make dir failed
11-15 09:56:00.400 24243 24243 E ClientVe: Failed to create ClientVisualElementsProto for user interaction 27 on view com.google.android.apps.gsa.assist.AssistLayerContainer{917ca87 V.E...... ......ID 0,0-1920,1080 #7f050164 app:id/assist_layer} because that user interaction is not enabled for the view.
11-15 09:56:00.401 19266 19312 I tensorflow: ImageUtils: Saving 48x48 bitmap to /storage/emulated/0/tensorflow.
11-15 09:56:00.401 19266 19312 I tensorflow: ImageUtils: Make dir failed
11-15 09:56:00.411  5921 19317 E mm-camera: module_faceproc_port_event_func:886] MCT_EVENT_MODULE_BUF_DIVERT 65539, Cannot start FD, active 10002, frameid 83 82, native 1, mapped 1 1
11-15 09:56:00.424 19266 19313 I native  : tensorflow_inference_jni.cc:87 Found session variables for 71342b6685d2481a
11-15 09:56:00.424 19266 19313 I native  : tensorflow_inference_jni.cc:87 Found session variables for 71342b6685d2481a
11-15 09:56:00.424 19266 19313 I native  : tensorflow_inference_jni.cc:197 End computing. Ran in 0ms (0ms avg over 63 runs)
11-15 09:56:00.424 19266 19313 E native  : tensorflow_inference_jni.cc:202 Error during inference: Invalid argument: Session was not created with a graph before Run()!
11-15 09:56:00.424 19266 19313 I native  : tensorflow_inference_jni.cc:87 Found session variables for 71342b6685d2481a
11-15 09:56:00.424 19266 19313 I native  : tensorflow_inference_jni.cc:87 Found session variables for 71342b6685d2481a
11-15 09:56:00.424 19266 19313 E native  : tensorflow_inference_jni.cc:159 Output [output/Softmax:0] not found, aborting!
11-15 09:56:00.443  5921 19317 E mm-camera: module_faceproc_port_event_func:886] MCT_EVENT_MODULE_BUF_DIVERT 65539, Cannot start FD, active 10002, frameid 84 83, native 1, mapped 1 1
11-15 09:56:00.477  1662  1662 E NowRemoteClient: skipping logEndstates, service is null
11-15 09:56:00.477  5921 19317 E mm-camera: module_faceproc_port_event_func:886] MCT_EVENT_MODULE_BUF_DIVERT 65539, Cannot start FD, active 10002, frameid 85 84, native 1, mapped 1 1
11-15 09:56:00.486 19266 19312 I tensorflow: ImageUtils: Saving Mat 48x48 bitmap to /storage/emulated/0/tensorflow.
11-15 09:56:00.487 19266 19312 I tensorflow: ImageUtils: Make dir failed
11-15 09:56:00.497 19266 19312 I tensorflow: ImageUtils: Saving 48x48 bitmap to /storage/emulated/0/tensorflow.
11-15 09:56:00.497 19266 19312 I tensorflow: ImageUtils: Make dir failed
11-15 09:56:00.507 19266 19313 I native  : tensorflow_inference_jni.cc:87 Found session variables for 71342b6685d2481a
11-15 09:56:00.507 19266 19313 I native  : tensorflow_inference_jni.cc:87 Found session variables for 71342b6685d2481a
11-15 09:56:00.507 19266 19313 I native  : tensorflow_inference_jni.cc:197 End computing. Ran in 0ms (0ms avg over 64 runs)
11-15 09:56:00.508 19266 19313 E native  : tensorflow_inference_jni.cc:202 Error during inference: Invalid argument: Session was not created with a graph before Run()!
11-15 09:56:00.508 19266 19313 I native  : tensorflow_inference_jni.cc:87 Found session variables for 71342b6685d2481a
11-15 09:56:00.508 19266 19313 I native  : tensorflow_inference_jni.cc:87 Found session variables for 71342b6685d2481a
11-15 09:56:00.508 19266 19313 E native  : tensorflow_inference_jni.cc:159 Output [output/Softmax:0] not found, aborting!
11-15 09:56:00.511  5921 19317 E mm-camera: module_faceproc_port_event_func:886] MCT_EVENT_MODULE_BUF_DIVERT 65539, Cannot start FD, active 10002, frameid 86 85, native 1, mapped 1 1
11-15 09:56:00.544 19266 19312 I tensorflow: ImageUtils: Saving Mat 48x48 bitmap to /storage/emulated/0/tensorflow.
11-15 09:56:00.544 19266 19312 I tensorflow: ImageUtils: Make dir failed
11-15 09:56:00.545  5921 19317 E mm-camera: module_faceproc_port_event_func:886] MCT_EVENT_MODULE_BUF_DIVERT 65539, Cannot start FD, active 10002, frameid 87 86, native 1, mapped 1 1
11-15 09:56:00.559 19266 19312 I tensorflow: ImageUtils: Saving 48x48 bitmap to /storage/emulated/0/tensorflow.
11-15 09:56:00.559 19266 19312 I tensorflow: ImageUtils: Make dir failed
11-15 09:56:00.577  5921 19317 E mm-camera: module_faceproc_port_event_func:886] MCT_EVENT_MODULE_BUF_DIVERT 65539, Cannot start FD, active 10002, frameid 88 87, native 1, mapped 1 1
11-15 09:56:00.592 19266 19313 I native  : tensorflow_inference_jni.cc:87 Found session variables for 71342b6685d2481a
11-15 09:56:00.594 19266 19313 I native  : tensorflow_inference_jni.cc:87 Found session variables for 71342b6685d2481a
11-15 09:56:00.594 19266 19313 I native  : tensorflow_inference_jni.cc:197 End computing. Ran in 0ms (0ms avg over 65 runs)
11-15 09:56:00.595 19266 19313 E native  : tensorflow_inference_jni.cc:202 Error during inference: Invalid argument: Session was not created with a graph before Run()!
11-15 09:56:00.595 19266 19313 I native  : tensorflow_inference_jni.cc:87 Found session variables for 71342b6685d2481a
11-15 09:56:00.595 19266 19313 I native  : tensorflow_inference_jni.cc:87 Found session variables for 71342b6685d2481a
11-15 09:56:00.595 19266 19313 E native  : tensorflow_inference_jni.cc:159 Output [output/Softmax:0] not found, aborting!
11-15 09:56:00.614   197   828 E mm-camera-intf: mm_camera_poll_thread_del_poll_fd: invalid handler 175360 (0)
11-15 09:56:00.644   197 19432 E ACDB-LOADER: Error: ACDB AudProc vol returned = -19
11-15 09:56:00.655 19266 19312 I tensorflow: ImageUtils: Saving Mat 48x48 bitmap to /storage/emulated/0/tensorflow.
11-15 09:56:00.656 19266 19312 I tensorflow: ImageUtils: Make dir failed
11-15 09:56:00.668 19266 19312 I tensorflow: ImageUtils: Saving 48x48 bitmap to /storage/emulated/0/tensorflow.
11-15 09:56:00.668 19266 19312 I tensorflow: ImageUtils: Make dir failed
11-15 09:56:00.695   197   828 E mm-camera-intf: mm_camera_poll_thread_del_poll_fd: invalid handler 174848 (0)
11-15 09:56:00.697 19266 19313 I native  : tensorflow_inference_jni.cc:87 Found session variables for 71342b6685d2481a
11-15 09:56:00.697 19266 19313 I native  : tensorflow_inference_jni.cc:87 Found session variables for 71342b6685d2481a
11-15 09:56:00.697 19266 19313 I native  : tensorflow_inference_jni.cc:197 End computing. Ran in 0ms (0ms avg over 66 runs)
11-15 09:56:00.698 19266 19313 E native  : tensorflow_inference_jni.cc:202 Error during inference: Invalid argument: Session was not created with a graph before Run()!
11-15 09:56:00.698 19266 19313 I native  : tensorflow_inference_jni.cc:87 Found session variables for 71342b6685d2481a
11-15 09:56:00.698 19266 19313 I native  : tensorflow_inference_jni.cc:87 Found session variables for 71342b6685d2481a
11-15 09:56:00.698 19266 19313 E native  : tensorflow_inference_jni.cc:159 Output [output/Softmax:0] not found, aborting!
11-15 09:56:00.760  5921 19320 E mm-camera: isp_unlink_sink_port: E
11-15 09:56:00.761   197   828 E QCamera3Channel: virtual qcamera::QCamera3Channel::~QCamera3Channel(): deleting channel 175106
11-15 09:56:00.765  5921 19320 E mm-camera: isp_unlink_sink_port: E
11-15 09:56:00.765  5921 19320 E mm-camera-img: faceproc_save_album:774] Error No album 
11-15 09:56:00.765  5921 19320 E mm-camera-img: faceproc_comp_eng_destroy: Album save failed -1
11-15 09:56:00.766   197   828 E QCamera3Channel: virtual qcamera::QCamera3Channel::~QCamera3Channel(): deleting channel 174593
11-15 09:56:00.779   197   828 E QCamera3Channel: virtual qcamera::QCamera3Channel::~QCamera3Channel(): deleting channel 174080
11-15 09:56:00.780  5921 19320 E mm-camera: mct_pipeline_get_stream: no children
11-15 09:56:00.780  5921 19320 E mm-camera: mct_pipeline_process_set:1451: Couldn't find stream
11-15 09:56:00.862  2202  2210 E ANDR-PERF-LOCK: Failed to reset optimization for resource: 4 level: 0
11-15 09:56:00.916  1275 13967 E Auth    : [GoogleAccountDataServiceImpl] getToken() -> BAD_AUTHENTICATION. Account: <ELLIDED:-540182391>, App: com.google.android.gms, Service: oauth2:https://www.googleapis.com/auth/contextcontroller
11-15 09:56:00.916  1275 13967 E Auth    : dgn: Long live credential not available.
11-15 09:56:00.916  1275 13967 E Auth    : 	at dgo.a(:com.google.android.gms:3101)
11-15 09:56:00.916  1275 13967 E Auth    : 	at dfc.a(:com.google.android.gms:399)
11-15 09:56:00.916  1275 13967 E Auth    : 	at dfb.a(:com.google.android.gms:31371)
11-15 09:56:00.916  1275 13967 E Auth    : 	at dfb.a(:com.google.android.gms:313)
11-15 09:56:00.916  1275 13967 E Auth    : 	at egq.a(:com.google.android.gms:1201)
11-15 09:56:00.916  1275 13967 E Auth    : 	at ego.a(:com.google.android.gms:3554)
11-15 09:56:00.916  1275 13967 E Auth    : 	at ego.a(:com.google.android.gms:3196)
11-15 09:56:00.916  1275 13967 E Auth    : 	at dbp.a(:com.google.android.gms:349)
11-15 09:56:00.916  1275 13967 E Auth    : 	at dbp.a(:com.google.android.gms:213)
11-15 09:56:00.916  1275 13967 E Auth    : 	at dby.a(:com.google.android.gms:1501)
11-15 09:56:00.916  1275 13967 E Auth    : 	at dbx.a(:com.google.android.gms:914)
11-15 09:56:00.916  1275 13967 E Auth    : 	at dbx.e(:com.google.android.gms:526)
11-15 09:56:00.916  1275 13967 E Auth    : 	at dbx.d(:com.google.android.gms:445)
11-15 09:56:00.916  1275 13967 E Auth    : 	at dbv.b(:com.google.android.gms:562)
11-15 09:56:00.916  1275 13967 E Auth    : 	at jht.a(:com.google.android.gms:1080)
11-15 09:56:00.916  1275 13967 E Auth    : 	at jgj.a(:com.google.android.gms:53)
11-15 09:56:00.916  1275 13967 E Auth    : 	at bnz.a(:com.google.android.gms:5093)
11-15 09:56:00.916  1275 13967 E Auth    : 	at bjv.run(:com.google.android.gms:65)
11-15 09:56:00.916  1275 13967 E Auth    : 	at bjt.a(:com.google.android.gms:249)
11-15 09:56:00.916  1275 13967 E Auth    : 	at bjt.handleMessage(:com.google.android.gms:242)
11-15 09:56:00.916  1275 13967 E Auth    : 	at jly.run(:com.google.android.gms:139)
11-15 09:56:00.916  1275 13967 E Auth    : 	at jmg.run(:com.google.android.gms:450)
11-15 09:56:00.916  1275 13967 E Auth    : 	at java.util.concurrent.ThreadPoolExecutor.runWorker(ThreadPoolExecutor.java:1113)
11-15 09:56:00.916  1275 13967 E Auth    : 	at java.util.concurrent.ThreadPoolExecutor$Worker.run(ThreadPoolExecutor.java:588)
11-15 09:56:00.916  1275 13967 E Auth    : 	at jqr.run(:com.google.android.gms:17)
11-15 09:56:00.916  1275 13967 E Auth    : 	at java.lang.Thread.run(Thread.java:818)
11-15 09:56:01.022  1275 13967 E ctxmgr  : [BaseServerTask]Server task (WriteInterestRecordTask) got error response.
11-15 09:56:01.022  1275 13967 E ctxmgr  : com.android.volley.VolleyError: Unable to obtain auth token - is the device online?
11-15 09:56:01.022  1275 13967 E ctxmgr  : 	at bnz.a(:com.google.android.gms:5113)
11-15 09:56:01.022  1275 13967 E ctxmgr  : 	at bjv.run(:com.google.android.gms:65)
11-15 09:56:01.022  1275 13967 E ctxmgr  : 	at bjt.a(:com.google.android.gms:249)
11-15 09:56:01.022  1275 13967 E ctxmgr  : 	at bjt.handleMessage(:com.google.android.gms:242)
11-15 09:56:01.022  1275 13967 E ctxmgr  : 	at jly.run(:com.google.android.gms:139)
11-15 09:56:01.022  1275 13967 E ctxmgr  : 	at jmg.run(:com.google.android.gms:450)
11-15 09:56:01.022  1275 13967 E ctxmgr  : 	at java.util.concurrent.ThreadPoolExecutor.runWorker(ThreadPoolExecutor.java:1113)
11-15 09:56:01.022  1275 13967 E ctxmgr  : 	at java.util.concurrent.ThreadPoolExecutor$Worker.run(ThreadPoolExecutor.java:588)
11-15 09:56:01.022  1275 13967 E ctxmgr  : 	at jqr.run(:com.google.android.gms:17)
11-15 09:56:01.022  1275 13967 E ctxmgr  : 	at java.lang.Thread.run(Thread.java:818)
11-15 09:56:01.048  1275  1283 E DataBuffer: Internal data leak within a DataBuffer object detected!  Be sure to explicitly call release() on all DataBuffer extending objects when you are done with them. (internal object: com.google.android.gms.common.data.DataHolder@2854fd2)
11-15 09:56:01.048  1275  1283 E DataBuffer: Internal data leak within a DataBuffer object detected!  Be sure to explicitly call release() on all DataBuffer extending objects when you are done with them. (internal object: com.google.android.gms.common.data.DataHolder@f8128a3)
11-15 09:56:01.049  1275  1283 E DataBuffer: Internal data leak within a DataBuffer object detected!  Be sure to explicitly call release() on all DataBuffer extending objects when you are done with them. (internal object: com.google.android.gms.common.data.DataHolder@57227a0)
11-15 09:56:01.050  1275  1283 E DataBuffer: Internal data leak within a DataBuffer object detected!  Be sure to explicitly call release() on all DataBuffer extending objects when you are done with them. (internal object: com.google.android.gms.common.data.DataHolder@f6dcf59)
11-15 09:56:01.060  1275  1283 E DataBuffer: Internal data leak within a DataBuffer object detected!  Be sure to explicitly call release() on all DataBuffer extending objects when you are done with them. (internal object: com.google.android.gms.common.data.DataHolder@ef3abff)
11-15 09:56:01.060  1275  1283 E DataBuffer: Internal data leak within a DataBuffer object detected!  Be sure to explicitly call release() on all DataBuffer extending objects when you are done with them. (internal object: com.google.android.gms.common.data.DataHolder@2621dcc)
11-15 09:56:01.061  1275  1283 E DataBuffer: Internal data leak within a DataBuffer object detected!  Be sure to explicitly call release() on all DataBuffer extending objects when you are done with them. (internal object: com.google.android.gms.common.data.DataHolder@a30815)
11-15 09:56:01.062  1275  1283 E DataBuffer: Internal data leak within a DataBuffer object detected!  Be sure to explicitly call release() on all DataBuffer extending objects when you are done with them. (internal object: com.google.android.gms.common.data.DataHolder@71f072a)
11-15 09:56:01.068  1275 13967 E ctxmgr  : [SyncServerInterestRecordsOperation]Failure response from WriteInterestRecord. StatusCode = -1
11-15 09:56:07.273  1275 23226 E Auth    : [GoogleAccountDataServiceImpl] getToken() -> BAD_AUTHENTICATION. Account: <ELLIDED:-540182391>, App: com.android.vending, Service: androidsecure
11-15 09:56:07.273  1275 23226 E Auth    : dgn: Long live credential not available.
11-15 09:56:07.273  1275 23226 E Auth    : 	at dgo.a(:com.google.android.gms:3101)
11-15 09:56:07.273  1275 23226 E Auth    : 	at dfc.a(:com.google.android.gms:399)
11-15 09:56:07.273  1275 23226 E Auth    : 	at dfb.a(:com.google.android.gms:31371)
11-15 09:56:07.273  1275 23226 E Auth    : 	at dfb.a(:com.google.android.gms:313)
11-15 09:56:07.273  1275 23226 E Auth    : 	at egq.a(:com.google.android.gms:1201)
11-15 09:56:07.273  1275 23226 E Auth    : 	at ego.a(:com.google.android.gms:3554)
11-15 09:56:07.273  1275 23226 E Auth    : 	at ego.a(:com.google.android.gms:3196)
11-15 09:56:07.273  1275 23226 E Auth    : 	at dbp.a(:com.google.android.gms:349)
11-15 09:56:07.273  1275 23226 E Auth    : 	at dbp.a(:com.google.android.gms:213)
11-15 09:56:07.273  1275 23226 E Auth    : 	at dby.a(:com.google.android.gms:1501)
11-15 09:56:07.273  1275 23226 E Auth    : 	at dbx.a(:com.google.android.gms:914)
11-15 09:56:07.273  1275 23226 E Auth    : 	at dbx.e(:com.google.android.gms:526)
11-15 09:56:07.273  1275 23226 E Auth    : 	at dbw.a(:com.google.android.gms:37)
11-15 09:56:07.273  1275 23226 E Auth    : 	at ddj.getAuthToken(:com.google.android.gms:181)
11-15 09:56:07.273  1275 23226 E Auth    : 	at android.accounts.AbstractAccountAuthenticator$Transport.getAuthToken(AbstractAccountAuthenticator.java:214)
11-15 09:56:07.273  1275 23226 E Auth    : 	at android.accounts.IAccountAuthenticator$Stub.onTransact(IAccountAuthenticator.java:113)
11-15 09:56:07.273  1275 23226 E Auth    : 	at android.os.Binder.execTransact(Binder.java:453)
11-15 09:56:08.275  1275 13967 E Auth    : [GoogleAccountDataServiceImpl] getToken() -> BAD_AUTHENTICATION. Account: <ELLIDED:-540182391>, App: com.google.android.gms, Service: oauth2:https://www.googleapis.com/auth/contextcontroller
11-15 09:56:08.275  1275 13967 E Auth    : dgn: Long live credential not available.
11-15 09:56:08.275  1275 13967 E Auth    : 	at dgo.a(:com.google.android.gms:3101)
11-15 09:56:08.275  1275 13967 E Auth    : 	at dfc.a(:com.google.android.gms:399)
11-15 09:56:08.275  1275 13967 E Auth    : 	at dfb.a(:com.google.android.gms:31371)
11-15 09:56:08.275  1275 13967 E Auth    : 	at dfb.a(:com.google.android.gms:313)
11-15 09:56:08.275  1275 13967 E Auth    : 	at egq.a(:com.google.android.gms:1201)
11-15 09:56:08.275  1275 13967 E Auth    : 	at ego.a(:com.google.android.gms:3554)
11-15 09:56:08.275  1275 13967 E Auth    : 	at ego.a(:com.google.android.gms:3196)
11-15 09:56:08.275  1275 13967 E Auth    : 	at dbp.a(:com.google.android.gms:349)
11-15 09:56:08.275  1275 13967 E Auth    : 	at dbp.a(:com.google.android.gms:213)
11-15 09:56:08.275  1275 13967 E Auth    : 	at dby.a(:com.google.android.gms:1501)
11-15 09:56:08.275  1275 13967 E Auth    : 	at dbx.a(:com.google.android.gms:914)
11-15 09:56:08.275  1275 13967 E Auth    : 	at dbx.e(:com.google.android.gms:526)
11-15 09:56:08.275  1275 13967 E Auth    : 	at dbx.d(:com.google.android.gms:445)
11-15 09:56:08.275  1275 13967 E Auth    : 	at dbv.b(:com.google.android.gms:562)
11-15 09:56:08.275  1275 13967 E Auth    : 	at jht.a(:com.google.android.gms:1080)
11-15 09:56:08.275  1275 13967 E Auth    : 	at jgj.a(:com.google.android.gms:53)
11-15 09:56:08.275  1275 13967 E Auth    : 	at bnz.a(:com.google.android.gms:5093)
11-15 09:56:08.275  1275 13967 E Auth    : 	at bjv.run(:com.google.android.gms:65)
11-15 09:56:08.275  1275 13967 E Auth    : 	at bjt.a(:com.google.android.gms:249)
11-15 09:56:08.275  1275 13967 E Auth    : 	at bjt.handleMessage(:com.google.android.gms:242)
11-15 09:56:08.275  1275 13967 E Auth    : 	at jly.run(:com.google.android.gms:139)
11-15 09:56:08.275  1275 13967 E Auth    : 	at jmg.run(:com.google.android.gms:450)
11-15 09:56:08.275  1275 13967 E Auth    : 	at java.util.concurrent.ThreadPoolExecutor.runWorker(ThreadPoolExecutor.java:1113)
11-15 09:56:08.275  1275 13967 E Auth    : 	at java.util.concurrent.ThreadPoolExecutor$Worker.run(ThreadPoolExecutor.java:588)
11-15 09:56:08.275  1275 13967 E Auth    : 	at jqr.run(:com.google.android.gms:17)
11-15 09:56:08.275  1275 13967 E Auth    : 	at java.lang.Thread.run(Thread.java:818)
11-15 09:56:08.299  1275 13967 E ctxmgr  : [BaseServerTask]Server task (WriteInterestRecordTask) got error response.
11-15 09:56:08.299  1275 13967 E ctxmgr  : com.android.volley.VolleyError: Unable to obtain auth token - is the device online?
11-15 09:56:08.299  1275 13967 E ctxmgr  : 	at bnz.a(:com.google.android.gms:5113)
11-15 09:56:08.299  1275 13967 E ctxmgr  : 	at bjv.run(:com.google.android.gms:65)
11-15 09:56:08.299  1275 13967 E ctxmgr  : 	at bjt.a(:com.google.android.gms:249)
11-15 09:56:08.299  1275 13967 E ctxmgr  : 	at bjt.handleMessage(:com.google.android.gms:242)
11-15 09:56:08.299  1275 13967 E ctxmgr  : 	at jly.run(:com.google.android.gms:139)
11-15 09:56:08.299  1275 13967 E ctxmgr  : 	at jmg.run(:com.google.android.gms:450)
11-15 09:56:08.299  1275 13967 E ctxmgr  : 	at java.util.concurrent.ThreadPoolExecutor.runWorker(ThreadPoolExecutor.java:1113)
11-15 09:56:08.299  1275 13967 E ctxmgr  : 	at java.util.concurrent.ThreadPoolExecutor$Worker.run(ThreadPoolExecutor.java:588)
11-15 09:56:08.299  1275 13967 E ctxmgr  : 	at jqr.run(:com.google.android.gms:17)
11-15 09:56:08.299  1275 13967 E ctxmgr  : 	at java.lang.Thread.run(Thread.java:818)
11-15 09:56:08.301  1275 13967 E ctxmgr  : [SyncServerInterestRecordsOperation]Failure response from WriteInterestRecord. StatusCode = -1