11-15 11:50:15.921  5921 17120 E mm-camera-sensor: port_sensor_port_process_event:1520 failed
11-15 11:50:15.921  5921 17120 E mm-camera-sensor: module_sensor_module_process_event:2335 failed
11-15 11:50:15.922  5921 17120 E mm-camera: cpp_module_process_downstream_event:1067, Update buf queue: APPEND
11-15 11:50:15.922  5921 17120 E mm-camera: port_isp_mct_ctrl_cmd: error in isp_update_buf_info, identity = 0x10003
11-15 11:50:15.922  5921 17120 E mm-camera: port_ispif_proc_mct_ctrl_cmd: forward_event error
11-15 11:50:15.922  5921 17120 E mm-camera-sensor: port_sensor_port_process_event:1520 failed
11-15 11:50:15.922  5921 17120 E mm-camera-sensor: module_sensor_module_process_event:2335 failed
11-15 11:50:16.030  5921 17117 E mm-camera: module_faceproc_port_event_func:886] MCT_EVENT_MODULE_BUF_DIVERT 65538, Cannot start FD, active 10003, frameid 4 0, native 1, mapped 1 1
11-15 11:50:16.042 17053 17101 I tensorflow: TensorFlowImageListener: Initializing at size 640x480
11-15 11:50:16.046  5921 17120 E mm-camera: cpp_module_process_downstream_event:1067, Update buf queue: APPEND
11-15 11:50:16.046  5921 17120 E mm-camera: port_isp_mct_ctrl_cmd: error in isp_update_buf_info, identity = 0x10002
11-15 11:50:16.047  5921 17120 E mm-camera: port_ispif_proc_mct_ctrl_cmd: forward_event error
11-15 11:50:16.047  5921 17120 E mm-camera-sensor: port_sensor_port_process_event:1520 failed
11-15 11:50:16.047  5921 17120 E mm-camera-sensor: module_sensor_module_process_event:2335 failed
11-15 11:50:16.047  5921 17120 E mm-camera: cpp_module_process_downstream_event:1067, Update buf queue: APPEND
11-15 11:50:16.047  5921 17120 E mm-camera: port_isp_mct_ctrl_cmd: error in isp_update_buf_info, identity = 0x10003
11-15 11:50:16.047  5921 17120 E mm-camera: port_ispif_proc_mct_ctrl_cmd: forward_event error
11-15 11:50:16.047  5921 17120 E mm-camera-sensor: port_sensor_port_process_event:1520 failed
11-15 11:50:16.047  5921 17120 E mm-camera-sensor: module_sensor_module_process_event:2335 failed
11-15 11:50:16.063  5921 17117 E mm-camera: module_faceproc_port_event_func:886] MCT_EVENT_MODULE_BUF_DIVERT 65538, Cannot start FD, active 10003, frameid 5 4, native 1, mapped 1 1
11-15 11:50:16.076  5921 17120 E mm-camera: cpp_module_process_downstream_event:1067, Update buf queue: APPEND
11-15 11:50:16.076  5921 17120 E mm-camera: port_isp_mct_ctrl_cmd: error in isp_update_buf_info, identity = 0x10003
11-15 11:50:16.076  5921 17120 E mm-camera: port_ispif_proc_mct_ctrl_cmd: forward_event error
11-15 11:50:16.076  5921 17120 E mm-camera-sensor: port_sensor_port_process_event:1520 failed
11-15 11:50:16.076  5921 17120 E mm-camera-sensor: module_sensor_module_process_event:2335 failed
11-15 11:50:16.090 17053 17101 I tensorflow: ImageUtils: Saving Mat 48x48 bitmap to /storage/emulated/0/tensorflow.
11-15 11:50:16.090 17053 17101 I tensorflow: ImageUtils: Make dir failed
11-15 11:50:16.097  5921 17117 E mm-camera: module_faceproc_port_event_func:886] MCT_EVENT_MODULE_BUF_DIVERT 65538, Cannot start FD, active 10003, frameid 6 5, native 1, mapped 1 1
11-15 11:50:16.104 17053 17101 I tensorflow: ImageUtils: Saving 48x48 bitmap to /storage/emulated/0/tensorflow.
11-15 11:50:16.104 17053 17101 I tensorflow: ImageUtils: Make dir failed
11-15 11:50:16.111  5921 17120 E mm-camera: cpp_module_process_downstream_event:1067, Update buf queue: APPEND
11-15 11:50:16.111  5921 17120 E mm-camera: port_isp_mct_ctrl_cmd: error in isp_update_buf_info, identity = 0x10002
11-15 11:50:16.111  5921 17120 E mm-camera: port_ispif_proc_mct_ctrl_cmd: forward_event error
11-15 11:50:16.112  5921 17120 E mm-camera-sensor: port_sensor_port_process_event:1520 failed
11-15 11:50:16.112  5921 17120 E mm-camera-sensor: module_sensor_module_process_event:2335 failed
11-15 11:50:16.116 17053 17102 I native  : tensorflow_inference_jni.cc:87 Found session variables for 7b9225f90a61d7c8
11-15 11:50:16.116 17053 17102 I native  : tensorflow_inference_jni.cc:87 Found session variables for 7b9225f90a61d7c8
11-15 11:50:16.116 17053 17102 I native  : tensorflow_inference_jni.cc:197 End computing. Ran in 0ms (0ms avg over 1 runs)
11-15 11:50:16.117 17053 17102 E native  : tensorflow_inference_jni.cc:202 Error during inference: Invalid argument: Session was not created with a graph before Run()!
11-15 11:50:16.117 17053 17102 I native  : tensorflow_inference_jni.cc:87 Found session variables for 7b9225f90a61d7c8
11-15 11:50:16.117 17053 17102 I native  : tensorflow_inference_jni.cc:87 Found session variables for 7b9225f90a61d7c8
11-15 11:50:16.117 17053 17102 E native  : tensorflow_inference_jni.cc:159 Output [output/Softmax:0] not found, aborting!
11-15 11:50:16.130  5921 17117 E mm-camera: module_faceproc_port_event_func:886] MCT_EVENT_MODULE_BUF_DIVERT 65538, Cannot start FD, active 10003, frameid 7 6, native 1, mapped 1 1
11-15 11:50:16.142 17053 17101 I tensorflow: ImageUtils: Saving Mat 48x48 bitmap to /storage/emulated/0/tensorflow.
11-15 11:50:16.142 17053 17101 I tensorflow: ImageUtils: Make dir failed
11-15 11:50:16.149 17053 17101 I tensorflow: ImageUtils: Saving 48x48 bitmap to /storage/emulated/0/tensorflow.
11-15 11:50:16.149 17053 17101 I tensorflow: ImageUtils: Make dir failed
11-15 11:50:16.154 17053 17102 I native  : tensorflow_inference_jni.cc:87 Found session variables for 7b9225f90a61d7c8
11-15 11:50:16.155 17053 17102 I native  : tensorflow_inference_jni.cc:87 Found session variables for 7b9225f90a61d7c8
11-15 11:50:16.155 17053 17102 I native  : tensorflow_inference_jni.cc:197 End computing. Ran in 0ms (0ms avg over 2 runs)
11-15 11:50:16.155 17053 17102 E native  : tensorflow_inference_jni.cc:202 Error during inference: Invalid argument: Session was not created with a graph before Run()!
11-15 11:50:16.155 17053 17102 I native  : tensorflow_inference_jni.cc:87 Found session variables for 7b9225f90a61d7c8
11-15 11:50:16.155 17053 17102 I native  : tensorflow_inference_jni.cc:87 Found session variables for 7b9225f90a61d7c8
11-15 11:50:16.155 17053 17102 E native  : tensorflow_inference_jni.cc:159 Output [output/Softmax:0] not found, aborting!
11-15 11:50:16.164  5921 17117 E mm-camera: module_faceproc_port_event_func:886] MCT_EVENT_MODULE_BUF_DIVERT 65538, Cannot start FD, active 10003, frameid 8 7, native 1, mapped 1 1
11-15 11:50:16.167 17053 17101 I tensorflow: ImageUtils: Saving Mat 48x48 bitmap to /storage/emulated/0/tensorflow.
11-15 11:50:16.167 17053 17101 I tensorflow: ImageUtils: Make dir failed
11-15 11:50:16.171 17053 17101 I tensorflow: ImageUtils: Saving 48x48 bitmap to /storage/emulated/0/tensorflow.
11-15 11:50:16.171 17053 17101 I tensorflow: ImageUtils: Make dir failed
11-15 11:50:16.176 17053 17102 I native  : tensorflow_inference_jni.cc:87 Found session variables for 7b9225f90a61d7c8
11-15 11:50:16.176 17053 17102 I native  : tensorflow_inference_jni.cc:87 Found session variables for 7b9225f90a61d7c8
11-15 11:50:16.176 17053 17102 I native  : tensorflow_inference_jni.cc:197 End computing. Ran in 0ms (0ms avg over 3 runs)
11-15 11:50:16.176 17053 17102 E native  : tensorflow_inference_jni.cc:202 Error during inference: Invalid argument: Session was not created with a graph before Run()!
11-15 11:50:16.176 17053 17102 I native  : tensorflow_inference_jni.cc:87 Found session variables for 7b9225f90a61d7c8
11-15 11:50:16.176 17053 17102 I native  : tensorflow_inference_jni.cc:87 Found session variables for 7b9225f90a61d7c8
11-15 11:50:16.176 17053 17102 E native  : tensorflow_inference_jni.cc:159 Output [output/Softmax:0] not found, aborting!
11-15 11:50:16.187 17053 17101 I tensorflow: ImageUtils: Saving Mat 48x48 bitmap to /storage/emulated/0/tensorflow.
11-15 11:50:16.187 17053 17101 I tensorflow: ImageUtils: Make dir failed
11-15 11:50:16.191 17053 17101 I tensorflow: ImageUtils: Saving 48x48 bitmap to /storage/emulated/0/tensorflow.
11-15 11:50:16.191 17053 17101 I tensorflow: ImageUtils: Make dir failed
11-15 11:50:16.196 17053 17102 I native  : tensorflow_inference_jni.cc:87 Found session variables for 7b9225f90a61d7c8
11-15 11:50:16.196 17053 17102 I native  : tensorflow_inference_jni.cc:87 Found session variables for 7b9225f90a61d7c8
11-15 11:50:16.197 17053 17102 I native  : tensorflow_inference_jni.cc:197 End computing. Ran in 0ms (0ms avg over 4 runs)
11-15 11:50:16.197 17053 17102 E native  : tensorflow_inference_jni.cc:202 Error during inference: Invalid argument: Session was not created with a graph before Run()!
11-15 11:50:16.197 17053 17102 I native  : tensorflow_inference_jni.cc:87 Found session variables for 7b9225f90a61d7c8
11-15 11:50:16.197 17053 17102 I native  : tensorflow_inference_jni.cc:87 Found session variables for 7b9225f90a61d7c8
11-15 11:50:16.197 17053 17102 E native  : tensorflow_inference_jni.cc:159 Output [output/Softmax:0] not found, aborting!
11-15 11:50:16.198  5921 17117 E mm-camera: module_faceproc_port_event_func:886] MCT_EVENT_MODULE_BUF_DIVERT 65538, Cannot start FD, active 10003, frameid 9 8, native 1, mapped 1 1
11-15 11:50:16.225 17053 17101 I tensorflow: ImageUtils: Saving Mat 48x48 bitmap to /storage/emulated/0/tensorflow.
11-15 11:50:16.225 17053 17101 I tensorflow: ImageUtils: Make dir failed
11-15 11:50:16.231 17053 17101 I tensorflow: ImageUtils: Saving 48x48 bitmap to /storage/emulated/0/tensorflow.
11-15 11:50:16.231  5921 17117 E mm-camera: module_faceproc_port_event_func:886] MCT_EVENT_MODULE_BUF_DIVERT 65538, Cannot start FD, active 10003, frameid 10 9, native 1, mapped 1 1
11-15 11:50:16.234 17053 17101 I tensorflow: ImageUtils: Make dir failed
11-15 11:50:16.243 17053 17102 I native  : tensorflow_inference_jni.cc:87 Found session variables for 7b9225f90a61d7c8
11-15 11:50:16.243 17053 17102 I native  : tensorflow_inference_jni.cc:87 Found session variables for 7b9225f90a61d7c8
11-15 11:50:16.243 17053 17102 I native  : tensorflow_inference_jni.cc:197 End computing. Ran in 0ms (0ms avg over 5 runs)
11-15 11:50:16.243 17053 17102 E native  : tensorflow_inference_jni.cc:202 Error during inference: Invalid argument: Session was not created with a graph before Run()!
11-15 11:50:16.243 17053 17102 I native  : tensorflow_inference_jni.cc:87 Found session variables for 7b9225f90a61d7c8
11-15 11:50:16.243 17053 17102 I native  : tensorflow_inference_jni.cc:87 Found session variables for 7b9225f90a61d7c8
11-15 11:50:16.243 17053 17102 E native  : tensorflow_inference_jni.cc:159 Output [output/Softmax:0] not found, aborting!
11-15 11:50:16.264  5921 17117 E mm-camera: module_faceproc_port_event_func:886] MCT_EVENT_MODULE_BUF_DIVERT 65538, Cannot start FD, active 10003, frameid 11 10, native 1, mapped 1 1
11-15 11:50:16.287 17053 17101 I tensorflow: ImageUtils: Saving Mat 48x48 bitmap to /storage/emulated/0/tensorflow.
11-15 11:50:16.288 17053 17101 I tensorflow: ImageUtils: Make dir failed
11-15 11:50:16.293 17053 17101 I tensorflow: ImageUtils: Saving 48x48 bitmap to /storage/emulated/0/tensorflow.
11-15 11:50:16.294 17053 17101 I tensorflow: ImageUtils: Make dir failed
11-15 11:50:16.299  5921 17117 E mm-camera: module_faceproc_port_event_func:886] MCT_EVENT_MODULE_BUF_DIVERT 65538, Cannot start FD, active 10003, frameid 12 11, native 1, mapped 1 1
11-15 11:50:16.303 17053 17102 I native  : tensorflow_inference_jni.cc:87 Found session variables for 7b9225f90a61d7c8
11-15 11:50:16.303 17053 17102 I native  : tensorflow_inference_jni.cc:87 Found session variables for 7b9225f90a61d7c8
11-15 11:50:16.303 17053 17102 I native  : tensorflow_inference_jni.cc:197 End computing. Ran in 0ms (0ms avg over 6 runs)
11-15 11:50:16.303 17053 17102 E native  : tensorflow_inference_jni.cc:202 Error during inference: Invalid argument: Session was not created with a graph before Run()!
11-15 11:50:16.303 17053 17102 I native  : tensorflow_inference_jni.cc:87 Found session variables for 7b9225f90a61d7c8
11-15 11:50:16.303 17053 17102 I native  : tensorflow_inference_jni.cc:87 Found session variables for 7b9225f90a61d7c8
11-15 11:50:16.303 17053 17102 E native  : tensorflow_inference_jni.cc:159 Output [output/Softmax:0] not found, aborting!
11-15 11:50:16.320 17053 17101 I tensorflow: ImageUtils: Saving Mat 48x48 bitmap to /storage/emulated/0/tensorflow.
11-15 11:50:16.321 17053 17101 I tensorflow: ImageUtils: Make dir failed
11-15 11:50:16.325 17053 17101 I tensorflow: ImageUtils: Saving 48x48 bitmap to /storage/emulated/0/tensorflow.
11-15 11:50:16.325 17053 17101 I tensorflow: ImageUtils: Make dir failed
11-15 11:50:16.330 17053 17102 I native  : tensorflow_inference_jni.cc:87 Found session variables for 7b9225f90a61d7c8
11-15 11:50:16.330 17053 17102 I native  : tensorflow_inference_jni.cc:87 Found session variables for 7b9225f90a61d7c8
11-15 11:50:16.330 17053 17102 I native  : tensorflow_inference_jni.cc:197 End computing. Ran in 0ms (0ms avg over 7 runs)
11-15 11:50:16.330 17053 17102 E native  : tensorflow_inference_jni.cc:202 Error during inference: Invalid argument: Session was not created with a graph before Run()!
11-15 11:50:16.330 17053 17102 I native  : tensorflow_inference_jni.cc:87 Found session variables for 7b9225f90a61d7c8
11-15 11:50:16.330 17053 17102 I native  : tensorflow_inference_jni.cc:87 Found session variables for 7b9225f90a61d7c8
11-15 11:50:16.330 17053 17102 E native  : tensorflow_inference_jni.cc:159 Output [output/Softmax:0] not found, aborting!
11-15 11:50:16.332  5921 17117 E mm-camera: module_faceproc_port_event_func:886] MCT_EVENT_MODULE_BUF_DIVERT 65538, Cannot start FD, active 10003, frameid 13 12, native 1, mapped 1 1
11-15 11:50:16.348 17053 17101 I tensorflow: ImageUtils: Saving Mat 48x48 bitmap to /storage/emulated/0/tensorflow.
11-15 11:50:16.348 17053 17101 I tensorflow: ImageUtils: Make dir failed
11-15 11:50:16.352 17053 17101 I tensorflow: ImageUtils: Saving 48x48 bitmap to /storage/emulated/0/tensorflow.
11-15 11:50:16.352 17053 17101 I tensorflow: ImageUtils: Make dir failed
11-15 11:50:16.357 17053 17102 I native  : tensorflow_inference_jni.cc:87 Found session variables for 7b9225f90a61d7c8
11-15 11:50:16.357 17053 17102 I native  : tensorflow_inference_jni.cc:87 Found session variables for 7b9225f90a61d7c8
11-15 11:50:16.357 17053 17102 I native  : tensorflow_inference_jni.cc:197 End computing. Ran in 0ms (0ms avg over 8 runs)
11-15 11:50:16.357 17053 17102 E native  : tensorflow_inference_jni.cc:202 Error during inference: Invalid argument: Session was not created with a graph before Run()!
11-15 11:50:16.357 17053 17102 I native  : tensorflow_inference_jni.cc:87 Found session variables for 7b9225f90a61d7c8
11-15 11:50:16.357 17053 17102 I native  : tensorflow_inference_jni.cc:87 Found session variables for 7b9225f90a61d7c8
11-15 11:50:16.357 17053 17102 E native  : tensorflow_inference_jni.cc:159 Output [output/Softmax:0] not found, aborting!
11-15 11:50:16.366  5921 17117 E mm-camera: module_faceproc_port_event_func:886] MCT_EVENT_MODULE_BUF_DIVERT 65538, Cannot start FD, active 10003, frameid 14 13, native 1, mapped 1 1
11-15 11:50:16.388 17053 17101 I tensorflow: ImageUtils: Saving Mat 48x48 bitmap to /storage/emulated/0/tensorflow.
11-15 11:50:16.388 17053 17101 I tensorflow: ImageUtils: Make dir failed
11-15 11:50:16.394 17053 17101 I tensorflow: ImageUtils: Saving 48x48 bitmap to /storage/emulated/0/tensorflow.
11-15 11:50:16.394 17053 17101 I tensorflow: ImageUtils: Make dir failed
11-15 11:50:16.400  5921 17117 E mm-camera: module_faceproc_port_event_func:886] MCT_EVENT_MODULE_BUF_DIVERT 65538, Cannot start FD, active 10003, frameid 15 14, native 1, mapped 1 1
11-15 11:50:16.405 17053 17102 I native  : tensorflow_inference_jni.cc:87 Found session variables for 7b9225f90a61d7c8
11-15 11:50:16.405 17053 17102 I native  : tensorflow_inference_jni.cc:87 Found session variables for 7b9225f90a61d7c8
11-15 11:50:16.405 17053 17102 I native  : tensorflow_inference_jni.cc:197 End computing. Ran in 0ms (0ms avg over 9 runs)
11-15 11:50:16.405 17053 17102 E native  : tensorflow_inference_jni.cc:202 Error during inference: Invalid argument: Session was not created with a graph before Run()!
11-15 11:50:16.405 17053 17102 I native  : tensorflow_inference_jni.cc:87 Found session variables for 7b9225f90a61d7c8
11-15 11:50:16.406 17053 17102 I native  : tensorflow_inference_jni.cc:87 Found session variables for 7b9225f90a61d7c8
11-15 11:50:16.406 17053 17102 E native  : tensorflow_inference_jni.cc:159 Output [output/Softmax:0] not found, aborting!
11-15 11:50:16.418 17053 17101 I tensorflow: ImageUtils: Saving Mat 48x48 bitmap to /storage/emulated/0/tensorflow.
11-15 11:50:16.418 17053 17101 I tensorflow: ImageUtils: Make dir failed
11-15 11:50:16.422 17053 17101 I tensorflow: ImageUtils: Saving 48x48 bitmap to /storage/emulated/0/tensorflow.
11-15 11:50:16.422 17053 17101 I tensorflow: ImageUtils: Make dir failed
11-15 11:50:16.428 17053 17102 I native  : tensorflow_inference_jni.cc:87 Found session variables for 7b9225f90a61d7c8
11-15 11:50:16.428 17053 17102 I native  : tensorflow_inference_jni.cc:87 Found session variables for 7b9225f90a61d7c8
11-15 11:50:16.428 17053 17102 I native  : tensorflow_inference_jni.cc:197 End computing. Ran in 0ms (0ms avg over 10 runs)
11-15 11:50:16.428 17053 17102 E native  : tensorflow_inference_jni.cc:202 Error during inference: Invalid argument: Session was not created with a graph before Run()!
11-15 11:50:16.428 17053 17102 I native  : tensorflow_inference_jni.cc:87 Found session variables for 7b9225f90a61d7c8
11-15 11:50:16.428 17053 17102 I native  : tensorflow_inference_jni.cc:87 Found session variables for 7b9225f90a61d7c8
11-15 11:50:16.428 17053 17102 E native  : tensorflow_inference_jni.cc:159 Output [output/Softmax:0] not found, aborting!
11-15 11:50:16.434  5921 17117 E mm-camera: module_faceproc_port_event_func:886] MCT_EVENT_MODULE_BUF_DIVERT 65538, Cannot start FD, active 10003, frameid 16 15, native 1, mapped 1 1
11-15 11:50:16.451 17053 17101 I tensorflow: ImageUtils: Saving Mat 48x48 bitmap to /storage/emulated/0/tensorflow.
11-15 11:50:16.451 17053 17101 I tensorflow: ImageUtils: Make dir failed
11-15 11:50:16.455 17053 17101 I tensorflow: ImageUtils: Saving 48x48 bitmap to /storage/emulated/0/tensorflow.
11-15 11:50:16.455 17053 17101 I tensorflow: ImageUtils: Make dir failed
11-15 11:50:16.459 17053 17102 I native  : tensorflow_inference_jni.cc:87 Found session variables for 7b9225f90a61d7c8
11-15 11:50:16.459 17053 17102 I native  : tensorflow_inference_jni.cc:87 Found session variables for 7b9225f90a61d7c8
11-15 11:50:16.460 17053 17102 I native  : tensorflow_inference_jni.cc:197 End computing. Ran in 0ms (0ms avg over 11 runs)
11-15 11:50:16.460 17053 17102 E native  : tensorflow_inference_jni.cc:202 Error during inference: Invalid argument: Session was not created with a graph before Run()!
11-15 11:50:16.460 17053 17102 I native  : tensorflow_inference_jni.cc:87 Found session variables for 7b9225f90a61d7c8
11-15 11:50:16.460 17053 17102 I native  : tensorflow_inference_jni.cc:87 Found session variables for 7b9225f90a61d7c8
11-15 11:50:16.460 17053 17102 E native  : tensorflow_inference_jni.cc:159 Output [output/Softmax:0] not found, aborting!
11-15 11:50:16.466  5921 17117 E mm-camera: module_faceproc_port_event_func:886] MCT_EVENT_MODULE_BUF_DIVERT 65538, Cannot start FD, active 10003, frameid 17 16, native 1, mapped 1 1
11-15 11:50:16.486 17053 17101 I tensorflow: ImageUtils: Saving Mat 48x48 bitmap to /storage/emulated/0/tensorflow.
11-15 11:50:16.486 17053 17101 I tensorflow: ImageUtils: Make dir failed
11-15 11:50:16.489 17053 17101 I tensorflow: ImageUtils: Saving 48x48 bitmap to /storage/emulated/0/tensorflow.
11-15 11:50:16.489 17053 17101 I tensorflow: ImageUtils: Make dir failed
11-15 11:50:16.494 17053 17102 I native  : tensorflow_inference_jni.cc:87 Found session variables for 7b9225f90a61d7c8
11-15 11:50:16.494 17053 17102 I native  : tensorflow_inference_jni.cc:87 Found session variables for 7b9225f90a61d7c8
11-15 11:50:16.494 17053 17102 I native  : tensorflow_inference_jni.cc:197 End computing. Ran in 0ms (0ms avg over 12 runs)
11-15 11:50:16.494 17053 17102 E native  : tensorflow_inference_jni.cc:202 Error during inference: Invalid argument: Session was not created with a graph before Run()!
11-15 11:50:16.494 17053 17102 I native  : tensorflow_inference_jni.cc:87 Found session variables for 7b9225f90a61d7c8
11-15 11:50:16.494 17053 17102 I native  : tensorflow_inference_jni.cc:87 Found session variables for 7b9225f90a61d7c8
11-15 11:50:16.494 17053 17102 E native  : tensorflow_inference_jni.cc:159 Output [output/Softmax:0] not found, aborting!
11-15 11:50:16.499  5921 17117 E mm-camera: module_faceproc_port_event_func:886] MCT_EVENT_MODULE_BUF_DIVERT 65538, Cannot start FD, active 10003, frameid 18 17, native 1, mapped 1 1
11-15 11:50:16.518 17053 17101 I tensorflow: ImageUtils: Saving Mat 48x48 bitmap to /storage/emulated/0/tensorflow.
11-15 11:50:16.518 17053 17101 I tensorflow: ImageUtils: Make dir failed
11-15 11:50:16.522 17053 17101 I tensorflow: ImageUtils: Saving 48x48 bitmap to /storage/emulated/0/tensorflow.
11-15 11:50:16.522 17053 17101 I tensorflow: ImageUtils: Make dir failed
11-15 11:50:16.527 17053 17102 I native  : tensorflow_inference_jni.cc:87 Found session variables for 7b9225f90a61d7c8
11-15 11:50:16.527 17053 17102 I native  : tensorflow_inference_jni.cc:87 Found session variables for 7b9225f90a61d7c8
11-15 11:50:16.528 17053 17102 I native  : tensorflow_inference_jni.cc:197 End computing. Ran in 0ms (0ms avg over 13 runs)
11-15 11:50:16.528 17053 17102 E native  : tensorflow_inference_jni.cc:202 Error during inference: Invalid argument: Session was not created with a graph before Run()!
11-15 11:50:16.528 17053 17102 I native  : tensorflow_inference_jni.cc:87 Found session variables for 7b9225f90a61d7c8
11-15 11:50:16.528 17053 17102 I native  : tensorflow_inference_jni.cc:87 Found session variables for 7b9225f90a61d7c8
11-15 11:50:16.528 17053 17102 E native  : tensorflow_inference_jni.cc:159 Output [output/Softmax:0] not found, aborting!
11-15 11:50:16.533  5921 17117 E mm-camera: module_faceproc_port_event_func:886] MCT_EVENT_MODULE_BUF_DIVERT 65538, Cannot start FD, active 10003, frameid 19 18, native 1, mapped 1 1
11-15 11:50:16.553 17053 17101 I tensorflow: ImageUtils: Saving Mat 48x48 bitmap to /storage/emulated/0/tensorflow.
11-15 11:50:16.553 17053 17101 I tensorflow: ImageUtils: Make dir failed
11-15 11:50:16.557 17053 17101 I tensorflow: ImageUtils: Saving 48x48 bitmap to /storage/emulated/0/tensorflow.
11-15 11:50:16.557 17053 17101 I tensorflow: ImageUtils: Make dir failed
11-15 11:50:16.562 17053 17102 I native  : tensorflow_inference_jni.cc:87 Found session variables for 7b9225f90a61d7c8
11-15 11:50:16.562 17053 17102 I native  : tensorflow_inference_jni.cc:87 Found session variables for 7b9225f90a61d7c8
11-15 11:50:16.562 17053 17102 I native  : tensorflow_inference_jni.cc:197 End computing. Ran in 0ms (0ms avg over 14 runs)
11-15 11:50:16.562 17053 17102 E native  : tensorflow_inference_jni.cc:202 Error during inference: Invalid argument: Session was not created with a graph before Run()!
11-15 11:50:16.562 17053 17102 I native  : tensorflow_inference_jni.cc:87 Found session variables for 7b9225f90a61d7c8
11-15 11:50:16.562 17053 17102 I native  : tensorflow_inference_jni.cc:87 Found session variables for 7b9225f90a61d7c8
11-15 11:50:16.562 17053 17102 E native  : tensorflow_inference_jni.cc:159 Output [output/Softmax:0] not found, aborting!
11-15 11:50:16.567  5921 17117 E mm-camera: module_faceproc_port_event_func:886] MCT_EVENT_MODULE_BUF_DIVERT 65538, Cannot start FD, active 10003, frameid 20 19, native 1, mapped 1 1
11-15 11:50:16.585 17053 17101 I tensorflow: ImageUtils: Saving Mat 48x48 bitmap to /storage/emulated/0/tensorflow.
11-15 11:50:16.585 17053 17101 I tensorflow: ImageUtils: Make dir failed
11-15 11:50:16.589 17053 17101 I tensorflow: ImageUtils: Saving 48x48 bitmap to /storage/emulated/0/tensorflow.
11-15 11:50:16.589 17053 17101 I tensorflow: ImageUtils: Make dir failed
11-15 11:50:16.594 17053 17102 I native  : tensorflow_inference_jni.cc:87 Found session variables for 7b9225f90a61d7c8
11-15 11:50:16.594 17053 17102 I native  : tensorflow_inference_jni.cc:87 Found session variables for 7b9225f90a61d7c8
11-15 11:50:16.594 17053 17102 I native  : tensorflow_inference_jni.cc:197 End computing. Ran in 0ms (0ms avg over 15 runs)
11-15 11:50:16.594 17053 17102 E native  : tensorflow_inference_jni.cc:202 Error during inference: Invalid argument: Session was not created with a graph before Run()!
11-15 11:50:16.594 17053 17102 I native  : tensorflow_inference_jni.cc:87 Found session variables for 7b9225f90a61d7c8
11-15 11:50:16.594 17053 17102 I native  : tensorflow_inference_jni.cc:87 Found session variables for 7b9225f90a61d7c8
11-15 11:50:16.594 17053 17102 E native  : tensorflow_inference_jni.cc:159 Output [output/Softmax:0] not found, aborting!
11-15 11:50:16.600  5921 17117 E mm-camera: module_faceproc_port_event_func:886] MCT_EVENT_MODULE_BUF_DIVERT 65538, Cannot start FD, active 10003, frameid 21 20, native 1, mapped 1 1
11-15 11:50:16.618 17053 17101 I tensorflow: ImageUtils: Saving Mat 48x48 bitmap to /storage/emulated/0/tensorflow.
11-15 11:50:16.618 17053 17101 I tensorflow: ImageUtils: Make dir failed
11-15 11:50:16.622 17053 17101 I tensorflow: ImageUtils: Saving 48x48 bitmap to /storage/emulated/0/tensorflow.
11-15 11:50:16.622 17053 17101 I tensorflow: ImageUtils: Make dir failed
11-15 11:50:16.627 17053 17102 I native  : tensorflow_inference_jni.cc:87 Found session variables for 7b9225f90a61d7c8
11-15 11:50:16.627 17053 17102 I native  : tensorflow_inference_jni.cc:87 Found session variables for 7b9225f90a61d7c8
11-15 11:50:16.627 17053 17102 I native  : tensorflow_inference_jni.cc:197 End computing. Ran in 0ms (0ms avg over 16 runs)
11-15 11:50:16.627 17053 17102 E native  : tensorflow_inference_jni.cc:202 Error during inference: Invalid argument: Session was not created with a graph before Run()!
11-15 11:50:16.627 17053 17102 I native  : tensorflow_inference_jni.cc:87 Found session variables for 7b9225f90a61d7c8
11-15 11:50:16.627 17053 17102 I native  : tensorflow_inference_jni.cc:87 Found session variables for 7b9225f90a61d7c8
11-15 11:50:16.627 17053 17102 E native  : tensorflow_inference_jni.cc:159 Output [output/Softmax:0] not found, aborting!
11-15 11:50:16.635  5921 17117 E mm-camera: module_faceproc_port_event_func:886] MCT_EVENT_MODULE_BUF_DIVERT 65538, Cannot start FD, active 10003, frameid 22 21, native 1, mapped 1 1
11-15 11:50:16.650 17053 17101 I tensorflow: ImageUtils: Saving Mat 48x48 bitmap to /storage/emulated/0/tensorflow.
11-15 11:50:16.650 17053 17101 I tensorflow: ImageUtils: Make dir failed
11-15 11:50:16.654 17053 17101 I tensorflow: ImageUtils: Saving 48x48 bitmap to /storage/emulated/0/tensorflow.
11-15 11:50:16.654 17053 17101 I tensorflow: ImageUtils: Make dir failed
11-15 11:50:16.659 17053 17102 I native  : tensorflow_inference_jni.cc:87 Found session variables for 7b9225f90a61d7c8
11-15 11:50:16.659 17053 17102 I native  : tensorflow_inference_jni.cc:87 Found session variables for 7b9225f90a61d7c8
11-15 11:50:16.659 17053 17102 I native  : tensorflow_inference_jni.cc:197 End computing. Ran in 0ms (0ms avg over 17 runs)
11-15 11:50:16.659 17053 17102 E native  : tensorflow_inference_jni.cc:202 Error during inference: Invalid argument: Session was not created with a graph before Run()!
11-15 11:50:16.659 17053 17102 I native  : tensorflow_inference_jni.cc:87 Found session variables for 7b9225f90a61d7c8
11-15 11:50:16.660 17053 17102 I native  : tensorflow_inference_jni.cc:87 Found session variables for 7b9225f90a61d7c8
11-15 11:50:16.660 17053 17102 E native  : tensorflow_inference_jni.cc:159 Output [output/Softmax:0] not found, aborting!
11-15 11:50:16.668  5921 17117 E mm-camera: module_faceproc_port_event_func:886] MCT_EVENT_MODULE_BUF_DIVERT 65538, Cannot start FD, active 10003, frameid 23 22, native 1, mapped 1 1
11-15 11:50:16.689 17053 17101 I tensorflow: ImageUtils: Saving Mat 48x48 bitmap to /storage/emulated/0/tensorflow.
11-15 11:50:16.689 17053 17101 I tensorflow: ImageUtils: Make dir failed
11-15 11:50:16.690  1275 26461 E ctxmgr  : [BaseProducer]Could not write ScreenState context, for account account#-517948760#, status = Status{statusCode=TIMEOUT, resolution=null}
11-15 11:50:16.694 17053 17101 I tensorflow: ImageUtils: Saving 48x48 bitmap to /storage/emulated/0/tensorflow.
11-15 11:50:16.694 17053 17101 I tensorflow: ImageUtils: Make dir failed
11-15 11:50:16.700 17053 17102 I native  : tensorflow_inference_jni.cc:87 Found session variables for 7b9225f90a61d7c8
11-15 11:50:16.700 17053 17102 I native  : tensorflow_inference_jni.cc:87 Found session variables for 7b9225f90a61d7c8
11-15 11:50:16.700 17053 17102 I native  : tensorflow_inference_jni.cc:197 End computing. Ran in 0ms (0ms avg over 18 runs)
11-15 11:50:16.700 17053 17102 E native  : tensorflow_inference_jni.cc:202 Error during inference: Invalid argument: Session was not created with a graph before Run()!
11-15 11:50:16.701 17053 17102 I native  : tensorflow_inference_jni.cc:87 Found session variables for 7b9225f90a61d7c8
11-15 11:50:16.701 17053 17102 I native  : tensorflow_inference_jni.cc:87 Found session variables for 7b9225f90a61d7c8
11-15 11:50:16.701 17053 17102 E native  : tensorflow_inference_jni.cc:159 Output [output/Softmax:0] not found, aborting!
11-15 11:50:16.701  5921 17117 E mm-camera: module_faceproc_port_event_func:886] MCT_EVENT_MODULE_BUF_DIVERT 65538, Cannot start FD, active 10003, frameid 24 23, native 1, mapped 1 1
11-15 11:50:16.721 17053 17101 I tensorflow: ImageUtils: Saving Mat 48x48 bitmap to /storage/emulated/0/tensorflow.
11-15 11:50:16.722 17053 17101 I tensorflow: ImageUtils: Make dir failed
11-15 11:50:16.726 17053 17101 I tensorflow: ImageUtils: Saving 48x48 bitmap to /storage/emulated/0/tensorflow.
11-15 11:50:16.726 17053 17101 I tensorflow: ImageUtils: Make dir failed
11-15 11:50:16.732 17053 17102 I native  : tensorflow_inference_jni.cc:87 Found session variables for 7b9225f90a61d7c8
11-15 11:50:16.732 17053 17102 I native  : tensorflow_inference_jni.cc:87 Found session variables for 7b9225f90a61d7c8
11-15 11:50:16.733 17053 17102 I native  : tensorflow_inference_jni.cc:197 End computing. Ran in 0ms (0ms avg over 19 runs)
11-15 11:50:16.733 17053 17102 E native  : tensorflow_inference_jni.cc:202 Error during inference: Invalid argument: Session was not created with a graph before Run()!
11-15 11:50:16.733 17053 17102 I native  : tensorflow_inference_jni.cc:87 Found session variables for 7b9225f90a61d7c8
11-15 11:50:16.733 17053 17102 I native  : tensorflow_inference_jni.cc:87 Found session variables for 7b9225f90a61d7c8
11-15 11:50:16.733 17053 17102 E native  : tensorflow_inference_jni.cc:159 Output [output/Softmax:0] not found, aborting!
11-15 11:50:16.734  5921 17117 E mm-camera: module_faceproc_port_event_func:886] MCT_EVENT_MODULE_BUF_DIVERT 65538, Cannot start FD, active 10003, frameid 25 24, native 1, mapped 1 1
11-15 11:50:16.757 17053 17101 I tensorflow: ImageUtils: Saving Mat 48x48 bitmap to /storage/emulated/0/tensorflow.
11-15 11:50:16.757 17053 17101 I tensorflow: ImageUtils: Make dir failed
11-15 11:50:16.762 17053 17101 I tensorflow: ImageUtils: Saving 48x48 bitmap to /storage/emulated/0/tensorflow.
11-15 11:50:16.762 17053 17101 I tensorflow: ImageUtils: Make dir failed
11-15 11:50:16.768  5921 17117 E mm-camera: module_faceproc_port_event_func:886] MCT_EVENT_MODULE_BUF_DIVERT 65538, Cannot start FD, active 10003, frameid 26 25, native 1, mapped 1 1
11-15 11:50:16.770 17053 17102 I native  : tensorflow_inference_jni.cc:87 Found session variables for 7b9225f90a61d7c8
11-15 11:50:16.770 17053 17102 I native  : tensorflow_inference_jni.cc:87 Found session variables for 7b9225f90a61d7c8
11-15 11:50:16.770 17053 17102 I native  : tensorflow_inference_jni.cc:197 End computing. Ran in 0ms (0ms avg over 20 runs)
11-15 11:50:16.770 17053 17102 E native  : tensorflow_inference_jni.cc:202 Error during inference: Invalid argument: Session was not created with a graph before Run()!
11-15 11:50:16.771 17053 17102 I native  : tensorflow_inference_jni.cc:87 Found session variables for 7b9225f90a61d7c8
11-15 11:50:16.771 17053 17102 I native  : tensorflow_inference_jni.cc:87 Found session variables for 7b9225f90a61d7c8
11-15 11:50:16.771 17053 17102 E native  : tensorflow_inference_jni.cc:159 Output [output/Softmax:0] not found, aborting!
11-15 11:50:16.788 17053 17101 I tensorflow: ImageUtils: Saving Mat 48x48 bitmap to /storage/emulated/0/tensorflow.
11-15 11:50:16.788 17053 17101 I tensorflow: ImageUtils: Make dir failed
11-15 11:50:16.793 17053 17101 I tensorflow: ImageUtils: Saving 48x48 bitmap to /storage/emulated/0/tensorflow.
11-15 11:50:16.793 17053 17101 I tensorflow: ImageUtils: Make dir failed
11-15 11:50:16.799 17053 17102 I native  : tensorflow_inference_jni.cc:87 Found session variables for 7b9225f90a61d7c8
11-15 11:50:16.799 17053 17102 I native  : tensorflow_inference_jni.cc:87 Found session variables for 7b9225f90a61d7c8
11-15 11:50:16.799 17053 17102 I native  : tensorflow_inference_jni.cc:197 End computing. Ran in 0ms (0ms avg over 21 runs)
11-15 11:50:16.799 17053 17102 E native  : tensorflow_inference_jni.cc:202 Error during inference: Invalid argument: Session was not created with a graph before Run()!
11-15 11:50:16.800 17053 17102 I native  : tensorflow_inference_jni.cc:87 Found session variables for 7b9225f90a61d7c8
11-15 11:50:16.800 17053 17102 I native  : tensorflow_inference_jni.cc:87 Found session variables for 7b9225f90a61d7c8
11-15 11:50:16.800 17053 17102 E native  : tensorflow_inference_jni.cc:159 Output [output/Softmax:0] not found, aborting!
11-15 11:50:16.803  5921 17117 E mm-camera: module_faceproc_port_event_func:886] MCT_EVENT_MODULE_BUF_DIVERT 65538, Cannot start FD, active 10003, frameid 27 26, native 1, mapped 1 1
11-15 11:50:16.819 17053 17101 I tensorflow: ImageUtils: Saving Mat 48x48 bitmap to /storage/emulated/0/tensorflow.
11-15 11:50:16.820 17053 17101 I tensorflow: ImageUtils: Make dir failed
11-15 11:50:16.823 17053 17101 I tensorflow: ImageUtils: Saving 48x48 bitmap to /storage/emulated/0/tensorflow.
11-15 11:50:16.824 17053 17101 I tensorflow: ImageUtils: Make dir failed
11-15 11:50:16.828 17053 17102 I native  : tensorflow_inference_jni.cc:87 Found session variables for 7b9225f90a61d7c8
11-15 11:50:16.828 17053 17102 I native  : tensorflow_inference_jni.cc:87 Found session variables for 7b9225f90a61d7c8
11-15 11:50:16.828 17053 17102 I native  : tensorflow_inference_jni.cc:197 End computing. Ran in 0ms (0ms avg over 22 runs)
11-15 11:50:16.828 17053 17102 E native  : tensorflow_inference_jni.cc:202 Error during inference: Invalid argument: Session was not created with a graph before Run()!
11-15 11:50:16.828 17053 17102 I native  : tensorflow_inference_jni.cc:87 Found session variables for 7b9225f90a61d7c8
11-15 11:50:16.828 17053 17102 I native  : tensorflow_inference_jni.cc:87 Found session variables for 7b9225f90a61d7c8
11-15 11:50:16.829 17053 17102 E native  : tensorflow_inference_jni.cc:159 Output [output/Softmax:0] not found, aborting!
11-15 11:50:16.835  5921 17117 E mm-camera: module_faceproc_port_event_func:886] MCT_EVENT_MODULE_BUF_DIVERT 65538, Cannot start FD, active 10003, frameid 28 27, native 1, mapped 1 1
11-15 11:50:16.851 17053 17101 I tensorflow: ImageUtils: Saving Mat 48x48 bitmap to /storage/emulated/0/tensorflow.
11-15 11:50:16.851 17053 17101 I tensorflow: ImageUtils: Make dir failed
11-15 11:50:16.855 17053 17101 I tensorflow: ImageUtils: Saving 48x48 bitmap to /storage/emulated/0/tensorflow.
11-15 11:50:16.855 17053 17101 I tensorflow: ImageUtils: Make dir failed
11-15 11:50:16.860 17053 17102 I native  : tensorflow_inference_jni.cc:87 Found session variables for 7b9225f90a61d7c8
11-15 11:50:16.860 17053 17102 I native  : tensorflow_inference_jni.cc:87 Found session variables for 7b9225f90a61d7c8
11-15 11:50:16.860 17053 17102 I native  : tensorflow_inference_jni.cc:197 End computing. Ran in 0ms (0ms avg over 23 runs)
11-15 11:50:16.860 17053 17102 E native  : tensorflow_inference_jni.cc:202 Error during inference: Invalid argument: Session was not created with a graph before Run()!
11-15 11:50:16.860 17053 17102 I native  : tensorflow_inference_jni.cc:87 Found session variables for 7b9225f90a61d7c8
11-15 11:50:16.860 17053 17102 I native  : tensorflow_inference_jni.cc:87 Found session variables for 7b9225f90a61d7c8
11-15 11:50:16.860 17053 17102 E native  : tensorflow_inference_jni.cc:159 Output [output/Softmax:0] not found, aborting!
11-15 11:50:16.870  5921 17117 E mm-camera: module_faceproc_port_event_func:886] MCT_EVENT_MODULE_BUF_DIVERT 65538, Cannot start FD, active 10003, frameid 29 28, native 1, mapped 1 1
11-15 11:50:16.887 17053 17101 I tensorflow: ImageUtils: Saving Mat 48x48 bitmap to /storage/emulated/0/tensorflow.
11-15 11:50:16.887 17053 17101 I tensorflow: ImageUtils: Make dir failed
11-15 11:50:16.891 17053 17101 I tensorflow: ImageUtils: Saving 48x48 bitmap to /storage/emulated/0/tensorflow.
11-15 11:50:16.891 17053 17101 I tensorflow: ImageUtils: Make dir failed
11-15 11:50:16.895 17053 17102 I native  : tensorflow_inference_jni.cc:87 Found session variables for 7b9225f90a61d7c8
11-15 11:50:16.896 17053 17102 I native  : tensorflow_inference_jni.cc:87 Found session variables for 7b9225f90a61d7c8
11-15 11:50:16.896 17053 17102 I native  : tensorflow_inference_jni.cc:197 End computing. Ran in 0ms (0ms avg over 24 runs)
11-15 11:50:16.896 17053 17102 E native  : tensorflow_inference_jni.cc:202 Error during inference: Invalid argument: Session was not created with a graph before Run()!
11-15 11:50:16.896 17053 17102 I native  : tensorflow_inference_jni.cc:87 Found session variables for 7b9225f90a61d7c8
11-15 11:50:16.896 17053 17102 I native  : tensorflow_inference_jni.cc:87 Found session variables for 7b9225f90a61d7c8
11-15 11:50:16.896 17053 17102 E native  : tensorflow_inference_jni.cc:159 Output [output/Softmax:0] not found, aborting!
11-15 11:50:16.904  5921 17117 E mm-camera: module_faceproc_port_event_func:886] MCT_EVENT_MODULE_BUF_DIVERT 65538, Cannot start FD, active 10003, frameid 30 29, native 1, mapped 1 1
11-15 11:50:16.918 17053 17101 I tensorflow: ImageUtils: Saving Mat 48x48 bitmap to /storage/emulated/0/tensorflow.
11-15 11:50:16.919 17053 17101 I tensorflow: ImageUtils: Make dir failed
11-15 11:50:16.923 17053 17101 I tensorflow: ImageUtils: Saving 48x48 bitmap to /storage/emulated/0/tensorflow.
11-15 11:50:16.923 17053 17101 I tensorflow: ImageUtils: Make dir failed
11-15 11:50:16.928 17053 17102 I native  : tensorflow_inference_jni.cc:87 Found session variables for 7b9225f90a61d7c8
11-15 11:50:16.928 17053 17102 I native  : tensorflow_inference_jni.cc:87 Found session variables for 7b9225f90a61d7c8
11-15 11:50:16.928 17053 17102 I native  : tensorflow_inference_jni.cc:197 End computing. Ran in 0ms (0ms avg over 25 runs)
11-15 11:50:16.928 17053 17102 E native  : tensorflow_inference_jni.cc:202 Error during inference: Invalid argument: Session was not created with a graph before Run()!
11-15 11:50:16.928 17053 17102 I native  : tensorflow_inference_jni.cc:87 Found session variables for 7b9225f90a61d7c8
11-15 11:50:16.928 17053 17102 I native  : tensorflow_inference_jni.cc:87 Found session variables for 7b9225f90a61d7c8
11-15 11:50:16.928 17053 17102 E native  : tensorflow_inference_jni.cc:159 Output [output/Softmax:0] not found, aborting!
11-15 11:50:16.936  5921 17117 E mm-camera: module_faceproc_port_event_func:886] MCT_EVENT_MODULE_BUF_DIVERT 65538, Cannot start FD, active 10003, frameid 31 30, native 1, mapped 1 1
11-15 11:50:16.956 17053 17101 I tensorflow: ImageUtils: Saving Mat 48x48 bitmap to /storage/emulated/0/tensorflow.
11-15 11:50:16.956 17053 17101 I tensorflow: ImageUtils: Make dir failed
11-15 11:50:16.960 17053 17101 I tensorflow: ImageUtils: Saving 48x48 bitmap to /storage/emulated/0/tensorflow.
11-15 11:50:16.960 17053 17101 I tensorflow: ImageUtils: Make dir failed
11-15 11:50:16.971 17053 17102 I native  : tensorflow_inference_jni.cc:87 Found session variables for 7b9225f90a61d7c8
11-15 11:50:16.971 17053 17102 I native  : tensorflow_inference_jni.cc:87 Found session variables for 7b9225f90a61d7c8
11-15 11:50:16.971 17053 17102 I native  : tensorflow_inference_jni.cc:197 End computing. Ran in 0ms (0ms avg over 26 runs)
11-15 11:50:16.971 17053 17102 E native  : tensorflow_inference_jni.cc:202 Error during inference: Invalid argument: Session was not created with a graph before Run()!
11-15 11:50:16.971 17053 17102 I native  : tensorflow_inference_jni.cc:87 Found session variables for 7b9225f90a61d7c8
11-15 11:50:16.971 17053 17102 I native  : tensorflow_inference_jni.cc:87 Found session variables for 7b9225f90a61d7c8
11-15 11:50:16.972 17053 17102 E native  : tensorflow_inference_jni.cc:159 Output [output/Softmax:0] not found, aborting!
11-15 11:50:16.972  5921 17117 E mm-camera: module_faceproc_port_event_func:886] MCT_EVENT_MODULE_BUF_DIVERT 65538, Cannot start FD, active 10003, frameid 32 31, native 1, mapped 1 1
11-15 11:50:16.995 17053 17101 I tensorflow: ImageUtils: Saving Mat 48x48 bitmap to /storage/emulated/0/tensorflow.
11-15 11:50:16.995 17053 17101 I tensorflow: ImageUtils: Make dir failed
11-15 11:50:17.002 17053 17101 I tensorflow: ImageUtils: Saving 48x48 bitmap to /storage/emulated/0/tensorflow.
11-15 11:50:17.002 17053 17101 I tensorflow: ImageUtils: Make dir failed
11-15 11:50:17.004  5921 17117 E mm-camera: module_faceproc_port_event_func:886] MCT_EVENT_MODULE_BUF_DIVERT 65538, Cannot start FD, active 10003, frameid 33 32, native 1, mapped 1 1
11-15 11:50:17.008 17053 17102 I native  : tensorflow_inference_jni.cc:87 Found session variables for 7b9225f90a61d7c8
11-15 11:50:17.008 17053 17102 I native  : tensorflow_inference_jni.cc:87 Found session variables for 7b9225f90a61d7c8
11-15 11:50:17.008 17053 17102 I native  : tensorflow_inference_jni.cc:197 End computing. Ran in 0ms (0ms avg over 27 runs)
11-15 11:50:17.008 17053 17102 E native  : tensorflow_inference_jni.cc:202 Error during inference: Invalid argument: Session was not created with a graph before Run()!
11-15 11:50:17.008 17053 17102 I native  : tensorflow_inference_jni.cc:87 Found session variables for 7b9225f90a61d7c8
11-15 11:50:17.008 17053 17102 I native  : tensorflow_inference_jni.cc:87 Found session variables for 7b9225f90a61d7c8
11-15 11:50:17.008 17053 17102 E native  : tensorflow_inference_jni.cc:159 Output [output/Softmax:0] not found, aborting!
11-15 11:50:17.024 17053 17101 I tensorflow: ImageUtils: Saving Mat 48x48 bitmap to /storage/emulated/0/tensorflow.
11-15 11:50:17.024 17053 17101 I tensorflow: ImageUtils: Make dir failed
11-15 11:50:17.028 17053 17101 I tensorflow: ImageUtils: Saving 48x48 bitmap to /storage/emulated/0/tensorflow.
11-15 11:50:17.028 17053 17101 I tensorflow: ImageUtils: Make dir failed
11-15 11:50:17.033 17053 17102 I native  : tensorflow_inference_jni.cc:87 Found session variables for 7b9225f90a61d7c8
11-15 11:50:17.033 17053 17102 I native  : tensorflow_inference_jni.cc:87 Found session variables for 7b9225f90a61d7c8
11-15 11:50:17.033 17053 17102 I native  : tensorflow_inference_jni.cc:197 End computing. Ran in 0ms (0ms avg over 28 runs)
11-15 11:50:17.033 17053 17102 E native  : tensorflow_inference_jni.cc:202 Error during inference: Invalid argument: Session was not created with a graph before Run()!
11-15 11:50:17.033 17053 17102 I native  : tensorflow_inference_jni.cc:87 Found session variables for 7b9225f90a61d7c8
11-15 11:50:17.033 17053 17102 I native  : tensorflow_inference_jni.cc:87 Found session variables for 7b9225f90a61d7c8
11-15 11:50:17.033 17053 17102 E native  : tensorflow_inference_jni.cc:159 Output [output/Softmax:0] not found, aborting!
11-15 11:50:17.037  5921 17117 E mm-camera: module_faceproc_port_event_func:886] MCT_EVENT_MODULE_BUF_DIVERT 65538, Cannot start FD, active 10003, frameid 34 33, native 1, mapped 1 1
11-15 11:50:17.052 17053 17101 I tensorflow: ImageUtils: Saving Mat 48x48 bitmap to /storage/emulated/0/tensorflow.
11-15 11:50:17.052 17053 17101 I tensorflow: ImageUtils: Make dir failed
11-15 11:50:17.057 17053 17101 I tensorflow: ImageUtils: Saving 48x48 bitmap to /storage/emulated/0/tensorflow.
11-15 11:50:17.057 17053 17101 I tensorflow: ImageUtils: Make dir failed
11-15 11:50:17.061 17053 17102 I native  : tensorflow_inference_jni.cc:87 Found session variables for 7b9225f90a61d7c8
11-15 11:50:17.062 17053 17102 I native  : tensorflow_inference_jni.cc:87 Found session variables for 7b9225f90a61d7c8
11-15 11:50:17.062 17053 17102 I native  : tensorflow_inference_jni.cc:197 End computing. Ran in 0ms (0ms avg over 29 runs)
11-15 11:50:17.062 17053 17102 E native  : tensorflow_inference_jni.cc:202 Error during inference: Invalid argument: Session was not created with a graph before Run()!
11-15 11:50:17.062 17053 17102 I native  : tensorflow_inference_jni.cc:87 Found session variables for 7b9225f90a61d7c8
11-15 11:50:17.062 17053 17102 I native  : tensorflow_inference_jni.cc:87 Found session variables for 7b9225f90a61d7c8
11-15 11:50:17.062 17053 17102 E native  : tensorflow_inference_jni.cc:159 Output [output/Softmax:0] not found, aborting!
11-15 11:50:17.070  5921 17117 E mm-camera: module_faceproc_port_event_func:886] MCT_EVENT_MODULE_BUF_DIVERT 65538, Cannot start FD, active 10003, frameid 35 34, native 1, mapped 1 1
11-15 11:50:17.087 17053 17101 I tensorflow: ImageUtils: Saving Mat 48x48 bitmap to /storage/emulated/0/tensorflow.
11-15 11:50:17.087 17053 17101 I tensorflow: ImageUtils: Make dir failed
11-15 11:50:17.090 17053 17101 I tensorflow: ImageUtils: Saving 48x48 bitmap to /storage/emulated/0/tensorflow.
11-15 11:50:17.090 17053 17101 I tensorflow: ImageUtils: Make dir failed
11-15 11:50:17.095 17053 17102 I native  : tensorflow_inference_jni.cc:87 Found session variables for 7b9225f90a61d7c8
11-15 11:50:17.095 17053 17102 I native  : tensorflow_inference_jni.cc:87 Found session variables for 7b9225f90a61d7c8
11-15 11:50:17.095 17053 17102 I native  : tensorflow_inference_jni.cc:197 End computing. Ran in 0ms (0ms avg over 30 runs)
11-15 11:50:17.095 17053 17102 E native  : tensorflow_inference_jni.cc:202 Error during inference: Invalid argument: Session was not created with a graph before Run()!
11-15 11:50:17.095 17053 17102 I native  : tensorflow_inference_jni.cc:87 Found session variables for 7b9225f90a61d7c8
11-15 11:50:17.095 17053 17102 I native  : tensorflow_inference_jni.cc:87 Found session variables for 7b9225f90a61d7c8
11-15 11:50:17.095 17053 17102 E native  : tensorflow_inference_jni.cc:159 Output [output/Softmax:0] not found, aborting!
11-15 11:50:17.105  5921 17117 E mm-camera: module_faceproc_port_event_func:886] MCT_EVENT_MODULE_BUF_DIVERT 65538, Cannot start FD, active 10003, frameid 36 35, native 1, mapped 1 1
11-15 11:50:17.118 17053 17101 I tensorflow: ImageUtils: Saving Mat 48x48 bitmap to /storage/emulated/0/tensorflow.
11-15 11:50:17.119 17053 17101 I tensorflow: ImageUtils: Make dir failed
11-15 11:50:17.122 17053 17101 I tensorflow: ImageUtils: Saving 48x48 bitmap to /storage/emulated/0/tensorflow.
11-15 11:50:17.122 17053 17101 I tensorflow: ImageUtils: Make dir failed
11-15 11:50:17.127 17053 17102 I native  : tensorflow_inference_jni.cc:87 Found session variables for 7b9225f90a61d7c8
11-15 11:50:17.127 17053 17102 I native  : tensorflow_inference_jni.cc:87 Found session variables for 7b9225f90a61d7c8
11-15 11:50:17.127 17053 17102 I native  : tensorflow_inference_jni.cc:197 End computing. Ran in 0ms (0ms avg over 31 runs)
11-15 11:50:17.127 17053 17102 E native  : tensorflow_inference_jni.cc:202 Error during inference: Invalid argument: Session was not created with a graph before Run()!
11-15 11:50:17.127 17053 17102 I native  : tensorflow_inference_jni.cc:87 Found session variables for 7b9225f90a61d7c8
11-15 11:50:17.127 17053 17102 I native  : tensorflow_inference_jni.cc:87 Found session variables for 7b9225f90a61d7c8
11-15 11:50:17.127 17053 17102 E native  : tensorflow_inference_jni.cc:159 Output [output/Softmax:0] not found, aborting!
11-15 11:50:17.139  5921 17117 E mm-camera: module_faceproc_port_event_func:886] MCT_EVENT_MODULE_BUF_DIVERT 65538, Cannot start FD, active 10003, frameid 37 36, native 1, mapped 1 1
11-15 11:50:17.153 17053 17101 I tensorflow: ImageUtils: Saving Mat 48x48 bitmap to /storage/emulated/0/tensorflow.
11-15 11:50:17.153 17053 17101 I tensorflow: ImageUtils: Make dir failed
11-15 11:50:17.157 17053 17101 I tensorflow: ImageUtils: Saving 48x48 bitmap to /storage/emulated/0/tensorflow.
11-15 11:50:17.157 17053 17101 I tensorflow: ImageUtils: Make dir failed
11-15 11:50:17.162 17053 17102 I native  : tensorflow_inference_jni.cc:87 Found session variables for 7b9225f90a61d7c8
11-15 11:50:17.163 17053 17102 I native  : tensorflow_inference_jni.cc:87 Found session variables for 7b9225f90a61d7c8
11-15 11:50:17.163 17053 17102 I native  : tensorflow_inference_jni.cc:197 End computing. Ran in 0ms (0ms avg over 32 runs)
11-15 11:50:17.163 17053 17102 E native  : tensorflow_inference_jni.cc:202 Error during inference: Invalid argument: Session was not created with a graph before Run()!
11-15 11:50:17.163 17053 17102 I native  : tensorflow_inference_jni.cc:87 Found session variables for 7b9225f90a61d7c8
11-15 11:50:17.163 17053 17102 I native  : tensorflow_inference_jni.cc:87 Found session variables for 7b9225f90a61d7c8
11-15 11:50:17.163 17053 17102 E native  : tensorflow_inference_jni.cc:159 Output [output/Softmax:0] not found, aborting!
11-15 11:50:17.171  5921 17117 E mm-camera: module_faceproc_port_event_func:886] MCT_EVENT_MODULE_BUF_DIVERT 65538, Cannot start FD, active 10003, frameid 38 37, native 1, mapped 1 1
11-15 11:50:17.187 17053 17101 I tensorflow: ImageUtils: Saving Mat 48x48 bitmap to /storage/emulated/0/tensorflow.
