01-05 15:36:15.575   215  5626 E mm-camera: module_faceproc_port_event_func:886] MCT_EVENT_MODULE_BUF_DIVERT 65539, Cannot start FD, active 10002, frameid 326 326, native 1, mapped 1 1
01-05 15:36:15.607   215  5626 E mm-camera: module_faceproc_port_event_func:886] MCT_EVENT_MODULE_BUF_DIVERT 65539, Cannot start FD, active 10002, frameid 327 327, native 1, mapped 1 1
01-05 15:36:15.641   215  5626 E mm-camera: module_faceproc_port_event_func:886] MCT_EVENT_MODULE_BUF_DIVERT 65539, Cannot start FD, active 10002, frameid 328 328, native 1, mapped 1 1
01-05 15:36:15.676   215  5626 E mm-camera: module_faceproc_port_event_func:886] MCT_EVENT_MODULE_BUF_DIVERT 65539, Cannot start FD, active 10002, frameid 329 329, native 1, mapped 1 1
01-05 15:36:15.693  3312  5590 I native  : tensorflow_inference_jni.cc:202 End computing. Ran in 176ms (173ms avg over 105 runs)
01-05 15:36:15.693  3312  5590 I native  : tensorflow_inference_jni.cc:87 Found session variables for 7e906a6d147cafd9
01-05 15:36:15.694  3312  5590 I native  : tensorflow_inference_jni.cc:87 Found session variables for 7e906a6d147cafd9
01-05 15:36:15.708   215  5626 E mm-camera: module_faceproc_port_event_func:886] MCT_EVENT_MODULE_BUF_DIVERT 65539, Cannot start FD, active 10002, frameid 330 330, native 1, mapped 1 1
01-05 15:36:15.717  3312  5589 I tensorflow: ImageUtils: Saving Mat 48x48 bitmap to /storage/emulated/0/tensorflow.
01-05 15:36:15.717  3312  5589 I tensorflow: ImageUtils: Make dir failed
01-05 15:36:15.722  3312  5589 I tensorflow: ImageUtils: Saving 48x48 bitmap to /storage/emulated/0/tensorflow.
01-05 15:36:15.722  3312  5589 I tensorflow: ImageUtils: Make dir failed
01-05 15:36:15.729  3312  5590 I native  : tensorflow_inference_jni.cc:87 Found session variables for 7e906a6d147cafd9
01-05 15:36:15.729  3312  5590 I native  : tensorflow_inference_jni.cc:87 Found session variables for 7e906a6d147cafd9
01-05 15:36:15.742   215  5626 E mm-camera: module_faceproc_port_event_func:886] MCT_EVENT_MODULE_BUF_DIVERT 65539, Cannot start FD, active 10002, frameid 331 331, native 1, mapped 1 1
01-05 15:36:15.776   215  5626 E mm-camera: module_faceproc_port_event_func:886] MCT_EVENT_MODULE_BUF_DIVERT 65539, Cannot start FD, active 10002, frameid 332 332, native 1, mapped 1 1
01-05 15:36:15.808   215  5626 E mm-camera: module_faceproc_port_event_func:886] MCT_EVENT_MODULE_BUF_DIVERT 65539, Cannot start FD, active 10002, frameid 333 333, native 1, mapped 1 1
01-05 15:36:15.842   215  5626 E mm-camera: module_faceproc_port_event_func:886] MCT_EVENT_MODULE_BUF_DIVERT 65539, Cannot start FD, active 10002, frameid 334 334, native 1, mapped 1 1
01-05 15:36:15.876   215  5626 E mm-camera: module_faceproc_port_event_func:886] MCT_EVENT_MODULE_BUF_DIVERT 65539, Cannot start FD, active 10002, frameid 335 335, native 1, mapped 1 1
01-05 15:36:15.897  3312  5590 I native  : tensorflow_inference_jni.cc:202 End computing. Ran in 168ms (173ms avg over 106 runs)
01-05 15:36:15.897  3312  5590 I native  : tensorflow_inference_jni.cc:87 Found session variables for 7e906a6d147cafd9
01-05 15:36:15.898  3312  5590 I native  : tensorflow_inference_jni.cc:87 Found session variables for 7e906a6d147cafd9
01-05 15:36:15.910   215  5626 E mm-camera: module_faceproc_port_event_func:886] MCT_EVENT_MODULE_BUF_DIVERT 65539, Cannot start FD, active 10002, frameid 336 336, native 1, mapped 1 1
01-05 15:36:15.928  3312  5589 I tensorflow: ImageUtils: Saving Mat 48x48 bitmap to /storage/emulated/0/tensorflow.
01-05 15:36:15.928  3312  5589 I tensorflow: ImageUtils: Make dir failed
01-05 15:36:15.933  3312  5589 I tensorflow: ImageUtils: Saving 48x48 bitmap to /storage/emulated/0/tensorflow.
01-05 15:36:15.933  3312  5589 I tensorflow: ImageUtils: Make dir failed
01-05 15:36:15.940  3312  5590 I native  : tensorflow_inference_jni.cc:87 Found session variables for 7e906a6d147cafd9
01-05 15:36:15.940  3312  5590 I native  : tensorflow_inference_jni.cc:87 Found session variables for 7e906a6d147cafd9
01-05 15:36:15.946   215  5626 E mm-camera: module_faceproc_port_event_func:886] MCT_EVENT_MODULE_BUF_DIVERT 65539, Cannot start FD, active 10002, frameid 337 337, native 1, mapped 1 1
01-05 15:36:15.976   215  5626 E mm-camera: module_faceproc_port_event_func:886] MCT_EVENT_MODULE_BUF_DIVERT 65539, Cannot start FD, active 10002, frameid 338 338, native 1, mapped 1 1
01-05 15:36:16.011   215  5626 E mm-camera: module_faceproc_port_event_func:886] MCT_EVENT_MODULE_BUF_DIVERT 65539, Cannot start FD, active 10002, frameid 339 339, native 1, mapped 1 1
01-05 15:36:16.043   215  5626 E mm-camera: module_faceproc_port_event_func:886] MCT_EVENT_MODULE_BUF_DIVERT 65539, Cannot start FD, active 10002, frameid 340 340, native 1, mapped 1 1
01-05 15:36:16.077   215  5626 E mm-camera: module_faceproc_port_event_func:886] MCT_EVENT_MODULE_BUF_DIVERT 65539, Cannot start FD, active 10002, frameid 341 341, native 1, mapped 1 1
01-05 15:36:16.110   215  5626 E mm-camera: module_faceproc_port_event_func:886] MCT_EVENT_MODULE_BUF_DIVERT 65539, Cannot start FD, active 10002, frameid 342 342, native 1, mapped 1 1
01-05 15:36:16.122  3312  5590 I native  : tensorflow_inference_jni.cc:202 End computing. Ran in 182ms (173ms avg over 107 runs)
01-05 15:36:16.123  3312  5590 I native  : tensorflow_inference_jni.cc:87 Found session variables for 7e906a6d147cafd9
01-05 15:36:16.123  3312  5590 I native  : tensorflow_inference_jni.cc:87 Found session variables for 7e906a6d147cafd9
01-05 15:36:16.144   215  5626 E mm-camera: module_faceproc_port_event_func:886] MCT_EVENT_MODULE_BUF_DIVERT 65539, Cannot start FD, active 10002, frameid 343 343, native 1, mapped 1 1
01-05 15:36:16.175  3312  5589 I tensorflow: ImageUtils: Saving Mat 48x48 bitmap to /storage/emulated/0/tensorflow.
01-05 15:36:16.175  3312  5589 I tensorflow: ImageUtils: Make dir failed
01-05 15:36:16.178   215  5626 E mm-camera: module_faceproc_port_event_func:886] MCT_EVENT_MODULE_BUF_DIVERT 65539, Cannot start FD, active 10002, frameid 344 344, native 1, mapped 1 1
01-05 15:36:16.182  3312  5589 I tensorflow: ImageUtils: Saving 48x48 bitmap to /storage/emulated/0/tensorflow.
01-05 15:36:16.182  3312  5589 I tensorflow: ImageUtils: Make dir failed
01-05 15:36:16.189  3312  5590 I native  : tensorflow_inference_jni.cc:87 Found session variables for 7e906a6d147cafd9
01-05 15:36:16.189  3312  5590 I native  : tensorflow_inference_jni.cc:87 Found session variables for 7e906a6d147cafd9
01-05 15:36:16.212   215  5626 E mm-camera: module_faceproc_port_event_func:886] MCT_EVENT_MODULE_BUF_DIVERT 65539, Cannot start FD, active 10002, frameid 345 345, native 1, mapped 1 1
01-05 15:36:16.250   215  5626 E mm-camera: module_faceproc_port_event_func:886] MCT_EVENT_MODULE_BUF_DIVERT 65539, Cannot start FD, active 10002, frameid 346 346, native 1, mapped 1 1
01-05 15:36:16.277   215  5626 E mm-camera: module_faceproc_port_event_func:886] MCT_EVENT_MODULE_BUF_DIVERT 65539, Cannot start FD, active 10002, frameid 347 347, native 1, mapped 1 1
01-05 15:36:16.311   215  5626 E mm-camera: module_faceproc_port_event_func:886] MCT_EVENT_MODULE_BUF_DIVERT 65539, Cannot start FD, active 10002, frameid 348 348, native 1, mapped 1 1
01-05 15:36:16.344   215  5626 E mm-camera: module_faceproc_port_event_func:886] MCT_EVENT_MODULE_BUF_DIVERT 65539, Cannot start FD, active 10002, frameid 349 349, native 1, mapped 1 1
01-05 15:36:16.368  3312  5590 I native  : tensorflow_inference_jni.cc:202 End computing. Ran in 179ms (173ms avg over 108 runs)
01-05 15:36:16.369  3312  5590 I native  : tensorflow_inference_jni.cc:87 Found session variables for 7e906a6d147cafd9
01-05 15:36:16.369  3312  5590 I native  : tensorflow_inference_jni.cc:87 Found session variables for 7e906a6d147cafd9
01-05 15:36:16.379   215  5626 E mm-camera: module_faceproc_port_event_func:886] MCT_EVENT_MODULE_BUF_DIVERT 65539, Cannot start FD, active 10002, frameid 350 350, native 1, mapped 1 1
01-05 15:36:16.399  3312  5589 I tensorflow: ImageUtils: Saving Mat 48x48 bitmap to /storage/emulated/0/tensorflow.
01-05 15:36:16.400  3312  5589 I tensorflow: ImageUtils: Make dir failed
01-05 15:36:16.404  3312  5589 I tensorflow: ImageUtils: Saving 48x48 bitmap to /storage/emulated/0/tensorflow.
01-05 15:36:16.404  3312  5589 I tensorflow: ImageUtils: Make dir failed
01-05 15:36:16.410  3312  5590 I native  : tensorflow_inference_jni.cc:87 Found session variables for 7e906a6d147cafd9
01-05 15:36:16.410  3312  5590 I native  : tensorflow_inference_jni.cc:87 Found session variables for 7e906a6d147cafd9
01-05 15:36:16.415   215  5626 E mm-camera: module_faceproc_port_event_func:886] MCT_EVENT_MODULE_BUF_DIVERT 65539, Cannot start FD, active 10002, frameid 351 351, native 1, mapped 1 1
01-05 15:36:16.445   215  5626 E mm-camera: module_faceproc_port_event_func:886] MCT_EVENT_MODULE_BUF_DIVERT 65539, Cannot start FD, active 10002, frameid 352 352, native 1, mapped 1 1
01-05 15:36:16.479   215  5626 E mm-camera: module_faceproc_port_event_func:886] MCT_EVENT_MODULE_BUF_DIVERT 65539, Cannot start FD, active 10002, frameid 353 353, native 1, mapped 1 1
01-05 15:36:16.513   215  5626 E mm-camera: module_faceproc_port_event_func:886] MCT_EVENT_MODULE_BUF_DIVERT 65539, Cannot start FD, active 10002, frameid 354 354, native 1, mapped 1 1
01-05 15:36:16.545   215  5626 E mm-camera: module_faceproc_port_event_func:886] MCT_EVENT_MODULE_BUF_DIVERT 65539, Cannot start FD, active 10002, frameid 355 355, native 1, mapped 1 1
01-05 15:36:16.568  3312  5590 I native  : tensorflow_inference_jni.cc:202 End computing. Ran in 157ms (173ms avg over 109 runs)
01-05 15:36:16.568  3312  5590 I native  : tensorflow_inference_jni.cc:87 Found session variables for 7e906a6d147cafd9
01-05 15:36:16.568  3312  5590 I native  : tensorflow_inference_jni.cc:87 Found session variables for 7e906a6d147cafd9
01-05 15:36:16.579   215  5626 E mm-camera: module_faceproc_port_event_func:886] MCT_EVENT_MODULE_BUF_DIVERT 65539, Cannot start FD, active 10002, frameid 356 356, native 1, mapped 1 1
01-05 15:36:16.602  3312  5589 I tensorflow: ImageUtils: Saving Mat 48x48 bitmap to /storage/emulated/0/tensorflow.
01-05 15:36:16.603  3312  5589 I tensorflow: ImageUtils: Make dir failed
01-05 15:36:16.607  3312  5589 I tensorflow: ImageUtils: Saving 48x48 bitmap to /storage/emulated/0/tensorflow.
01-05 15:36:16.607  3312  5589 I tensorflow: ImageUtils: Make dir failed
01-05 15:36:16.614   215  5626 E mm-camera: module_faceproc_port_event_func:886] MCT_EVENT_MODULE_BUF_DIVERT 65539, Cannot start FD, active 10002, frameid 357 357, native 1, mapped 1 1
01-05 15:36:16.614  3312  5590 I native  : tensorflow_inference_jni.cc:87 Found session variables for 7e906a6d147cafd9
01-05 15:36:16.615  3312  5590 I native  : tensorflow_inference_jni.cc:87 Found session variables for 7e906a6d147cafd9
01-05 15:36:16.648   215  5626 E mm-camera: module_faceproc_port_event_func:886] MCT_EVENT_MODULE_BUF_DIVERT 65539, Cannot start FD, active 10002, frameid 358 358, native 1, mapped 1 1
01-05 15:36:16.681   215  5626 E mm-camera: module_faceproc_port_event_func:886] MCT_EVENT_MODULE_BUF_DIVERT 65539, Cannot start FD, active 10002, frameid 359 359, native 1, mapped 1 1
01-05 15:36:16.715   215  5626 E mm-camera: module_faceproc_port_event_func:886] MCT_EVENT_MODULE_BUF_DIVERT 65539, Cannot start FD, active 10002, frameid 360 360, native 1, mapped 1 1
01-05 15:36:16.749   215  5626 E mm-camera: module_faceproc_port_event_func:886] MCT_EVENT_MODULE_BUF_DIVERT 65539, Cannot start FD, active 10002, frameid 361 361, native 1, mapped 1 1
01-05 15:36:16.779  3312  5590 I native  : tensorflow_inference_jni.cc:202 End computing. Ran in 164ms (173ms avg over 110 runs)
01-05 15:36:16.779  3312  5590 I native  : tensorflow_inference_jni.cc:87 Found session variables for 7e906a6d147cafd9
01-05 15:36:16.780  3312  5590 I native  : tensorflow_inference_jni.cc:87 Found session variables for 7e906a6d147cafd9
01-05 15:36:16.780   215  5626 E mm-camera: module_faceproc_port_event_func:886] MCT_EVENT_MODULE_BUF_DIVERT 65539, Cannot start FD, active 10002, frameid 362 362, native 1, mapped 1 1
01-05 15:36:16.808  3312  5589 I tensorflow: ImageUtils: Saving Mat 48x48 bitmap to /storage/emulated/0/tensorflow.
01-05 15:36:16.808  3312  5589 I tensorflow: ImageUtils: Make dir failed
01-05 15:36:16.812  3312  5589 I tensorflow: ImageUtils: Saving 48x48 bitmap to /storage/emulated/0/tensorflow.
01-05 15:36:16.812  3312  5589 I tensorflow: ImageUtils: Make dir failed
01-05 15:36:16.815   215  5626 E mm-camera: module_faceproc_port_event_func:886] MCT_EVENT_MODULE_BUF_DIVERT 65539, Cannot start FD, active 10002, frameid 363 363, native 1, mapped 1 1
01-05 15:36:16.820  3312  5590 I native  : tensorflow_inference_jni.cc:87 Found session variables for 7e906a6d147cafd9
01-05 15:36:16.820  3312  5590 I native  : tensorflow_inference_jni.cc:87 Found session variables for 7e906a6d147cafd9
01-05 15:36:16.849   215  5626 E mm-camera: module_faceproc_port_event_func:886] MCT_EVENT_MODULE_BUF_DIVERT 65539, Cannot start FD, active 10002, frameid 364 364, native 1, mapped 1 1
01-05 15:36:16.882   215  5626 E mm-camera: module_faceproc_port_event_func:886] MCT_EVENT_MODULE_BUF_DIVERT 65539, Cannot start FD, active 10002, frameid 365 365, native 1, mapped 1 1
01-05 15:36:16.916   215  5626 E mm-camera: module_faceproc_port_event_func:886] MCT_EVENT_MODULE_BUF_DIVERT 65539, Cannot start FD, active 10002, frameid 366 366, native 1, mapped 1 1
01-05 15:36:16.948   215  5626 E mm-camera: module_faceproc_port_event_func:886] MCT_EVENT_MODULE_BUF_DIVERT 65539, Cannot start FD, active 10002, frameid 367 367, native 1, mapped 1 1
01-05 15:36:16.982   215  5626 E mm-camera: module_faceproc_port_event_func:886] MCT_EVENT_MODULE_BUF_DIVERT 65539, Cannot start FD, active 10002, frameid 368 368, native 1, mapped 1 1
01-05 15:36:17.003  3312  5590 I native  : tensorflow_inference_jni.cc:202 End computing. Ran in 182ms (173ms avg over 111 runs)
01-05 15:36:17.003  3312  5590 I native  : tensorflow_inference_jni.cc:87 Found session variables for 7e906a6d147cafd9
01-05 15:36:17.003  3312  5590 I native  : tensorflow_inference_jni.cc:87 Found session variables for 7e906a6d147cafd9
01-05 15:36:17.016   215  5626 E mm-camera: module_faceproc_port_event_func:886] MCT_EVENT_MODULE_BUF_DIVERT 65539, Cannot start FD, active 10002, frameid 369 369, native 1, mapped 1 1
01-05 15:36:17.037  3312  5589 I tensorflow: ImageUtils: Saving Mat 48x48 bitmap to /storage/emulated/0/tensorflow.
01-05 15:36:17.037  3312  5589 I tensorflow: ImageUtils: Make dir failed
01-05 15:36:17.043  3312  5589 I tensorflow: ImageUtils: Saving 48x48 bitmap to /storage/emulated/0/tensorflow.
01-05 15:36:17.044  3312  5589 I tensorflow: ImageUtils: Make dir failed
01-05 15:36:17.049   215  5626 E mm-camera: module_faceproc_port_event_func:886] MCT_EVENT_MODULE_BUF_DIVERT 65539, Cannot start FD, active 10002, frameid 370 370, native 1, mapped 1 1
01-05 15:36:17.051  3312  5590 I native  : tensorflow_inference_jni.cc:87 Found session variables for 7e906a6d147cafd9
01-05 15:36:17.051  3312  5590 I native  : tensorflow_inference_jni.cc:87 Found session variables for 7e906a6d147cafd9
01-05 15:36:17.084   215  5626 E mm-camera: module_faceproc_port_event_func:886] MCT_EVENT_MODULE_BUF_DIVERT 65539, Cannot start FD, active 10002, frameid 371 371, native 1, mapped 1 1
01-05 15:36:17.118   215  5626 E mm-camera: module_faceproc_port_event_func:886] MCT_EVENT_MODULE_BUF_DIVERT 65539, Cannot start FD, active 10002, frameid 372 372, native 1, mapped 1 1
01-05 15:36:17.151   215  5626 E mm-camera: module_faceproc_port_event_func:886] MCT_EVENT_MODULE_BUF_DIVERT 65539, Cannot start FD, active 10002, frameid 373 373, native 1, mapped 1 1
01-05 15:36:17.185   215  5626 E mm-camera: module_faceproc_port_event_func:886] MCT_EVENT_MODULE_BUF_DIVERT 65539, Cannot start FD, active 10002, frameid 374 374, native 1, mapped 1 1
01-05 15:36:17.198  3312  5590 I native  : tensorflow_inference_jni.cc:202 End computing. Ran in 147ms (173ms avg over 112 runs)
01-05 15:36:17.199  3312  5590 I native  : tensorflow_inference_jni.cc:87 Found session variables for 7e906a6d147cafd9
01-05 15:36:17.199  3312  5590 I native  : tensorflow_inference_jni.cc:87 Found session variables for 7e906a6d147cafd9
01-05 15:36:17.218   215  5626 E mm-camera: module_faceproc_port_event_func:886] MCT_EVENT_MODULE_BUF_DIVERT 65539, Cannot start FD, active 10002, frameid 375 375, native 1, mapped 1 1
01-05 15:36:17.243  3312  5589 I tensorflow: ImageUtils: Saving Mat 48x48 bitmap to /storage/emulated/0/tensorflow.
01-05 15:36:17.243  3312  5589 I tensorflow: ImageUtils: Make dir failed
01-05 15:36:17.249  3312  5589 I tensorflow: ImageUtils: Saving 48x48 bitmap to /storage/emulated/0/tensorflow.
01-05 15:36:17.249  3312  5589 I tensorflow: ImageUtils: Make dir failed
01-05 15:36:17.251   215  5626 E mm-camera: module_faceproc_port_event_func:886] MCT_EVENT_MODULE_BUF_DIVERT 65539, Cannot start FD, active 10002, frameid 376 376, native 1, mapped 1 1
01-05 15:36:17.257  3312  5590 I native  : tensorflow_inference_jni.cc:87 Found session variables for 7e906a6d147cafd9
01-05 15:36:17.258  3312  5590 I native  : tensorflow_inference_jni.cc:87 Found session variables for 7e906a6d147cafd9
01-05 15:36:17.287   215  5626 E mm-camera: module_faceproc_port_event_func:886] MCT_EVENT_MODULE_BUF_DIVERT 65539, Cannot start FD, active 10002, frameid 377 377, native 1, mapped 1 1
01-05 15:36:17.317   215  5626 E mm-camera: module_faceproc_port_event_func:886] MCT_EVENT_MODULE_BUF_DIVERT 65539, Cannot start FD, active 10002, frameid 378 378, native 1, mapped 1 1
01-05 15:36:17.353   215  5626 E mm-camera: module_faceproc_port_event_func:886] MCT_EVENT_MODULE_BUF_DIVERT 65539, Cannot start FD, active 10002, frameid 379 379, native 1, mapped 1 1
01-05 15:36:17.384   215  5626 E mm-camera: module_faceproc_port_event_func:886] MCT_EVENT_MODULE_BUF_DIVERT 65539, Cannot start FD, active 10002, frameid 380 380, native 1, mapped 1 1
01-05 15:36:17.415  3312  5590 I native  : tensorflow_inference_jni.cc:202 End computing. Ran in 157ms (172ms avg over 113 runs)
01-05 15:36:17.416  3312  5590 I native  : tensorflow_inference_jni.cc:87 Found session variables for 7e906a6d147cafd9
01-05 15:36:17.416  3312  5590 I native  : tensorflow_inference_jni.cc:87 Found session variables for 7e906a6d147cafd9
01-05 15:36:17.420   215  5626 E mm-camera: module_faceproc_port_event_func:886] MCT_EVENT_MODULE_BUF_DIVERT 65539, Cannot start FD, active 10002, frameid 381 381, native 1, mapped 1 1
01-05 15:36:17.451  3312  5589 I tensorflow: ImageUtils: Saving Mat 48x48 bitmap to /storage/emulated/0/tensorflow.
01-05 15:36:17.451  3312  5589 I tensorflow: ImageUtils: Make dir failed
01-05 15:36:17.452   215  5626 E mm-camera: module_faceproc_port_event_func:886] MCT_EVENT_MODULE_BUF_DIVERT 65539, Cannot start FD, active 10002, frameid 382 382, native 1, mapped 1 1
01-05 15:36:17.460  3312  5589 I tensorflow: ImageUtils: Saving 48x48 bitmap to /storage/emulated/0/tensorflow.
01-05 15:36:17.460  3312  5589 I tensorflow: ImageUtils: Make dir failed
01-05 15:36:17.468  3312  5590 I native  : tensorflow_inference_jni.cc:87 Found session variables for 7e906a6d147cafd9
01-05 15:36:17.468  3312  5590 I native  : tensorflow_inference_jni.cc:87 Found session variables for 7e906a6d147cafd9
01-05 15:36:17.485   215  5626 E mm-camera: module_faceproc_port_event_func:886] MCT_EVENT_MODULE_BUF_DIVERT 65539, Cannot start FD, active 10002, frameid 383 383, native 1, mapped 1 1
01-05 15:36:17.519   215  5626 E mm-camera: module_faceproc_port_event_func:886] MCT_EVENT_MODULE_BUF_DIVERT 65539, Cannot start FD, active 10002, frameid 384 384, native 1, mapped 1 1
01-05 15:36:17.554   215  5626 E mm-camera: module_faceproc_port_event_func:886] MCT_EVENT_MODULE_BUF_DIVERT 65539, Cannot start FD, active 10002, frameid 385 385, native 1, mapped 1 1
01-05 15:36:17.588   215  5626 E mm-camera: module_faceproc_port_event_func:886] MCT_EVENT_MODULE_BUF_DIVERT 65539, Cannot start FD, active 10002, frameid 386 386, native 1, mapped 1 1
01-05 15:36:17.621   215  5626 E mm-camera: module_faceproc_port_event_func:886] MCT_EVENT_MODULE_BUF_DIVERT 65539, Cannot start FD, active 10002, frameid 387 387, native 1, mapped 1 1
01-05 15:36:17.625  3312  5590 I native  : tensorflow_inference_jni.cc:202 End computing. Ran in 156ms (172ms avg over 114 runs)
01-05 15:36:17.625  3312  5590 I native  : tensorflow_inference_jni.cc:87 Found session variables for 7e906a6d147cafd9
01-05 15:36:17.625  3312  5590 I native  : tensorflow_inference_jni.cc:87 Found session variables for 7e906a6d147cafd9
01-05 15:36:17.647  3312  5589 I tensorflow: ImageUtils: Saving Mat 48x48 bitmap to /storage/emulated/0/tensorflow.
01-05 15:36:17.648  3312  5589 I tensorflow: ImageUtils: Make dir failed
01-05 15:36:17.654   215  5626 E mm-camera: module_faceproc_port_event_func:886] MCT_EVENT_MODULE_BUF_DIVERT 65539, Cannot start FD, active 10002, frameid 388 388, native 1, mapped 1 1
01-05 15:36:17.656  3312  5589 I tensorflow: ImageUtils: Saving 48x48 bitmap to /storage/emulated/0/tensorflow.
01-05 15:36:17.656  3312  5589 I tensorflow: ImageUtils: Make dir failed
01-05 15:36:17.664  3312  5590 I native  : tensorflow_inference_jni.cc:87 Found session variables for 7e906a6d147cafd9
01-05 15:36:17.664  3312  5590 I native  : tensorflow_inference_jni.cc:87 Found session variables for 7e906a6d147cafd9
01-05 15:36:17.688   215  5626 E mm-camera: module_faceproc_port_event_func:886] MCT_EVENT_MODULE_BUF_DIVERT 65539, Cannot start FD, active 10002, frameid 389 389, native 1, mapped 1 1
01-05 15:36:17.722   215  5626 E mm-camera: module_faceproc_port_event_func:886] MCT_EVENT_MODULE_BUF_DIVERT 65539, Cannot start FD, active 10002, frameid 390 390, native 1, mapped 1 1
01-05 15:36:17.755   215  5626 E mm-camera: module_faceproc_port_event_func:886] MCT_EVENT_MODULE_BUF_DIVERT 65539, Cannot start FD, active 10002, frameid 391 391, native 1, mapped 1 1
01-05 15:36:17.789   215  5626 E mm-camera: module_faceproc_port_event_func:886] MCT_EVENT_MODULE_BUF_DIVERT 65539, Cannot start FD, active 10002, frameid 392 392, native 1, mapped 1 1
01-05 15:36:17.821   215  5626 E mm-camera: module_faceproc_port_event_func:886] MCT_EVENT_MODULE_BUF_DIVERT 65539, Cannot start FD, active 10002, frameid 393 393, native 1, mapped 1 1
01-05 15:36:17.846  1764  1764 E NowRemoteClient: skipping logEndstates, service is null
01-05 15:36:17.856   215  5626 E mm-camera: module_faceproc_port_event_func:886] MCT_EVENT_MODULE_BUF_DIVERT 65539, Cannot start FD, active 10002, frameid 394 394, native 1, mapped 1 1
01-05 15:36:17.884  3312  5590 I native  : tensorflow_inference_jni.cc:202 End computing. Ran in 219ms (173ms avg over 115 runs)
01-05 15:36:17.884  3312  5590 I native  : tensorflow_inference_jni.cc:87 Found session variables for 7e906a6d147cafd9
01-05 15:36:17.884  3312  5590 I native  : tensorflow_inference_jni.cc:87 Found session variables for 7e906a6d147cafd9
01-05 15:36:17.890   215  5626 E mm-camera: module_faceproc_port_event_func:886] MCT_EVENT_MODULE_BUF_DIVERT 65539, Cannot start FD, active 10002, frameid 395 395, native 1, mapped 1 1
01-05 15:36:17.906   197   197 E mm-camera-intf: mm_camera_poll_thread_del_poll_fd: invalid handler 8960 (0)
01-05 15:36:17.948  3312  5589 I tensorflow: ImageUtils: Saving Mat 48x48 bitmap to /storage/emulated/0/tensorflow.
01-05 15:36:17.962   197   197 E mm-camera-intf: mm_camera_poll_thread_del_poll_fd: invalid handler 9472 (0)
01-05 15:36:18.002  3312  5589 I tensorflow: ImageUtils: Make dir failed
01-05 15:36:18.019  3312  5589 I tensorflow: ImageUtils: Saving 48x48 bitmap to /storage/emulated/0/tensorflow.
01-05 15:36:18.019  3312  5589 I tensorflow: ImageUtils: Make dir failed
01-05 15:36:18.042  3312  5590 I native  : tensorflow_inference_jni.cc:87 Found session variables for 7e906a6d147cafd9
01-05 15:36:18.042  3312  5590 I native  : tensorflow_inference_jni.cc:87 Found session variables for 7e906a6d147cafd9
01-05 15:36:18.042   215  5631 E mm-camera: isp_unlink_sink_port: E
01-05 15:36:18.045   197   197 E QCamera3Channel: virtual qcamera::QCamera3Channel::~QCamera3Channel(): deleting channel 8705
01-05 15:36:18.046   197  6394 E ACDB-LOADER: Error: ACDB AudProc vol returned = -19
01-05 15:36:18.047   215  5631 E mm-camera: isp_unlink_sink_port: E
01-05 15:36:18.047   215  5631 E mm-camera-img: faceproc_save_album:774] Error No album 
01-05 15:36:18.047   215  5631 E mm-camera-img: faceproc_comp_eng_destroy: Album save failed -1
01-05 15:36:18.049   197   197 E QCamera3Channel: virtual qcamera::QCamera3Channel::~QCamera3Channel(): deleting channel 9218
01-05 15:36:18.066   197   197 E QCamera3Channel: virtual qcamera::QCamera3Channel::~QCamera3Channel(): deleting channel 8192
01-05 15:36:18.068   215  5631 E mm-camera: mct_pipeline_get_stream: no children
01-05 15:36:18.068   215  5631 E mm-camera: mct_pipeline_process_set:1451: Couldn't find stream
01-05 15:36:18.154  2153  2163 E ANDR-PERF-LOCK: Failed to reset optimization for resource: 4 level: 0
01-05 15:36:18.337  3312  5590 I native  : tensorflow_inference_jni.cc:202 End computing. Ran in 295ms (174ms avg over 116 runs)
01-05 15:36:18.337  3312  5590 I native  : tensorflow_inference_jni.cc:87 Found session variables for 7e906a6d147cafd9
01-05 15:36:18.337  3312  5590 I native  : tensorflow_inference_jni.cc:87 Found session variables for 7e906a6d147cafd9
01-05 15:36:20.674  1320  2862 E Auth    : [GoogleAccountDataServiceImpl] getToken() -> BAD_AUTHENTICATION. Account: <ELLIDED:-540182391>, App: com.android.vending, Service: androidsecure
01-05 15:36:20.674  1320  2862 E Auth    : dgn: Long live credential not available.
01-05 15:36:20.674  1320  2862 E Auth    : 	at dgo.a(:com.google.android.gms:3101)
01-05 15:36:20.674  1320  2862 E Auth    : 	at dfc.a(:com.google.android.gms:399)
01-05 15:36:20.674  1320  2862 E Auth    : 	at dfb.a(:com.google.android.gms:31371)
01-05 15:36:20.674  1320  2862 E Auth    : 	at dfb.a(:com.google.android.gms:313)
01-05 15:36:20.674  1320  2862 E Auth    : 	at egq.a(:com.google.android.gms:1201)
01-05 15:36:20.674  1320  2862 E Auth    : 	at ego.a(:com.google.android.gms:3554)
01-05 15:36:20.674  1320  2862 E Auth    : 	at ego.a(:com.google.android.gms:3196)
01-05 15:36:20.674  1320  2862 E Auth    : 	at dbp.a(:com.google.android.gms:349)
01-05 15:36:20.674  1320  2862 E Auth    : 	at dbp.a(:com.google.android.gms:213)
01-05 15:36:20.674  1320  2862 E Auth    : 	at dby.a(:com.google.android.gms:1501)
01-05 15:36:20.674  1320  2862 E Auth    : 	at dbx.a(:com.google.android.gms:914)
01-05 15:36:20.674  1320  2862 E Auth    : 	at dbx.e(:com.google.android.gms:526)
01-05 15:36:20.674  1320  2862 E Auth    : 	at dbw.a(:com.google.android.gms:37)
01-05 15:36:20.674  1320  2862 E Auth    : 	at ddj.getAuthToken(:com.google.android.gms:181)
01-05 15:36:20.674  1320  2862 E Auth    : 	at android.accounts.AbstractAccountAuthenticator$Transport.getAuthToken(AbstractAccountAuthenticator.java:214)
01-05 15:36:20.674  1320  2862 E Auth    : 	at android.accounts.IAccountAuthenticator$Stub.onTransact(IAccountAuthenticator.java:113)
01-05 15:36:20.674  1320  2862 E Auth    : 	at android.os.Binder.execTransact(Binder.java:453)
01-05 15:36:40.953  1626  1633 E DataBuffer: Internal data leak within a DataBuffer object detected!  Be sure to explicitly call release() on all DataBuffer extending objects when you are done with them. (com.google.android.gms.wearable.DataItemBuffer@89c1b00)
01-05 15:36:41.028  1320  2675 E Auth    : [GoogleAccountDataServiceImpl] getToken() -> BAD_AUTHENTICATION. Account: <ELLIDED:-540182391>, App: com.google.android.gms, Service: oauth2: email
01-05 15:36:41.028  1320  2675 E Auth    : dgn: Long live credential not available.
01-05 15:36:41.028  1320  2675 E Auth    : 	at dgo.a(:com.google.android.gms:3101)
01-05 15:36:41.028  1320  2675 E Auth    : 	at dfc.a(:com.google.android.gms:399)
01-05 15:36:41.028  1320  2675 E Auth    : 	at dfb.a(:com.google.android.gms:31371)
01-05 15:36:41.028  1320  2675 E Auth    : 	at dfb.a(:com.google.android.gms:313)
01-05 15:36:41.028  1320  2675 E Auth    : 	at egq.a(:com.google.android.gms:1201)
01-05 15:36:41.028  1320  2675 E Auth    : 	at ego.a(:com.google.android.gms:3554)
01-05 15:36:41.028  1320  2675 E Auth    : 	at ego.a(:com.google.android.gms:3196)
01-05 15:36:41.028  1320  2675 E Auth    : 	at dbp.a(:com.google.android.gms:349)
01-05 15:36:41.028  1320  2675 E Auth    : 	at dbp.a(:com.google.android.gms:213)
01-05 15:36:41.028  1320  2675 E Auth    : 	at bcn.onTransact(:com.google.android.gms:137)
01-05 15:36:41.028  1320  2675 E Auth    : 	at android.os.Binder.execTransact(Binder.java:453)
01-05 15:36:41.049  1320  1327 E DataBuffer: Internal data leak within a DataBuffer object detected!  Be sure to explicitly call release() on all DataBuffer extending objects when you are done with them. (internal object: com.google.android.gms.common.data.DataHolder@9e1d6da)
01-05 15:36:41.049  1320  1327 E DataBuffer: Internal data leak within a DataBuffer object detected!  Be sure to explicitly call release() on all DataBuffer extending objects when you are done with them. (internal object: com.google.android.gms.common.data.DataHolder@b3b170b)
01-05 15:36:41.050  1320  1327 E DataBuffer: Internal data leak within a DataBuffer object detected!  Be sure to explicitly call release() on all DataBuffer extending objects when you are done with them. (internal object: com.google.android.gms.common.data.DataHolder@6b059e8)
01-05 15:36:41.051  1320  1327 E DataBuffer: Internal data leak within a DataBuffer object detected!  Be sure to explicitly call release() on all DataBuffer extending objects when you are done with them. (internal object: com.google.android.gms.common.data.DataHolder@5eb2801)
01-05 15:36:41.189  1320  2539 E Auth    : [GoogleAccountDataServiceImpl] getToken() -> BAD_AUTHENTICATION. Account: <ELLIDED:-540182391>, App: com.android.vending, Service: androidsecure
01-05 15:36:41.189  1320  2539 E Auth    : dgn: Long live credential not available.
01-05 15:36:41.189  1320  2539 E Auth    : 	at dgo.a(:com.google.android.gms:3101)
01-05 15:36:41.189  1320  2539 E Auth    : 	at dfc.a(:com.google.android.gms:399)
01-05 15:36:41.189  1320  2539 E Auth    : 	at dfb.a(:com.google.android.gms:31371)
01-05 15:36:41.189  1320  2539 E Auth    : 	at dfb.a(:com.google.android.gms:313)
01-05 15:36:41.189  1320  2539 E Auth    : 	at egq.a(:com.google.android.gms:1201)
01-05 15:36:41.189  1320  2539 E Auth    : 	at ego.a(:com.google.android.gms:3554)
01-05 15:36:41.189  1320  2539 E Auth    : 	at ego.a(:com.google.android.gms:3196)
01-05 15:36:41.189  1320  2539 E Auth    : 	at dbp.a(:com.google.android.gms:349)
01-05 15:36:41.189  1320  2539 E Auth    : 	at dbp.a(:com.google.android.gms:213)
01-05 15:36:41.189  1320  2539 E Auth    : 	at dby.a(:com.google.android.gms:1501)
01-05 15:36:41.189  1320  2539 E Auth    : 	at dbx.a(:com.google.android.gms:914)
01-05 15:36:41.189  1320  2539 E Auth    : 	at dbx.e(:com.google.android.gms:526)
01-05 15:36:41.189  1320  2539 E Auth    : 	at dbw.a(:com.google.android.gms:37)
01-05 15:36:41.189  1320  2539 E Auth    : 	at ddj.getAuthToken(:com.google.android.gms:181)
01-05 15:36:41.189  1320  2539 E Auth    : 	at android.accounts.AbstractAccountAuthenticator$Transport.getAuthToken(AbstractAccountAuthenticator.java:214)
01-05 15:36:41.189  1320  2539 E Auth    : 	at android.accounts.IAccountAuthenticator$Stub.onTransact(IAccountAuthenticator.java:113)
01-05 15:36:41.189  1320  2539 E Auth    : 	at android.os.Binder.execTransact(Binder.java:453)
01-05 15:37:01.444  1320  1858 E Auth    : [GoogleAccountDataServiceImpl] getToken() -> BAD_AUTHENTICATION. Account: <ELLIDED:-540182391>, App: com.android.vending, Service: androidsecure
01-05 15:37:01.444  1320  1858 E Auth    : dgn: Long live credential not available.
01-05 15:37:01.444  1320  1858 E Auth    : 	at dgo.a(:com.google.android.gms:3101)
01-05 15:37:01.444  1320  1858 E Auth    : 	at dfc.a(:com.google.android.gms:399)
01-05 15:37:01.444  1320  1858 E Auth    : 	at dfb.a(:com.google.android.gms:31371)
01-05 15:37:01.444  1320  1858 E Auth    : 	at dfb.a(:com.google.android.gms:313)
01-05 15:37:01.444  1320  1858 E Auth    : 	at egq.a(:com.google.android.gms:1201)
01-05 15:37:01.444  1320  1858 E Auth    : 	at ego.a(:com.google.android.gms:3554)
01-05 15:37:01.444  1320  1858 E Auth    : 	at ego.a(:com.google.android.gms:3196)
01-05 15:37:01.444  1320  1858 E Auth    : 	at dbp.a(:com.google.android.gms:349)
01-05 15:37:01.444  1320  1858 E Auth    : 	at dbp.a(:com.google.android.gms:213)
01-05 15:37:01.444  1320  1858 E Auth    : 	at dby.a(:com.google.android.gms:1501)
01-05 15:37:01.444  1320  1858 E Auth    : 	at dbx.a(:com.google.android.gms:914)
01-05 15:37:01.444  1320  1858 E Auth    : 	at dbx.e(:com.google.android.gms:526)
01-05 15:37:01.444  1320  1858 E Auth    : 	at dbw.a(:com.google.android.gms:37)
01-05 15:37:01.444  1320  1858 E Auth    : 	at ddj.getAuthToken(:com.google.android.gms:181)
01-05 15:37:01.444  1320  1858 E Auth    : 	at android.accounts.AbstractAccountAuthenticator$Transport.getAuthToken(AbstractAccountAuthenticator.java:214)
01-05 15:37:01.444  1320  1858 E Auth    : 	at android.accounts.IAccountAuthenticator$Stub.onTransact(IAccountAuthenticator.java:113)
01-05 15:37:01.444  1320  1858 E Auth    : 	at android.os.Binder.execTransact(Binder.java:453)
01-05 15:37:07.291  1320  2539 E Auth    : [GoogleAccountDataServiceImpl] getToken() -> BAD_AUTHENTICATION. Account: <ELLIDED:-540182391>, App: com.google.android.gms, Service: oauth2:https://www.googleapis.com/auth/games
01-05 15:37:07.291  1320  2539 E Auth    : dgn: Long live credential not available.
01-05 15:37:07.291  1320  2539 E Auth    : 	at dgo.a(:com.google.android.gms:3101)
01-05 15:37:07.291  1320  2539 E Auth    : 	at dfc.a(:com.google.android.gms:399)
01-05 15:37:07.291  1320  2539 E Auth    : 	at dfb.a(:com.google.android.gms:31371)
01-05 15:37:07.291  1320  2539 E Auth    : 	at dfb.a(:com.google.android.gms:313)
01-05 15:37:07.291  1320  2539 E Auth    : 	at egq.a(:com.google.android.gms:1201)
01-05 15:37:07.291  1320  2539 E Auth    : 	at ego.a(:com.google.android.gms:3554)
01-05 15:37:07.291  1320  2539 E Auth    : 	at ego.a(:com.google.android.gms:3196)
01-05 15:37:07.291  1320  2539 E Auth    : 	at dbp.a(:com.google.android.gms:349)
01-05 15:37:07.291  1320  2539 E Auth    : 	at dbp.a(:com.google.android.gms:213)
01-05 15:37:07.291  1320  2539 E Auth    : 	at dby.a(:com.google.android.gms:1501)
01-05 15:37:07.291  1320  2539 E Auth    : 	at dbx.a(:com.google.android.gms:914)
01-05 15:37:07.291  1320  2539 E Auth    : 	at dbx.e(:com.google.android.gms:526)
01-05 15:37:07.291  1320  2539 E Auth    : 	at dbw.a(:com.google.android.gms:37)
01-05 15:37:07.291  1320  2539 E Auth    : 	at ddj.getAuthToken(:com.google.android.gms:181)
01-05 15:37:07.291  1320  2539 E Auth    : 	at android.accounts.AbstractAccountAuthenticator$Transport.getAuthToken(AbstractAccountAuthenticator.java:214)
01-05 15:37:07.291  1320  2539 E Auth    : 	at android.accounts.IAccountAuthenticator$Stub.onTransact(IAccountAuthenticator.java:113)
01-05 15:37:07.291  1320  2539 E Auth    : 	at android.os.Binder.execTransact(Binder.java:453)
01-05 15:37:21.670  1320  2539 E Auth    : [GoogleAccountDataServiceImpl] getToken() -> BAD_AUTHENTICATION. Account: <ELLIDED:-540182391>, App: com.android.vending, Service: androidsecure
01-05 15:37:21.670  1320  2539 E Auth    : dgn: Long live credential not available.
01-05 15:37:21.670  1320  2539 E Auth    : 	at dgo.a(:com.google.android.gms:3101)
01-05 15:37:21.670  1320  2539 E Auth    : 	at dfc.a(:com.google.android.gms:399)
01-05 15:37:21.670  1320  2539 E Auth    : 	at dfb.a(:com.google.android.gms:31371)
01-05 15:37:21.670  1320  2539 E Auth    : 	at dfb.a(:com.google.android.gms:313)
01-05 15:37:21.670  1320  2539 E Auth    : 	at egq.a(:com.google.android.gms:1201)
01-05 15:37:21.670  1320  2539 E Auth    : 	at ego.a(:com.google.android.gms:3554)
01-05 15:37:21.670  1320  2539 E Auth    : 	at ego.a(:com.google.android.gms:3196)
01-05 15:37:21.670  1320  2539 E Auth    : 	at dbp.a(:com.google.android.gms:349)
01-05 15:37:21.670  1320  2539 E Auth    : 	at dbp.a(:com.google.android.gms:213)
01-05 15:37:21.670  1320  2539 E Auth    : 	at dby.a(:com.google.android.gms:1501)
01-05 15:37:21.670  1320  2539 E Auth    : 	at dbx.a(:com.google.android.gms:914)
01-05 15:37:21.670  1320  2539 E Auth    : 	at dbx.e(:com.google.android.gms:526)
01-05 15:37:21.670  1320  2539 E Auth    : 	at dbw.a(:com.google.android.gms:37)
01-05 15:37:21.670  1320  2539 E Auth    : 	at ddj.getAuthToken(:com.google.android.gms:181)
01-05 15:37:21.670  1320  2539 E Auth    : 	at android.accounts.AbstractAccountAuthenticator$Transport.getAuthToken(AbstractAccountAuthenticator.java:214)
01-05 15:37:21.670  1320  2539 E Auth    : 	at android.accounts.IAccountAuthenticator$Stub.onTransact(IAccountAuthenticator.java:113)
01-05 15:37:21.670  1320  2539 E Auth    : 	at android.os.Binder.execTransact(Binder.java:453)
